Archive member included because of file (symbol)

c:/altera/13.0sp1/nios2eds/bin/gnu/h-i686-mingw32/bin/../lib/gcc/nios2-elf/4.1.2/../../../../nios2-elf/lib/mno-hw-mul\libm.a(lib_a-w_pow.o)
                              obj/default/print_screens.o (pow)
c:/altera/13.0sp1/nios2eds/bin/gnu/h-i686-mingw32/bin/../lib/gcc/nios2-elf/4.1.2/../../../../nios2-elf/lib/mno-hw-mul\libm.a(lib_a-e_pow.o)
                              c:/altera/13.0sp1/nios2eds/bin/gnu/h-i686-mingw32/bin/../lib/gcc/nios2-elf/4.1.2/../../../../nios2-elf/lib/mno-hw-mul\libm.a(lib_a-w_pow.o) (__ieee754_pow)
c:/altera/13.0sp1/nios2eds/bin/gnu/h-i686-mingw32/bin/../lib/gcc/nios2-elf/4.1.2/../../../../nios2-elf/lib/mno-hw-mul\libm.a(lib_a-e_sqrt.o)
                              c:/altera/13.0sp1/nios2eds/bin/gnu/h-i686-mingw32/bin/../lib/gcc/nios2-elf/4.1.2/../../../../nios2-elf/lib/mno-hw-mul\libm.a(lib_a-e_pow.o) (__ieee754_sqrt)
c:/altera/13.0sp1/nios2eds/bin/gnu/h-i686-mingw32/bin/../lib/gcc/nios2-elf/4.1.2/../../../../nios2-elf/lib/mno-hw-mul\libm.a(lib_a-s_fabs.o)
                              c:/altera/13.0sp1/nios2eds/bin/gnu/h-i686-mingw32/bin/../lib/gcc/nios2-elf/4.1.2/../../../../nios2-elf/lib/mno-hw-mul\libm.a(lib_a-e_pow.o) (fabs)
c:/altera/13.0sp1/nios2eds/bin/gnu/h-i686-mingw32/bin/../lib/gcc/nios2-elf/4.1.2/../../../../nios2-elf/lib/mno-hw-mul\libm.a(lib_a-s_finite.o)
                              c:/altera/13.0sp1/nios2eds/bin/gnu/h-i686-mingw32/bin/../lib/gcc/nios2-elf/4.1.2/../../../../nios2-elf/lib/mno-hw-mul\libm.a(lib_a-w_pow.o) (finite)
c:/altera/13.0sp1/nios2eds/bin/gnu/h-i686-mingw32/bin/../lib/gcc/nios2-elf/4.1.2/../../../../nios2-elf/lib/mno-hw-mul\libm.a(lib_a-s_isnand.o)
                              c:/altera/13.0sp1/nios2eds/bin/gnu/h-i686-mingw32/bin/../lib/gcc/nios2-elf/4.1.2/../../../../nios2-elf/lib/mno-hw-mul\libm.a(lib_a-w_pow.o) (__isnand)
c:/altera/13.0sp1/nios2eds/bin/gnu/h-i686-mingw32/bin/../lib/gcc/nios2-elf/4.1.2/../../../../nios2-elf/lib/mno-hw-mul\libm.a(lib_a-s_lib_ver.o)
                              c:/altera/13.0sp1/nios2eds/bin/gnu/h-i686-mingw32/bin/../lib/gcc/nios2-elf/4.1.2/../../../../nios2-elf/lib/mno-hw-mul\libm.a(lib_a-w_pow.o) (__fdlib_version)
c:/altera/13.0sp1/nios2eds/bin/gnu/h-i686-mingw32/bin/../lib/gcc/nios2-elf/4.1.2/../../../../nios2-elf/lib/mno-hw-mul\libm.a(lib_a-s_matherr.o)
                              c:/altera/13.0sp1/nios2eds/bin/gnu/h-i686-mingw32/bin/../lib/gcc/nios2-elf/4.1.2/../../../../nios2-elf/lib/mno-hw-mul\libm.a(lib_a-w_pow.o) (matherr)
c:/altera/13.0sp1/nios2eds/bin/gnu/h-i686-mingw32/bin/../lib/gcc/nios2-elf/4.1.2/../../../../nios2-elf/lib/mno-hw-mul\libm.a(lib_a-s_nan.o)
                              c:/altera/13.0sp1/nios2eds/bin/gnu/h-i686-mingw32/bin/../lib/gcc/nios2-elf/4.1.2/../../../../nios2-elf/lib/mno-hw-mul\libm.a(lib_a-e_pow.o) (nan)
c:/altera/13.0sp1/nios2eds/bin/gnu/h-i686-mingw32/bin/../lib/gcc/nios2-elf/4.1.2/../../../../nios2-elf/lib/mno-hw-mul\libm.a(lib_a-s_rint.o)
                              c:/altera/13.0sp1/nios2eds/bin/gnu/h-i686-mingw32/bin/../lib/gcc/nios2-elf/4.1.2/../../../../nios2-elf/lib/mno-hw-mul\libm.a(lib_a-w_pow.o) (rint)
c:/altera/13.0sp1/nios2eds/bin/gnu/h-i686-mingw32/bin/../lib/gcc/nios2-elf/4.1.2/../../../../nios2-elf/lib/mno-hw-mul\libm.a(lib_a-s_scalbn.o)
                              c:/altera/13.0sp1/nios2eds/bin/gnu/h-i686-mingw32/bin/../lib/gcc/nios2-elf/4.1.2/../../../../nios2-elf/lib/mno-hw-mul\libm.a(lib_a-e_pow.o) (scalbn)
c:/altera/13.0sp1/nios2eds/bin/gnu/h-i686-mingw32/bin/../lib/gcc/nios2-elf/4.1.2/../../../../nios2-elf/lib/mno-hw-mul\libm.a(lib_a-s_copysign.o)
                              c:/altera/13.0sp1/nios2eds/bin/gnu/h-i686-mingw32/bin/../lib/gcc/nios2-elf/4.1.2/../../../../nios2-elf/lib/mno-hw-mul\libm.a(lib_a-s_scalbn.o) (copysign)
c:/altera/13.0sp1/nios2eds/bin/gnu/h-i686-mingw32/bin/../lib/gcc/nios2-elf/4.1.2/mno-hw-mul\libgcc.a(_addsub_df.o)
                              c:/altera/13.0sp1/nios2eds/bin/gnu/h-i686-mingw32/bin/../lib/gcc/nios2-elf/4.1.2/../../../../nios2-elf/lib/mno-hw-mul\libm.a(lib_a-e_pow.o) (__subdf3)
c:/altera/13.0sp1/nios2eds/bin/gnu/h-i686-mingw32/bin/../lib/gcc/nios2-elf/4.1.2/mno-hw-mul\libgcc.a(_mul_df.o)
                              obj/default/print_screens.o (__muldf3)
c:/altera/13.0sp1/nios2eds/bin/gnu/h-i686-mingw32/bin/../lib/gcc/nios2-elf/4.1.2/mno-hw-mul\libgcc.a(_div_df.o)
                              c:/altera/13.0sp1/nios2eds/bin/gnu/h-i686-mingw32/bin/../lib/gcc/nios2-elf/4.1.2/../../../../nios2-elf/lib/mno-hw-mul\libm.a(lib_a-w_pow.o) (__divdf3)
c:/altera/13.0sp1/nios2eds/bin/gnu/h-i686-mingw32/bin/../lib/gcc/nios2-elf/4.1.2/mno-hw-mul\libgcc.a(_eq_df.o)
                              c:/altera/13.0sp1/nios2eds/bin/gnu/h-i686-mingw32/bin/../lib/gcc/nios2-elf/4.1.2/../../../../nios2-elf/lib/mno-hw-mul\libm.a(lib_a-w_pow.o) (__eqdf2)
[...]
Memory Configuration

Name             Origin             Length             Attributes
sdram_0          0x02000000         0x02000000
onchip_memory2_BEFORE_EXCEPTION 0x04010000         0x00000020
onchip_memory2   0x04010020         0x0000afa8
reset            0x04022800         0x00000020
epcs_flash_controller 0x04022820         0x000007e0
*default*        0x00000000         0xffffffff

Linker script and memory map

LOAD ../A1_bsp//obj/HAL/src/crt0.o
LOAD obj/default/data.o
LOAD obj/default/main.o
LOAD obj/default/print_functions.o
LOAD obj/default/print_screens.o
LOAD obj/default/process_entry.o
LOAD c:/altera/13.0sp1/nios2eds/bin/gnu/h-i686-mingw32/bin/../lib/gcc/nios2-elf/4.1.2/../../../../nios2-elf/lib/mno-hw-mul\libstdc++.a
LOAD c:/altera/13.0sp1/nios2eds/bin/gnu/h-i686-mingw32/bin/../lib/gcc/nios2-elf/4.1.2/../../../../nios2-elf/lib/mno-hw-mul\libm.a
LOAD c:/altera/13.0sp1/nios2eds/bin/gnu/h-i686-mingw32/bin/../lib/gcc/nios2-elf/4.1.2/mno-hw-mul\libgcc.a
START GROUP
LOAD c:/altera/13.0sp1/nios2eds/bin/gnu/h-i686-mingw32/bin/../lib/gcc/nios2-elf/4.1.2/../../../../nios2-elf/lib/mno-hw-mul\libc.a
LOAD c:/altera/13.0sp1/nios2eds/bin/gnu/h-i686-mingw32/bin/../lib/gcc/nios2-elf/4.1.2/mno-hw-mul\libgcc.a
LOAD ../A1_bsp/\libhal_bsp.a
END GROUP
LOAD c:/altera/13.0sp1/nios2eds/bin/gnu/h-i686-mingw32/bin/../lib/gcc/nios2-elf/4.1.2/mno-hw-mul\libgcc.a
                0x02000000                __alt_mem_sdram_0 = 0x2000000
                0x04010000                __alt_mem_onchip_memory2 = 0x4010000
                0x04022800                __alt_mem_epcs_flash_controller = 0x4022800

.entry          0x04022800        0x0
 *(.entry)
 .entry         0x04022800        0x0 ../A1_bsp//obj/HAL/src/crt0.o
                0x04022800                __reset

.exceptions     0x04010020      0x194
                0x04010020                PROVIDE (__ram_exceptions_start, ABSOLUTE (.))
                0x04010020                . = ALIGN (0x20)
 *(.irq)
 *(.exceptions.entry.label)
 .exceptions.entry.label
                0x04010020        0x0 ../A1_bsp/\libhal_bsp.a(alt_irq_entry.o)
                0x04010020                alt_irq_entry
 .exceptions.entry.label
                0x04010020        0x0 ../A1_bsp/\libhal_bsp.a(alt_exception_entry.o)
                0x04010020                alt_exception
 *(.exceptions.entry.user)
 *(.exceptions.entry)
 .exceptions.entry
                0x04010020       0x54 ../A1_bsp/\libhal_bsp.a(alt_exception_entry.o)
 *(.exceptions.irqtest.user)
 *(.exceptions.irqtest)
 .exceptions.irqtest
                0x04010074       0x10 ../A1_bsp/\libhal_bsp.a(alt_irq_entry.o)
 *(.exceptions.irqhandler.user)
 *(.exceptions.irqhandler)
 .exceptions.irqhandler
                0x04010084        0x4 ../A1_bsp/\libhal_bsp.a(alt_irq_entry.o)
 *(.exceptions.irqreturn.user)
 *(.exceptions.irqreturn)
 .exceptions.irqreturn
                0x04010088        0x4 ../A1_bsp/\libhal_bsp.a(alt_irq_entry.o)
 *(.exceptions.notirq.label)
 .exceptions.notirq.label
                0x0401008c        0x0 ../A1_bsp/\libhal_bsp.a(alt_irq_entry.o)
 *(.exceptions.notirq.user)
 *(.exceptions.notirq)
 .exceptions.notirq
                0x0401008c        0x8 ../A1_bsp/\libhal_bsp.a(alt_exception_entry.o)
 *(.exceptions.soft.user)
 *(.exceptions.soft)
 *(.exceptions.unknown.user)
 *(.exceptions.unknown)
 .exceptions.unknown
                0x04010094        0x4 ../A1_bsp/\libhal_bsp.a(alt_exception_entry.o)
 *(.exceptions.exit.label)
 .exceptions.exit.label
                0x04010098        0x0 ../A1_bsp/\libhal_bsp.a(alt_irq_entry.o)
 .exceptions.exit.label
                0x04010098        0x0 ../A1_bsp/\libhal_bsp.a(alt_exception_entry.o)
 *(.exceptions.exit.user)
 *(.exceptions.exit)
 .exceptions.exit
                0x04010098       0x54 ../A1_bsp/\libhal_bsp.a(alt_exception_entry.o)
 *(.exceptions)
 .exceptions    0x040100ec       0xc8 ../A1_bsp/\libhal_bsp.a(alt_irq_handler.o)
                0x040100ec                alt_irq_handler
                0x040101b4                PROVIDE (__ram_exceptions_end, ABSOLUTE (.))
                0x04010020                PROVIDE (__flash_exceptions_start, LOADADDR (.exceptions))

.text           0x02000000     0x98a4
                0x02000000                PROVIDE (stext, ABSOLUTE (.))
 *(.interp)
 *(.hash)
 *(.dynsym)
 *(.dynstr)
 *(.gnu.version)
 *(.gnu.version_d)
 *(.gnu.version_r)
 *(.rel.init)
 *(.rela.init)
 *(.rel.text .rel.text.* .rel.gnu.linkonce.t.*)
 *(.rela.text .rela.text.* .rela.gnu.linkonce.t.*)
 *(.rel.fini)
 *(.rela.fini)
 *(.rel.rodata .rel.rodata.* .rel.gnu.linkonce.r.*)
 *(.rela.rodata .rela.rodata.* .rela.gnu.linkonce.r.*)
 *(.rel.data .rel.data.* .rel.gnu.linkonce.d.*)
 *(.rela.data .rela.data.* .rela.gnu.linkonce.d.*)
 *(.rel.tdata .rel.tdata.* .rel.gnu.linkonce.td.*)
 *(.rela.tdata .rela.tdata.* .rela.gnu.linkonce.td.*)
 *(.rel.tbss .rel.tbss.* .rel.gnu.linkonce.tb.*)
 *(.rela.tbss .rela.tbss.* .rela.gnu.linkonce.tb.*)
 *(.rel.ctors)
 *(.rela.ctors)
 *(.rel.dtors)
 *(.rela.dtors)
 *(.rel.got)
 *(.rela.got)
 *(.rel.sdata .rel.sdata.* .rel.gnu.linkonce.s.*)
 *(.rela.sdata .rela.sdata.* .rela.gnu.linkonce.s.*)
 *(.rel.sbss .rel.sbss.* .rel.gnu.linkonce.sb.*)
 *(.rela.sbss .rela.sbss.* .rela.gnu.linkonce.sb.*)
 *(.rel.sdata2 .rel.sdata2.* .rel.gnu.linkonce.s2.*)
 *(.rela.sdata2 .rela.sdata2.* .rela.gnu.linkonce.s2.*)
 *(.rel.sbss2 .rel.sbss2.* .rel.gnu.linkonce.sb2.*)
 *(.rela.sbss2 .rela.sbss2.* .rela.gnu.linkonce.sb2.*)
 *(.rel.bss .rel.bss.* .rel.gnu.linkonce.b.*)
 *(.rela.bss .rela.bss.* .rela.gnu.linkonce.b.*)
 *(.rel.plt)
 *(.rela.plt)
 *(.rel.dyn)
 *(.init)
 *(.plt)
 *(.text .stub .text.* .gnu.linkonce.t.*)
 .text          0x02000000       0x38 ../A1_bsp//obj/HAL/src/crt0.o
                0x02000000                _start
 .text          0x02000038        0x0 obj/default/data.o
 .text          0x02000038      0x608 obj/default/main.o
                0x02000038                main
 .text          0x02000640      0x844 obj/default/print_functions.o
                0x02000640                vPutChar
                0x02000694                vPrintNum
                0x020006cc                vCursor
                0x020007d0                vPrintTxt
                0x0200084c                vPrintNlz
                0x020009f4                vPrintFix
 .text          0x02000e84      0x810 obj/default/print_screens.o
                0x02000e84                vPrintStaticScreen1
                0x02001140                vPrintDynamicScreen1
 .text          0x02001694      0x9a0 obj/default/process_entry.o
                0x02001694                vProcessNewKey
                0x0200176c                vMonitorDiagnostic
                0x02001880                vProcessInputValue
                0x02001a04                vInitializePWMs
                0x02001b10                processing
                0x02001e2c                filter
                0x02001e84                vSetServoPWM
                0x02001f58                vSetThrottle
                0x02001fa4                vEchoChar
                0x02001ff8                vEraseCommand
 .text          0x02002034      0x488 c:/altera/13.0sp1/nios2eds/bin/gnu/h-i686-mingw32/bin/../lib/gcc/nios2-elf/4.1.2/../../../../nios2-elf/lib/mno-hw-mul\libm.a(lib_a-w_pow.o)
                0x02002034                pow
 .text          0x020024bc     0x1300 c:/altera/13.0sp1/nios2eds/bin/gnu/h-i686-mingw32/bin/../lib/gcc/nios2-elf/4.1.2/../../../../nios2-elf/lib/mno-hw-mul\libm.a(lib_a-e_pow.o)
                0x020024bc                __ieee754_pow
 .text          0x020037bc      0x2c8 c:/altera/13.0sp1/nios2eds/bin/gnu/h-i686-mingw32/bin/../lib/gcc/nios2-elf/4.1.2/../../../../nios2-elf/lib/mno-hw-mul\libm.a(lib_a-e_sqrt.o)
                0x020037bc                __ieee754_sqrt
 .text          0x02003a84       0x18 c:/altera/13.0sp1/nios2eds/bin/gnu/h-i686-mingw32/bin/../lib/gcc/nios2-elf/4.1.2/../../../../nios2-elf/lib/mno-hw-mul\libm.a(lib_a-s_fabs.o)
                0x02003a84                fabs
 .text          0x02003a9c       0x1c c:/altera/13.0sp1/nios2eds/bin/gnu/h-i686-mingw32/bin/../lib/gcc/nios2-elf/4.1.2/../../../../nios2-elf/lib/mno-hw-mul\libm.a(lib_a-s_finite.o)
                0x02003a9c                finite
 .text          0x02003ab8       0x30 c:/altera/13.0sp1/nios2eds/bin/gnu/h-i686-mingw32/bin/../lib/gcc/nios2-elf/4.1.2/../../../../nios2-elf/lib/mno-hw-mul\libm.a(lib_a-s_isnand.o)
                0x02003ab8                __isnand
 .text          0x02003ae8        0x0 c:/altera/13.0sp1/nios2eds/bin/gnu/h-i686-mingw32/bin/../lib/gcc/nios2-elf/4.1.2/../../../../nios2-elf/lib/mno-hw-mul\libm.a(lib_a-s_lib_ver.o)
 .text          0x02003ae8        0x8 c:/altera/13.0sp1/nios2eds/bin/gnu/h-i686-mingw32/bin/../lib/gcc/nios2-elf/4.1.2/../../../../nios2-elf/lib/mno-hw-mul\libm.a(lib_a-s_matherr.o)
                0x02003ae8                matherr
 .text          0x02003af0       0x10 c:/altera/13.0sp1/nios2eds/bin/gnu/h-i686-mingw32/bin/../lib/gcc/nios2-elf/4.1.2/../../../../nios2-elf/lib/mno-hw-mul\libm.a(lib_a-s_nan.o)
                0x02003af0                nan
 .text          0x02003b00      0x210 c:/altera/13.0sp1/nios2eds/bin/gnu/h-i686-mingw32/bin/../lib/gcc/nios2-elf/4.1.2/../../../../nios2-elf/lib/mno-hw-mul\libm.a(lib_a-s_rint.o)
                0x02003b00                rint
 .text          0x02003d10      0x1e0 c:/altera/13.0sp1/nios2eds/bin/gnu/h-i686-mingw32/bin/../lib/gcc/nios2-elf/4.1.2/../../../../nios2-elf/lib/mno-hw-mul\libm.a(lib_a-s_scalbn.o)
                0x02003d10                scalbn
 .text          0x02003ef0       0x24 c:/altera/13.0sp1/nios2eds/bin/gnu/h-i686-mingw32/bin/../lib/gcc/nios2-elf/4.1.2/../../../../nios2-elf/lib/mno-hw-mul\libm.a(lib_a-s_copysign.o)
                0x02003ef0                copysign
 .text          0x02003f14      0x504 c:/altera/13.0sp1/nios2eds/bin/gnu/h-i686-mingw32/bin/../lib/gcc/nios2-elf/4.1.2/mno-hw-mul\libgcc.a(_addsub_df.o)
                0x02004324                __subdf3
                0x020043a4                __adddf3
 .text          0x02004418      0x3c4 c:/altera/13.0sp1/nios2eds/bin/gnu/h-i686-mingw32/bin/../lib/gcc/nios2-elf/4.1.2/mno-hw-mul\libgcc.a(_mul_df.o)
                0x02004418                __muldf3
 .text          0x020047dc      0x258 c:/altera/13.0sp1/nios2eds/bin/gnu/h-i686-mingw32/bin/../lib/gcc/nios2-elf/4.1.2/mno-hw-mul\libgcc.a(_div_df.o)
                0x020047dc                __divdf3
 .text          0x02004a34       0x88 c:/altera/13.0sp1/nios2eds/bin/gnu/h-i686-mingw32/bin/../lib/gcc/nios2-elf/4.1.2/mno-hw-mul\libgcc.a(_eq_df.o)
                0x02004a34                __eqdf2
 .text          0x02004abc       0x88 c:/altera/13.0sp1/nios2eds/bin/gnu/h-i686-mingw32/bin/../lib/gcc/nios2-elf/4.1.2/mno-hw-mul\libgcc.a(_ne_df.o)
                0x02004abc                __nedf2
 .text          0x02004b44       0x88 c:/altera/13.0sp1/nios2eds/bin/gnu/h-i686-mingw32/bin/../lib/gcc/nios2-elf/4.1.2/mno-hw-mul\libgcc.a(_gt_df.o)
                0x02004b44                __gtdf2
 .text          0x02004bcc       0x88 c:/altera/13.0sp1/nios2eds/bin/gnu/h-i686-mingw32/bin/../lib/gcc/nios2-elf/4.1.2/mno-hw-mul\libgcc.a(_lt_df.o)
                0x02004bcc                __ltdf2
 .text          0x02004c54       0x88 c:/altera/13.0sp1/nios2eds/bin/gnu/h-i686-mingw32/bin/../lib/gcc/nios2-elf/4.1.2/mno-hw-mul\libgcc.a(_le_df.o)
                0x02004c54                __ledf2
 .text          0x02004cdc       0xf8 c:/altera/13.0sp1/nios2eds/bin/gnu/h-i686-mingw32/bin/../lib/gcc/nios2-elf/4.1.2/mno-hw-mul\libgcc.a(_si_to_df.o)
                0x02004cdc                __floatsidf
 .text          0x02004dd4       0xd8 c:/altera/13.0sp1/nios2eds/bin/gnu/h-i686-mingw32/bin/../lib/gcc/nios2-elf/4.1.2/mno-hw-mul\libgcc.a(_df_to_si.o)
                0x02004dd4                __fixdfsi
 .text          0x02004eac        0x0 c:/altera/13.0sp1/nios2eds/bin/gnu/h-i686-mingw32/bin/../lib/gcc/nios2-elf/4.1.2/mno-hw-mul\libgcc.a(_thenan_df.o)
 .text          0x02004eac      0x194 c:/altera/13.0sp1/nios2eds/bin/gnu/h-i686-mingw32/bin/../lib/gcc/nios2-elf/4.1.2/mno-hw-mul\libgcc.a(_usi_to_df.o)
                0x02004eac                __floatunsidf
 .text          0x02005040      0x14c c:/altera/13.0sp1/nios2eds/bin/gnu/h-i686-mingw32/bin/../lib/gcc/nios2-elf/4.1.2/mno-hw-mul\libgcc.a(lib2-divmod.o)
                0x020050bc                __divsi3
                0x0200511c                __modsi3
                0x0200517c                __udivsi3
                0x02005184                __umodsi3
 .text          0x0200518c       0x38 c:/altera/13.0sp1/nios2eds/bin/gnu/h-i686-mingw32/bin/../lib/gcc/nios2-elf/4.1.2/mno-hw-mul\libgcc.a(lib2-mul.o)
                0x0200518c                __mulsi3
 .text          0x020051c4      0x124 c:/altera/13.0sp1/nios2eds/bin/gnu/h-i686-mingw32/bin/../lib/gcc/nios2-elf/4.1.2/mno-hw-mul\libgcc.a(_muldi3.o)
                0x020051c4                __muldi3
 .text          0x020052e8       0x80 c:/altera/13.0sp1/nios2eds/bin/gnu/h-i686-mingw32/bin/../lib/gcc/nios2-elf/4.1.2/mno-hw-mul\libgcc.a(_clzsi2.o)
                0x020052e8                __clzsi2
 .text          0x02005368      0x314 c:/altera/13.0sp1/nios2eds/bin/gnu/h-i686-mingw32/bin/../lib/gcc/nios2-elf/4.1.2/mno-hw-mul\libgcc.a(_pack_df.o)
                0x02005368                __pack_d
 .text          0x0200567c      0x138 c:/altera/13.0sp1/nios2eds/bin/gnu/h-i686-mingw32/bin/../lib/gcc/nios2-elf/4.1.2/mno-hw-mul\libgcc.a(_unpack_df.o)
                0x0200567c                __unpack_d
 .text          0x020057b4       0xc8 c:/altera/13.0sp1/nios2eds/bin/gnu/h-i686-mingw32/bin/../lib/gcc/nios2-elf/4.1.2/mno-hw-mul\libgcc.a(_fpcmp_parts_df.o)
                0x020057b4                __fpcmp_parts_d
 .text          0x0200587c        0x0 c:/altera/13.0sp1/nios2eds/bin/gnu/h-i686-mingw32/bin/../lib/gcc/nios2-elf/4.1.2/mno-hw-mul\libgcc.a(_clz.o)
 .text          0x0200587c       0x10 c:/altera/13.0sp1/nios2eds/bin/gnu/h-i686-mingw32/bin/../lib/gcc/nios2-elf/4.1.2/../../../../nios2-elf/lib/mno-hw-mul\libc.a(lib_a-errno.o)
                0x0200587c                __errno
 .text          0x0200588c        0x0 c:/altera/13.0sp1/nios2eds/bin/gnu/h-i686-mingw32/bin/../lib/gcc/nios2-elf/4.1.2/../../../../nios2-elf/lib/mno-hw-mul\libc.a(lib_a-impure.o)
 .text          0x0200588c       0x6c ../A1_bsp/\libhal_bsp.a(alt_main.o)
                0x0200588c                alt_main
 .text          0x020058f8       0xf4 ../A1_bsp/\libhal_bsp.a(alt_sys_init.o)
                0x020058f8                alt_irq_init
                0x0200592c                alt_sys_init
 .text          0x020059ec      0x9e4 ../A1_bsp/\libhal_bsp.a(altera_avalon_epcs_flash_controller.o)
                0x020059ec                alt_epcs_flash_init
                0x02005e08                alt_epcs_flash_write
                0x02006088                alt_epcs_flash_get_info
                0x02006118                alt_epcs_flash_erase_block
                0x0200621c                alt_epcs_flash_write_block
                0x02006338                alt_epcs_flash_read
 .text          0x020063d0      0x148 ../A1_bsp/\libhal_bsp.a(altera_avalon_jtag_uart_fd.o)
                0x020063d0                altera_avalon_jtag_uart_read_fd
                0x02006428                altera_avalon_jtag_uart_write_fd
                0x02006480                altera_avalon_jtag_uart_close_fd
                0x020064c8                altera_avalon_jtag_uart_ioctl_fd
 .text          0x02006518      0x40c ../A1_bsp/\libhal_bsp.a(altera_avalon_jtag_uart_init.o)
                0x02006518                altera_avalon_jtag_uart_init
                0x020068b0                altera_avalon_jtag_uart_close
 .text          0x02006924       0xf4 ../A1_bsp/\libhal_bsp.a(altera_avalon_jtag_uart_ioctl.o)
                0x02006924                altera_avalon_jtag_uart_ioctl
 .text          0x02006a18      0x224 ../A1_bsp/\libhal_bsp.a(altera_avalon_jtag_uart_read.o)
                0x02006a18                altera_avalon_jtag_uart_read
 .text          0x02006c3c      0x240 ../A1_bsp/\libhal_bsp.a(altera_avalon_jtag_uart_write.o)
                0x02006c3c                altera_avalon_jtag_uart_write
 .text          0x02006e7c      0x100 ../A1_bsp/\libhal_bsp.a(altera_avalon_timer_sc.o)
                0x02006eec                alt_avalon_timer_sc_init
 .text          0x02006f7c       0xf8 ../A1_bsp/\libhal_bsp.a(altera_avalon_uart_fd.o)
                0x02006f7c                altera_avalon_uart_read_fd
                0x02006fd4                altera_avalon_uart_write_fd
                0x0200702c                altera_avalon_uart_close_fd
 .text          0x02007074      0x400 ../A1_bsp/\libhal_bsp.a(altera_avalon_uart_init.o)
                0x02007074                altera_avalon_uart_init
                0x02007414                altera_avalon_uart_close
 .text          0x02007474      0x290 ../A1_bsp/\libhal_bsp.a(altera_avalon_uart_read.o)
                0x02007474                altera_avalon_uart_read
 .text          0x02007704      0x228 ../A1_bsp/\libhal_bsp.a(altera_avalon_uart_write.o)
                0x02007704                altera_avalon_uart_write
 .text          0x0200792c      0x6d4 ../A1_bsp/\libhal_bsp.a(epcs_commands.o)
                0x0200792c                epcs_read_status_register
                0x0200798c                epcs_sector_erase
                0x02007af4                epcs_read_buffer
                0x02007c40                epcs_write_enable
                0x02007c90                epcs_write_status_register
                0x02007cf4                epcs_write_buffer
                0x02007e64                epcs_read_electronic_signature
                0x02007ed0                epcs_read_device_id
                0x02007f50                epcs_enter_4_bytes_mode
                0x02007fa8                epcs_exit_4_bytes_mode
 .text          0x02008000      0x154 ../A1_bsp/\libhal_bsp.a(alt_alarm_start.o)
                0x02008000                alt_alarm_start
 .text          0x02008154      0x160 ../A1_bsp/\libhal_bsp.a(alt_close.o)
                0x02008154                close
 .text          0x020082b4       0x2c ../A1_bsp/\libhal_bsp.a(alt_dev.o)
 .text          0x020082e0      0x114 ../A1_bsp/\libhal_bsp.a(alt_dev_llist_insert.o)
                0x020082e0                alt_dev_llist_insert
 .text          0x020083f4       0x64 ../A1_bsp/\libhal_bsp.a(alt_do_ctors.o)
                0x020083f4                _do_ctors
 .text          0x02008458       0x64 ../A1_bsp/\libhal_bsp.a(alt_do_dtors.o)
                0x02008458                _do_dtors
 .text          0x020084bc        0x0 ../A1_bsp/\libhal_bsp.a(alt_errno.o)
 .text          0x020084bc       0xd0 ../A1_bsp/\libhal_bsp.a(alt_flash_dev.o)
                0x020084bc                alt_flash_open_dev
                0x02008538                alt_flash_close_dev
 .text          0x0200858c      0x1d4 ../A1_bsp/\libhal_bsp.a(alt_iic.o)
                0x0200858c                alt_ic_isr_register
                0x020085dc                alt_ic_irq_enable
                0x02008678                alt_ic_irq_disable
                0x02008718                alt_ic_irq_enabled
 .text          0x02008760       0xf8 ../A1_bsp/\libhal_bsp.a(alt_iic_isr_register.o)
                0x02008760                alt_iic_isr_register
 .text          0x02008858      0x150 ../A1_bsp/\libhal_bsp.a(alt_io_redirect.o)
                0x02008930                alt_io_redirect
 .text          0x020089a8        0x0 ../A1_bsp/\libhal_bsp.a(alt_irq_entry.o)
 .text          0x020089a8        0x0 ../A1_bsp/\libhal_bsp.a(alt_irq_handler.o)
 .text          0x020089a8        0x0 ../A1_bsp/\libhal_bsp.a(alt_irq_vars.o)
 .text          0x020089a8      0x2e4 ../A1_bsp/\libhal_bsp.a(alt_open.o)
                0x02008aa0                open
 .text          0x02008c8c       0x78 ../A1_bsp/\libhal_bsp.a(alt_release_fd.o)
                0x02008c8c                alt_release_fd
 .text          0x02008d04      0x1a4 ../A1_bsp/\libhal_bsp.a(alt_tick.o)
                0x02008d04                alt_alarm_stop
                0x02008d9c                alt_tick
 .text          0x02008ea8       0x20 ../A1_bsp/\libhal_bsp.a(altera_nios2_qsys_irq.o)
                0x02008ea8                altera_nios2_qsys_irq_init
 .text          0x02008ec8      0x238 ../A1_bsp/\libhal_bsp.a(altera_avalon_spi.o)
                0x02008ec8                alt_avalon_spi_command
 .text          0x02009100        0x0 ../A1_bsp/\libhal_bsp.a(alt_exception_entry.o)
 .text          0x02009100       0x94 ../A1_bsp/\libhal_bsp.a(alt_find_dev.o)
                0x02009100                alt_find_dev
 .text          0x02009194      0x120 ../A1_bsp/\libhal_bsp.a(alt_find_file.o)
                0x02009194                alt_find_file
 .text          0x020092b4       0xd0 ../A1_bsp/\libhal_bsp.a(alt_get_fd.o)
                0x020092b4                alt_get_fd
 .text          0x02009384       0x14 c:/altera/13.0sp1/nios2eds/bin/gnu/h-i686-mingw32/bin/../lib/gcc/nios2-elf/4.1.2/../../../../nios2-elf/lib/mno-hw-mul\libc.a(lib_a-atexit.o)
                0x02009384                atexit
 .text          0x02009398       0x38 c:/altera/13.0sp1/nios2eds/bin/gnu/h-i686-mingw32/bin/../lib/gcc/nios2-elf/4.1.2/../../../../nios2-elf/lib/mno-hw-mul\libc.a(lib_a-exit.o)
                0x02009398                exit
 .text          0x020093d0        0x0 c:/altera/13.0sp1/nios2eds/bin/gnu/h-i686-mingw32/bin/../lib/gcc/nios2-elf/4.1.2/../../../../nios2-elf/lib/mno-hw-mul\libc.a(lib_a-int_errno.o)
 .text          0x020093d0       0x74 c:/altera/13.0sp1/nios2eds/bin/gnu/h-i686-mingw32/bin/../lib/gcc/nios2-elf/4.1.2/../../../../nios2-elf/lib/mno-hw-mul\libc.a(lib_a-memcmp.o)
                0x020093d0                memcmp
 .text          0x02009444       0xa0 c:/altera/13.0sp1/nios2eds/bin/gnu/h-i686-mingw32/bin/../lib/gcc/nios2-elf/4.1.2/../../../../nios2-elf/lib/mno-hw-mul\libc.a(lib_a-memcpy.o)
                0x02009444                memcpy
 .text          0x020094e4       0x74 c:/altera/13.0sp1/nios2eds/bin/gnu/h-i686-mingw32/bin/../lib/gcc/nios2-elf/4.1.2/../../../../nios2-elf/lib/mno-hw-mul\libc.a(lib_a-strlen.o)
                0x020094e4                strlen
 .text          0x02009558      0x134 c:/altera/13.0sp1/nios2eds/bin/gnu/h-i686-mingw32/bin/../lib/gcc/nios2-elf/4.1.2/../../../../nios2-elf/lib/mno-hw-mul\libc.a(lib_a-__atexit.o)
                0x02009558                __register_exitproc
 .text          0x0200968c      0x1b4 c:/altera/13.0sp1/nios2eds/bin/gnu/h-i686-mingw32/bin/../lib/gcc/nios2-elf/4.1.2/../../../../nios2-elf/lib/mno-hw-mul\libc.a(lib_a-__call_atexit.o)
                0x02009690                __call_exitprocs
 .text          0x02009840       0x60 ../A1_bsp/\libhal_bsp.a(alt_exit.o)
                0x02009880                _exit
 *(.gnu.warning.*)
 *(.fini)
                0x020098a0                PROVIDE (__etext, ABSOLUTE (.))
                0x020098a0                PROVIDE (_etext, ABSOLUTE (.))
                0x020098a0                PROVIDE (etext, ABSOLUTE (.))
 *(.eh_frame_hdr)
                0x020098a0                . = ALIGN (0x4)
                0x020098a0                PROVIDE (__preinit_array_start, ABSOLUTE (.))
 *(.preinit_array)
                0x020098a0                PROVIDE (__preinit_array_end, ABSOLUTE (.))
                0x020098a0                PROVIDE (__init_array_start, ABSOLUTE (.))
 *(.init_array)
                0x020098a0                PROVIDE (__init_array_end, ABSOLUTE (.))
                0x020098a0                PROVIDE (__fini_array_start, ABSOLUTE (.))
 *(.fini_array)
                0x020098a0                PROVIDE (__fini_array_end, ABSOLUTE (.))
 *(.eh_frame)
 *(.gcc_except_table)
 *(.dynamic)
                0x020098a0                PROVIDE (__CTOR_LIST__, ABSOLUTE (.))
 *(.ctors)
 *(SORT(.ctors.*))
 .ctors.65535   0x020098a0        0x4 c:/altera/13.0sp1/nios2eds/bin/gnu/h-i686-mingw32/bin/../lib/gcc/nios2-elf/4.1.2/../../../../nios2-elf/lib/mno-hw-mul\libc.a(lib_a-__call_atexit.o)
                0x020098a4                PROVIDE (__CTOR_END__, ABSOLUTE (.))
                0x020098a4                PROVIDE (__DTOR_LIST__, ABSOLUTE (.))
 *(.dtors)
 *(SORT(.dtors.*))
                0x020098a4                PROVIDE (__DTOR_END__, ABSOLUTE (.))
 *(.jcr)
                0x020098a4                . = ALIGN (0x4)

.rodata         0x020098a4      0x70c
                0x020098a4                PROVIDE (__ram_rodata_start, ABSOLUTE (.))
                0x020098a4                . = ALIGN (0x4)
 *(.rodata .rodata.* .gnu.linkonce.r.*)
 .rodata        0x020098a4       0x50 obj/default/print_functions.o
 .rodata        0x020098f4      0x474 obj/default/print_screens.o
 .rodata        0x02009d68       0x94 obj/default/process_entry.o
 .rodata.str1.4
                0x02009dfc        0x4 c:/altera/13.0sp1/nios2eds/bin/gnu/h-i686-mingw32/bin/../lib/gcc/nios2-elf/4.1.2/../../../../nios2-elf/lib/mno-hw-mul\libm.a(lib_a-w_pow.o)
 .rodata.str1.4
                0x02009e00        0x1 c:/altera/13.0sp1/nios2eds/bin/gnu/h-i686-mingw32/bin/../lib/gcc/nios2-elf/4.1.2/../../../../nios2-elf/lib/mno-hw-mul\libm.a(lib_a-e_pow.o)
                                  0x4 (size before relaxing)
 *fill*         0x02009e01        0x3 00
 .rodata        0x02009e04       0x30 c:/altera/13.0sp1/nios2eds/bin/gnu/h-i686-mingw32/bin/../lib/gcc/nios2-elf/4.1.2/../../../../nios2-elf/lib/mno-hw-mul\libm.a(lib_a-e_pow.o)
 .rodata        0x02009e34       0x10 c:/altera/13.0sp1/nios2eds/bin/gnu/h-i686-mingw32/bin/../lib/gcc/nios2-elf/4.1.2/../../../../nios2-elf/lib/mno-hw-mul\libm.a(lib_a-s_rint.o)
 .rodata        0x02009e44       0x14 c:/altera/13.0sp1/nios2eds/bin/gnu/h-i686-mingw32/bin/../lib/gcc/nios2-elf/4.1.2/mno-hw-mul\libgcc.a(_thenan_df.o)
                0x02009e44                __thenan_df
 .rodata        0x02009e58      0x100 c:/altera/13.0sp1/nios2eds/bin/gnu/h-i686-mingw32/bin/../lib/gcc/nios2-elf/4.1.2/mno-hw-mul\libgcc.a(_clz.o)
                0x02009e58                __clz_tab
 .rodata.str1.4
                0x02009f58        0x4 c:/altera/13.0sp1/nios2eds/bin/gnu/h-i686-mingw32/bin/../lib/gcc/nios2-elf/4.1.2/../../../../nios2-elf/lib/mno-hw-mul\libc.a(lib_a-impure.o)
 .rodata        0x02009f5c       0x10 ../A1_bsp/\libhal_bsp.a(alt_main.o)
 .rodata        0x02009f6c       0x38 ../A1_bsp/\libhal_bsp.a(alt_sys_init.o)
 .rodata        0x02009fa4        0xc ../A1_bsp/\libhal_bsp.a(alt_dev.o)
 *(.rodata1)
                0x02009fb0                . = ALIGN (0x4)
                0x02009fb0                PROVIDE (__ram_rodata_end, ABSOLUTE (.))
                0x020098a4                PROVIDE (__flash_rodata_start, LOADADDR (.rodata))

.rwdata         0x02009fb0     0x17cc
                0x02009fb0                PROVIDE (__ram_rwdata_start, ABSOLUTE (.))
                0x02009fb0                . = ALIGN (0x4)
 *(.got.plt)
 *(.got)
 *(.data1)
 *(.data .data.* .gnu.linkonce.d.*)
 .data          0x02009fb0        0x0 ../A1_bsp//obj/HAL/src/crt0.o
 .data          0x02009fb0        0x0 obj/default/data.o
 .data          0x02009fb0        0x0 obj/default/main.o
 .data          0x02009fb0        0x0 obj/default/print_functions.o
 .data          0x02009fb0        0x0 obj/default/print_screens.o
 .data          0x02009fb0        0x0 obj/default/process_entry.o
 .data          0x02009fb0        0x0 c:/altera/13.0sp1/nios2eds/bin/gnu/h-i686-mingw32/bin/../lib/gcc/nios2-elf/4.1.2/../../../../nios2-elf/lib/mno-hw-mul\libm.a(lib_a-w_pow.o)
 .data          0x02009fb0        0x0 c:/altera/13.0sp1/nios2eds/bin/gnu/h-i686-mingw32/bin/../lib/gcc/nios2-elf/4.1.2/../../../../nios2-elf/lib/mno-hw-mul\libm.a(lib_a-e_pow.o)
 .data          0x02009fb0        0x0 c:/altera/13.0sp1/nios2eds/bin/gnu/h-i686-mingw32/bin/../lib/gcc/nios2-elf/4.1.2/../../../../nios2-elf/lib/mno-hw-mul\libm.a(lib_a-e_sqrt.o)
 .data          0x02009fb0        0x0 c:/altera/13.0sp1/nios2eds/bin/gnu/h-i686-mingw32/bin/../lib/gcc/nios2-elf/4.1.2/../../../../nios2-elf/lib/mno-hw-mul\libm.a(lib_a-s_fabs.o)
 .data          0x02009fb0        0x0 c:/altera/13.0sp1/nios2eds/bin/gnu/h-i686-mingw32/bin/../lib/gcc/nios2-elf/4.1.2/../../../../nios2-elf/lib/mno-hw-mul\libm.a(lib_a-s_finite.o)
 .data          0x02009fb0        0x0 c:/altera/13.0sp1/nios2eds/bin/gnu/h-i686-mingw32/bin/../lib/gcc/nios2-elf/4.1.2/../../../../nios2-elf/lib/mno-hw-mul\libm.a(lib_a-s_isnand.o)
 .data          0x02009fb0        0x0 c:/altera/13.0sp1/nios2eds/bin/gnu/h-i686-mingw32/bin/../lib/gcc/nios2-elf/4.1.2/../../../../nios2-elf/lib/mno-hw-mul\libm.a(lib_a-s_lib_ver.o)
 .data          0x02009fb0        0x0 c:/altera/13.0sp1/nios2eds/bin/gnu/h-i686-mingw32/bin/../lib/gcc/nios2-elf/4.1.2/../../../../nios2-elf/lib/mno-hw-mul\libm.a(lib_a-s_matherr.o)
 .data          0x02009fb0        0x0 c:/altera/13.0sp1/nios2eds/bin/gnu/h-i686-mingw32/bin/../lib/gcc/nios2-elf/4.1.2/../../../../nios2-elf/lib/mno-hw-mul\libm.a(lib_a-s_nan.o)
 .data          0x02009fb0        0x0 c:/altera/13.0sp1/nios2eds/bin/gnu/h-i686-mingw32/bin/../lib/gcc/nios2-elf/4.1.2/../../../../nios2-elf/lib/mno-hw-mul\libm.a(lib_a-s_rint.o)
 .data          0x02009fb0        0x0 c:/altera/13.0sp1/nios2eds/bin/gnu/h-i686-mingw32/bin/../lib/gcc/nios2-elf/4.1.2/../../../../nios2-elf/lib/mno-hw-mul\libm.a(lib_a-s_scalbn.o)
 .data          0x02009fb0        0x0 c:/altera/13.0sp1/nios2eds/bin/gnu/h-i686-mingw32/bin/../lib/gcc/nios2-elf/4.1.2/../../../../nios2-elf/lib/mno-hw-mul\libm.a(lib_a-s_copysign.o)
 .data          0x02009fb0        0x0 c:/altera/13.0sp1/nios2eds/bin/gnu/h-i686-mingw32/bin/../lib/gcc/nios2-elf/4.1.2/mno-hw-mul\libgcc.a(_addsub_df.o)
 .data          0x02009fb0        0x0 c:/altera/13.0sp1/nios2eds/bin/gnu/h-i686-mingw32/bin/../lib/gcc/nios2-elf/4.1.2/mno-hw-mul\libgcc.a(_mul_df.o)
 .data          0x02009fb0        0x0 c:/altera/13.0sp1/nios2eds/bin/gnu/h-i686-mingw32/bin/../lib/gcc/nios2-elf/4.1.2/mno-hw-mul\libgcc.a(_div_df.o)
 .data          0x02009fb0        0x0 c:/altera/13.0sp1/nios2eds/bin/gnu/h-i686-mingw32/bin/../lib/gcc/nios2-elf/4.1.2/mno-hw-mul\libgcc.a(_eq_df.o)
 .data          0x02009fb0        0x0 c:/altera/13.0sp1/nios2eds/bin/gnu/h-i686-mingw32/bin/../lib/gcc/nios2-elf/4.1.2/mno-hw-mul\libgcc.a(_ne_df.o)
 .data          0x02009fb0        0x0 c:/altera/13.0sp1/nios2eds/bin/gnu/h-i686-mingw32/bin/../lib/gcc/nios2-elf/4.1.2/mno-hw-mul\libgcc.a(_gt_df.o)
 .data          0x02009fb0        0x0 c:/altera/13.0sp1/nios2eds/bin/gnu/h-i686-mingw32/bin/../lib/gcc/nios2-elf/4.1.2/mno-hw-mul\libgcc.a(_lt_df.o)
 .data          0x02009fb0        0x0 c:/altera/13.0sp1/nios2eds/bin/gnu/h-i686-mingw32/bin/../lib/gcc/nios2-elf/4.1.2/mno-hw-mul\libgcc.a(_le_df.o)
 .data          0x02009fb0        0x0 c:/altera/13.0sp1/nios2eds/bin/gnu/h-i686-mingw32/bin/../lib/gcc/nios2-elf/4.1.2/mno-hw-mul\libgcc.a(_si_to_df.o)
 .data          0x02009fb0        0x0 c:/altera/13.0sp1/nios2eds/bin/gnu/h-i686-mingw32/bin/../lib/gcc/nios2-elf/4.1.2/mno-hw-mul\libgcc.a(_df_to_si.o)
 .data          0x02009fb0        0x0 c:/altera/13.0sp1/nios2eds/bin/gnu/h-i686-mingw32/bin/../lib/gcc/nios2-elf/4.1.2/mno-hw-mul\libgcc.a(_thenan_df.o)
 .data          0x02009fb0        0x0 c:/altera/13.0sp1/nios2eds/bin/gnu/h-i686-mingw32/bin/../lib/gcc/nios2-elf/4.1.2/mno-hw-mul\libgcc.a(_usi_to_df.o)
 .data          0x02009fb0        0x0 c:/altera/13.0sp1/nios2eds/bin/gnu/h-i686-mingw32/bin/../lib/gcc/nios2-elf/4.1.2/mno-hw-mul\libgcc.a(lib2-divmod.o)
 .data          0x02009fb0        0x0 c:/altera/13.0sp1/nios2eds/bin/gnu/h-i686-mingw32/bin/../lib/gcc/nios2-elf/4.1.2/mno-hw-mul\libgcc.a(lib2-mul.o)
 .data          0x02009fb0        0x0 c:/altera/13.0sp1/nios2eds/bin/gnu/h-i686-mingw32/bin/../lib/gcc/nios2-elf/4.1.2/mno-hw-mul\libgcc.a(_muldi3.o)
 .data          0x02009fb0        0x0 c:/altera/13.0sp1/nios2eds/bin/gnu/h-i686-mingw32/bin/../lib/gcc/nios2-elf/4.1.2/mno-hw-mul\libgcc.a(_clzsi2.o)
 .data          0x02009fb0        0x0 c:/altera/13.0sp1/nios2eds/bin/gnu/h-i686-mingw32/bin/../lib/gcc/nios2-elf/4.1.2/mno-hw-mul\libgcc.a(_pack_df.o)
 .data          0x02009fb0        0x0 c:/altera/13.0sp1/nios2eds/bin/gnu/h-i686-mingw32/bin/../lib/gcc/nios2-elf/4.1.2/mno-hw-mul\libgcc.a(_unpack_df.o)
 .data          0x02009fb0        0x0 c:/altera/13.0sp1/nios2eds/bin/gnu/h-i686-mingw32/bin/../lib/gcc/nios2-elf/4.1.2/mno-hw-mul\libgcc.a(_fpcmp_parts_df.o)
 .data          0x02009fb0        0x0 c:/altera/13.0sp1/nios2eds/bin/gnu/h-i686-mingw32/bin/../lib/gcc/nios2-elf/4.1.2/mno-hw-mul\libgcc.a(_clz.o)
 .data          0x02009fb0        0x0 c:/altera/13.0sp1/nios2eds/bin/gnu/h-i686-mingw32/bin/../lib/gcc/nios2-elf/4.1.2/../../../../nios2-elf/lib/mno-hw-mul\libc.a(lib_a-errno.o)
 .data          0x02009fb0      0x400 c:/altera/13.0sp1/nios2eds/bin/gnu/h-i686-mingw32/bin/../lib/gcc/nios2-elf/4.1.2/../../../../nios2-elf/lib/mno-hw-mul\libc.a(lib_a-impure.o)
 .data          0x0200a3b0        0x0 ../A1_bsp/\libhal_bsp.a(alt_main.o)
 .data          0x0200a3b0     0x11ec ../A1_bsp/\libhal_bsp.a(alt_sys_init.o)
 .data          0x0200b59c        0x0 ../A1_bsp/\libhal_bsp.a(altera_avalon_epcs_flash_controller.o)
 .data          0x0200b59c        0x0 ../A1_bsp/\libhal_bsp.a(altera_avalon_jtag_uart_fd.o)
 .data          0x0200b59c        0x0 ../A1_bsp/\libhal_bsp.a(altera_avalon_jtag_uart_init.o)
 .data          0x0200b59c        0x0 ../A1_bsp/\libhal_bsp.a(altera_avalon_jtag_uart_ioctl.o)
 .data          0x0200b59c        0x0 ../A1_bsp/\libhal_bsp.a(altera_avalon_jtag_uart_read.o)
 .data          0x0200b59c        0x0 ../A1_bsp/\libhal_bsp.a(altera_avalon_jtag_uart_write.o)
 .data          0x0200b59c        0x0 ../A1_bsp/\libhal_bsp.a(altera_avalon_timer_sc.o)
 .data          0x0200b59c        0x0 ../A1_bsp/\libhal_bsp.a(altera_avalon_uart_fd.o)
 .data          0x0200b59c        0x0 ../A1_bsp/\libhal_bsp.a(altera_avalon_uart_init.o)
 .data          0x0200b59c        0x0 ../A1_bsp/\libhal_bsp.a(altera_avalon_uart_read.o)
 .data          0x0200b59c        0x0 ../A1_bsp/\libhal_bsp.a(altera_avalon_uart_write.o)
 .data          0x0200b59c        0x0 ../A1_bsp/\libhal_bsp.a(epcs_commands.o)
 .data          0x0200b59c        0x0 ../A1_bsp/\libhal_bsp.a(alt_alarm_start.o)
 .data          0x0200b59c        0x0 ../A1_bsp/\libhal_bsp.a(alt_close.o)
 .data          0x0200b59c      0x1a8 ../A1_bsp/\libhal_bsp.a(alt_dev.o)
                0x0200b59c                alt_dev_null
                0x0200b5c4                alt_fd_list
 .data          0x0200b744        0x0 ../A1_bsp/\libhal_bsp.a(alt_dev_llist_insert.o)
 .data          0x0200b744        0x0 ../A1_bsp/\libhal_bsp.a(alt_do_ctors.o)
 .data          0x0200b744        0x0 ../A1_bsp/\libhal_bsp.a(alt_do_dtors.o)
 .data          0x0200b744        0x0 ../A1_bsp/\libhal_bsp.a(alt_errno.o)
 .data          0x0200b744        0x0 ../A1_bsp/\libhal_bsp.a(alt_flash_dev.o)
 .data          0x0200b744        0x0 ../A1_bsp/\libhal_bsp.a(alt_iic.o)
 .data          0x0200b744        0x0 ../A1_bsp/\libhal_bsp.a(alt_iic_isr_register.o)
 .data          0x0200b744        0x0 ../A1_bsp/\libhal_bsp.a(alt_io_redirect.o)
 .data          0x0200b744        0x0 ../A1_bsp/\libhal_bsp.a(alt_irq_entry.o)
 .data          0x0200b744        0x0 ../A1_bsp/\libhal_bsp.a(alt_irq_handler.o)
 .data          0x0200b744        0x0 ../A1_bsp/\libhal_bsp.a(alt_irq_vars.o)
 .data          0x0200b744        0x0 ../A1_bsp/\libhal_bsp.a(alt_open.o)
 .data          0x0200b744        0x0 ../A1_bsp/\libhal_bsp.a(alt_release_fd.o)
 .data          0x0200b744        0x0 ../A1_bsp/\libhal_bsp.a(alt_tick.o)
 .data          0x0200b744        0x0 ../A1_bsp/\libhal_bsp.a(altera_nios2_qsys_irq.o)
 .data          0x0200b744        0x0 ../A1_bsp/\libhal_bsp.a(altera_avalon_spi.o)
 .data          0x0200b744        0x0 ../A1_bsp/\libhal_bsp.a(alt_exception_entry.o)
 .data          0x0200b744        0x0 ../A1_bsp/\libhal_bsp.a(alt_find_dev.o)
 .data          0x0200b744        0x0 ../A1_bsp/\libhal_bsp.a(alt_find_file.o)
 .data          0x0200b744        0x0 ../A1_bsp/\libhal_bsp.a(alt_get_fd.o)
 .data          0x0200b744        0x0 c:/altera/13.0sp1/nios2eds/bin/gnu/h-i686-mingw32/bin/../lib/gcc/nios2-elf/4.1.2/../../../../nios2-elf/lib/mno-hw-mul\libc.a(lib_a-atexit.o)
 .data          0x0200b744        0x0 c:/altera/13.0sp1/nios2eds/bin/gnu/h-i686-mingw32/bin/../lib/gcc/nios2-elf/4.1.2/../../../../nios2-elf/lib/mno-hw-mul\libc.a(lib_a-exit.o)
 .data          0x0200b744        0x0 c:/altera/13.0sp1/nios2eds/bin/gnu/h-i686-mingw32/bin/../lib/gcc/nios2-elf/4.1.2/../../../../nios2-elf/lib/mno-hw-mul\libc.a(lib_a-int_errno.o)
 .data          0x0200b744        0x0 c:/altera/13.0sp1/nios2eds/bin/gnu/h-i686-mingw32/bin/../lib/gcc/nios2-elf/4.1.2/../../../../nios2-elf/lib/mno-hw-mul\libc.a(lib_a-memcmp.o)
 .data          0x0200b744        0x0 c:/altera/13.0sp1/nios2eds/bin/gnu/h-i686-mingw32/bin/../lib/gcc/nios2-elf/4.1.2/../../../../nios2-elf/lib/mno-hw-mul\libc.a(lib_a-memcpy.o)
 .data          0x0200b744        0x0 c:/altera/13.0sp1/nios2eds/bin/gnu/h-i686-mingw32/bin/../lib/gcc/nios2-elf/4.1.2/../../../../nios2-elf/lib/mno-hw-mul\libc.a(lib_a-strlen.o)
 .data          0x0200b744        0x0 c:/altera/13.0sp1/nios2eds/bin/gnu/h-i686-mingw32/bin/../lib/gcc/nios2-elf/4.1.2/../../../../nios2-elf/lib/mno-hw-mul\libc.a(lib_a-__atexit.o)
 .data          0x0200b744        0x0 c:/altera/13.0sp1/nios2eds/bin/gnu/h-i686-mingw32/bin/../lib/gcc/nios2-elf/4.1.2/../../../../nios2-elf/lib/mno-hw-mul\libc.a(lib_a-__call_atexit.o)
 .data          0x0200b744        0x0 ../A1_bsp/\libhal_bsp.a(alt_exit.o)
                0x02013744                _gp = ABSOLUTE ((. + 0x8000))
                0x02013744                PROVIDE (gp, _gp)
 *(.rwdata .rwdata.*)
 *(.sdata .sdata.* .gnu.linkonce.s.*)
 .sdata         0x0200b744        0x4 c:/altera/13.0sp1/nios2eds/bin/gnu/h-i686-mingw32/bin/../lib/gcc/nios2-elf/4.1.2/../../../../nios2-elf/lib/mno-hw-mul\libm.a(lib_a-s_lib_ver.o)
                0x0200b744                __fdlib_version
 .sdata         0x0200b748        0x8 c:/altera/13.0sp1/nios2eds/bin/gnu/h-i686-mingw32/bin/../lib/gcc/nios2-elf/4.1.2/../../../../nios2-elf/lib/mno-hw-mul\libc.a(lib_a-impure.o)
                0x0200b748                _impure_ptr
                0x0200b74c                _global_impure_ptr
 .sdata         0x0200b750       0x14 ../A1_bsp/\libhal_bsp.a(alt_dev.o)
                0x0200b750                alt_fs_list
                0x0200b758                alt_dev_list
                0x0200b760                alt_max_fd
 .sdata         0x0200b764        0x4 ../A1_bsp/\libhal_bsp.a(alt_errno.o)
                0x0200b764                alt_errno
 .sdata         0x0200b768        0x8 ../A1_bsp/\libhal_bsp.a(alt_flash_dev.o)
                0x0200b768                alt_flash_dev_list
 .sdata         0x0200b770        0x4 ../A1_bsp/\libhal_bsp.a(alt_irq_vars.o)
                0x0200b770                alt_priority_mask
 .sdata         0x0200b774        0x8 ../A1_bsp/\libhal_bsp.a(alt_tick.o)
                0x0200b774                alt_alarm_list
 *(.sdata2 .sdata2.* .gnu.linkonce.s2.*)
                0x0200b77c                . = ALIGN (0x4)
                0x0200b77c                _edata = ABSOLUTE (.)
                0x0200b77c                PROVIDE (edata, ABSOLUTE (.))
                0x0200b77c                PROVIDE (__ram_rwdata_end, ABSOLUTE (.))
                0x02009fb0                PROVIDE (__flash_rwdata_start, LOADADDR (.rwdata))

.bss            0x0200b77c      0x344
                0x0200b77c                __bss_start = ABSOLUTE (.)
                0x0200b77c                PROVIDE (__sbss_start, ABSOLUTE (.))
                0x0200b77c                PROVIDE (___sbss_start, ABSOLUTE (.))
 *(.dynsbss)
 *(.sbss .sbss.* .gnu.linkonce.sb.*)
 .sbss          0x0200b77c        0x8 obj/default/data.o
                0x0200b77c                sSUI
 .sbss          0x0200b784        0x4 obj/default/main.o
                0x0200b784                pUART
 .sbss          0x0200b788        0xc ../A1_bsp/\libhal_bsp.a(alt_main.o)
                0x0200b788                alt_argc
                0x0200b78c                alt_argv
                0x0200b790                alt_envp
 .sbss          0x0200b794        0x4 ../A1_bsp/\libhal_bsp.a(alt_irq_vars.o)
                0x0200b794                alt_irq_active
 .sbss          0x0200b798        0x8 ../A1_bsp/\libhal_bsp.a(alt_tick.o)
                0x0200b798                _alt_tick_rate
                0x0200b79c                _alt_nticks
 .sbss          0x0200b7a0        0x4 c:/altera/13.0sp1/nios2eds/bin/gnu/h-i686-mingw32/bin/../lib/gcc/nios2-elf/4.1.2/../../../../nios2-elf/lib/mno-hw-mul\libc.a(lib_a-int_errno.o)
                0x0200b7a0                errno
 *(.sbss2 .sbss2.* .gnu.linkonce.sb2.*)
 *(.scommon)
                0x0200b7a4                PROVIDE (__sbss_end, ABSOLUTE (.))
                0x0200b7a4                PROVIDE (___sbss_end, ABSOLUTE (.))
 *(.dynbss)
 *(.bss .bss.* .gnu.linkonce.b.*)
 .bss           0x0200b7a4        0x0 ../A1_bsp//obj/HAL/src/crt0.o
 .bss           0x0200b7a4        0x0 obj/default/data.o
 .bss           0x0200b7a4        0x0 obj/default/main.o
 .bss           0x0200b7a4        0x0 obj/default/print_functions.o
 .bss           0x0200b7a4        0x0 obj/default/print_screens.o
 .bss           0x0200b7a4        0x0 obj/default/process_entry.o
 .bss           0x0200b7a4        0x0 c:/altera/13.0sp1/nios2eds/bin/gnu/h-i686-mingw32/bin/../lib/gcc/nios2-elf/4.1.2/../../../../nios2-elf/lib/mno-hw-mul\libm.a(lib_a-w_pow.o)
 .bss           0x0200b7a4        0x0 c:/altera/13.0sp1/nios2eds/bin/gnu/h-i686-mingw32/bin/../lib/gcc/nios2-elf/4.1.2/../../../../nios2-elf/lib/mno-hw-mul\libm.a(lib_a-e_pow.o)
 .bss           0x0200b7a4        0x0 c:/altera/13.0sp1/nios2eds/bin/gnu/h-i686-mingw32/bin/../lib/gcc/nios2-elf/4.1.2/../../../../nios2-elf/lib/mno-hw-mul\libm.a(lib_a-e_sqrt.o)
 .bss           0x0200b7a4        0x0 c:/altera/13.0sp1/nios2eds/bin/gnu/h-i686-mingw32/bin/../lib/gcc/nios2-elf/4.1.2/../../../../nios2-elf/lib/mno-hw-mul\libm.a(lib_a-s_fabs.o)
 .bss           0x0200b7a4        0x0 c:/altera/13.0sp1/nios2eds/bin/gnu/h-i686-mingw32/bin/../lib/gcc/nios2-elf/4.1.2/../../../../nios2-elf/lib/mno-hw-mul\libm.a(lib_a-s_finite.o)
 .bss           0x0200b7a4        0x0 c:/altera/13.0sp1/nios2eds/bin/gnu/h-i686-mingw32/bin/../lib/gcc/nios2-elf/4.1.2/../../../../nios2-elf/lib/mno-hw-mul\libm.a(lib_a-s_isnand.o)
 .bss           0x0200b7a4        0x0 c:/altera/13.0sp1/nios2eds/bin/gnu/h-i686-mingw32/bin/../lib/gcc/nios2-elf/4.1.2/../../../../nios2-elf/lib/mno-hw-mul\libm.a(lib_a-s_lib_ver.o)
 .bss           0x0200b7a4        0x0 c:/altera/13.0sp1/nios2eds/bin/gnu/h-i686-mingw32/bin/../lib/gcc/nios2-elf/4.1.2/../../../../nios2-elf/lib/mno-hw-mul\libm.a(lib_a-s_matherr.o)
 .bss           0x0200b7a4        0x0 c:/altera/13.0sp1/nios2eds/bin/gnu/h-i686-mingw32/bin/../lib/gcc/nios2-elf/4.1.2/../../../../nios2-elf/lib/mno-hw-mul\libm.a(lib_a-s_nan.o)
 .bss           0x0200b7a4        0x0 c:/altera/13.0sp1/nios2eds/bin/gnu/h-i686-mingw32/bin/../lib/gcc/nios2-elf/4.1.2/../../../../nios2-elf/lib/mno-hw-mul\libm.a(lib_a-s_rint.o)
 .bss           0x0200b7a4        0x0 c:/altera/13.0sp1/nios2eds/bin/gnu/h-i686-mingw32/bin/../lib/gcc/nios2-elf/4.1.2/../../../../nios2-elf/lib/mno-hw-mul\libm.a(lib_a-s_scalbn.o)
 .bss           0x0200b7a4        0x0 c:/altera/13.0sp1/nios2eds/bin/gnu/h-i686-mingw32/bin/../lib/gcc/nios2-elf/4.1.2/../../../../nios2-elf/lib/mno-hw-mul\libm.a(lib_a-s_copysign.o)
 .bss           0x0200b7a4        0x0 c:/altera/13.0sp1/nios2eds/bin/gnu/h-i686-mingw32/bin/../lib/gcc/nios2-elf/4.1.2/mno-hw-mul\libgcc.a(_addsub_df.o)
 .bss           0x0200b7a4        0x0 c:/altera/13.0sp1/nios2eds/bin/gnu/h-i686-mingw32/bin/../lib/gcc/nios2-elf/4.1.2/mno-hw-mul\libgcc.a(_mul_df.o)
 .bss           0x0200b7a4        0x0 c:/altera/13.0sp1/nios2eds/bin/gnu/h-i686-mingw32/bin/../lib/gcc/nios2-elf/4.1.2/mno-hw-mul\libgcc.a(_div_df.o)
 .bss           0x0200b7a4        0x0 c:/altera/13.0sp1/nios2eds/bin/gnu/h-i686-mingw32/bin/../lib/gcc/nios2-elf/4.1.2/mno-hw-mul\libgcc.a(_eq_df.o)
 .bss           0x0200b7a4        0x0 c:/altera/13.0sp1/nios2eds/bin/gnu/h-i686-mingw32/bin/../lib/gcc/nios2-elf/4.1.2/mno-hw-mul\libgcc.a(_ne_df.o)
 .bss           0x0200b7a4        0x0 c:/altera/13.0sp1/nios2eds/bin/gnu/h-i686-mingw32/bin/../lib/gcc/nios2-elf/4.1.2/mno-hw-mul\libgcc.a(_gt_df.o)
 .bss           0x0200b7a4        0x0 c:/altera/13.0sp1/nios2eds/bin/gnu/h-i686-mingw32/bin/../lib/gcc/nios2-elf/4.1.2/mno-hw-mul\libgcc.a(_lt_df.o)
 .bss           0x0200b7a4        0x0 c:/altera/13.0sp1/nios2eds/bin/gnu/h-i686-mingw32/bin/../lib/gcc/nios2-elf/4.1.2/mno-hw-mul\libgcc.a(_le_df.o)
 .bss           0x0200b7a4        0x0 c:/altera/13.0sp1/nios2eds/bin/gnu/h-i686-mingw32/bin/../lib/gcc/nios2-elf/4.1.2/mno-hw-mul\libgcc.a(_si_to_df.o)
 .bss           0x0200b7a4        0x0 c:/altera/13.0sp1/nios2eds/bin/gnu/h-i686-mingw32/bin/../lib/gcc/nios2-elf/4.1.2/mno-hw-mul\libgcc.a(_df_to_si.o)
 .bss           0x0200b7a4        0x0 c:/altera/13.0sp1/nios2eds/bin/gnu/h-i686-mingw32/bin/../lib/gcc/nios2-elf/4.1.2/mno-hw-mul\libgcc.a(_thenan_df.o)
 .bss           0x0200b7a4        0x0 c:/altera/13.0sp1/nios2eds/bin/gnu/h-i686-mingw32/bin/../lib/gcc/nios2-elf/4.1.2/mno-hw-mul\libgcc.a(_usi_to_df.o)
 .bss           0x0200b7a4        0x0 c:/altera/13.0sp1/nios2eds/bin/gnu/h-i686-mingw32/bin/../lib/gcc/nios2-elf/4.1.2/mno-hw-mul\libgcc.a(lib2-divmod.o)
 .bss           0x0200b7a4        0x0 c:/altera/13.0sp1/nios2eds/bin/gnu/h-i686-mingw32/bin/../lib/gcc/nios2-elf/4.1.2/mno-hw-mul\libgcc.a(lib2-mul.o)
 .bss           0x0200b7a4        0x0 c:/altera/13.0sp1/nios2eds/bin/gnu/h-i686-mingw32/bin/../lib/gcc/nios2-elf/4.1.2/mno-hw-mul\libgcc.a(_muldi3.o)
 .bss           0x0200b7a4        0x0 c:/altera/13.0sp1/nios2eds/bin/gnu/h-i686-mingw32/bin/../lib/gcc/nios2-elf/4.1.2/mno-hw-mul\libgcc.a(_clzsi2.o)
 .bss           0x0200b7a4        0x0 c:/altera/13.0sp1/nios2eds/bin/gnu/h-i686-mingw32/bin/../lib/gcc/nios2-elf/4.1.2/mno-hw-mul\libgcc.a(_pack_df.o)
 .bss           0x0200b7a4        0x0 c:/altera/13.0sp1/nios2eds/bin/gnu/h-i686-mingw32/bin/../lib/gcc/nios2-elf/4.1.2/mno-hw-mul\libgcc.a(_unpack_df.o)
 .bss           0x0200b7a4        0x0 c:/altera/13.0sp1/nios2eds/bin/gnu/h-i686-mingw32/bin/../lib/gcc/nios2-elf/4.1.2/mno-hw-mul\libgcc.a(_fpcmp_parts_df.o)
 .bss           0x0200b7a4        0x0 c:/altera/13.0sp1/nios2eds/bin/gnu/h-i686-mingw32/bin/../lib/gcc/nios2-elf/4.1.2/mno-hw-mul\libgcc.a(_clz.o)
 .bss           0x0200b7a4        0x0 c:/altera/13.0sp1/nios2eds/bin/gnu/h-i686-mingw32/bin/../lib/gcc/nios2-elf/4.1.2/../../../../nios2-elf/lib/mno-hw-mul\libc.a(lib_a-errno.o)
 .bss           0x0200b7a4        0x0 c:/altera/13.0sp1/nios2eds/bin/gnu/h-i686-mingw32/bin/../lib/gcc/nios2-elf/4.1.2/../../../../nios2-elf/lib/mno-hw-mul\libc.a(lib_a-impure.o)
 .bss           0x0200b7a4        0x0 ../A1_bsp/\libhal_bsp.a(alt_main.o)
 .bss           0x0200b7a4        0x0 ../A1_bsp/\libhal_bsp.a(alt_sys_init.o)
 .bss           0x0200b7a4        0x0 ../A1_bsp/\libhal_bsp.a(altera_avalon_epcs_flash_controller.o)
 .bss           0x0200b7a4        0x0 ../A1_bsp/\libhal_bsp.a(altera_avalon_jtag_uart_fd.o)
 .bss           0x0200b7a4        0x0 ../A1_bsp/\libhal_bsp.a(altera_avalon_jtag_uart_init.o)
 .bss           0x0200b7a4        0x0 ../A1_bsp/\libhal_bsp.a(altera_avalon_jtag_uart_ioctl.o)
 .bss           0x0200b7a4        0x0 ../A1_bsp/\libhal_bsp.a(altera_avalon_jtag_uart_read.o)
 .bss           0x0200b7a4        0x0 ../A1_bsp/\libhal_bsp.a(altera_avalon_jtag_uart_write.o)
 .bss           0x0200b7a4        0x0 ../A1_bsp/\libhal_bsp.a(altera_avalon_timer_sc.o)
 .bss           0x0200b7a4        0x0 ../A1_bsp/\libhal_bsp.a(altera_avalon_uart_fd.o)
 .bss           0x0200b7a4        0x0 ../A1_bsp/\libhal_bsp.a(altera_avalon_uart_init.o)
 .bss           0x0200b7a4        0x0 ../A1_bsp/\libhal_bsp.a(altera_avalon_uart_read.o)
 .bss           0x0200b7a4        0x0 ../A1_bsp/\libhal_bsp.a(altera_avalon_uart_write.o)
 .bss           0x0200b7a4        0x0 ../A1_bsp/\libhal_bsp.a(epcs_commands.o)
 .bss           0x0200b7a4        0x0 ../A1_bsp/\libhal_bsp.a(alt_alarm_start.o)
 .bss           0x0200b7a4        0x0 ../A1_bsp/\libhal_bsp.a(alt_close.o)
 .bss           0x0200b7a4        0x0 ../A1_bsp/\libhal_bsp.a(alt_dev.o)
 .bss           0x0200b7a4        0x0 ../A1_bsp/\libhal_bsp.a(alt_dev_llist_insert.o)
 .bss           0x0200b7a4        0x0 ../A1_bsp/\libhal_bsp.a(alt_do_ctors.o)
 .bss           0x0200b7a4        0x0 ../A1_bsp/\libhal_bsp.a(alt_do_dtors.o)
 .bss           0x0200b7a4        0x0 ../A1_bsp/\libhal_bsp.a(alt_errno.o)
 .bss           0x0200b7a4        0x0 ../A1_bsp/\libhal_bsp.a(alt_flash_dev.o)
 .bss           0x0200b7a4        0x0 ../A1_bsp/\libhal_bsp.a(alt_iic.o)
 .bss           0x0200b7a4        0x0 ../A1_bsp/\libhal_bsp.a(alt_iic_isr_register.o)
 .bss           0x0200b7a4        0x0 ../A1_bsp/\libhal_bsp.a(alt_io_redirect.o)
 .bss           0x0200b7a4        0x0 ../A1_bsp/\libhal_bsp.a(alt_irq_entry.o)
 .bss           0x0200b7a4        0x0 ../A1_bsp/\libhal_bsp.a(alt_irq_handler.o)
 .bss           0x0200b7a4        0x0 ../A1_bsp/\libhal_bsp.a(alt_irq_vars.o)
 .bss           0x0200b7a4        0x0 ../A1_bsp/\libhal_bsp.a(alt_open.o)
 .bss           0x0200b7a4        0x0 ../A1_bsp/\libhal_bsp.a(alt_release_fd.o)
 .bss           0x0200b7a4        0x0 ../A1_bsp/\libhal_bsp.a(alt_tick.o)
 .bss           0x0200b7a4        0x0 ../A1_bsp/\libhal_bsp.a(altera_nios2_qsys_irq.o)
 .bss           0x0200b7a4        0x0 ../A1_bsp/\libhal_bsp.a(altera_avalon_spi.o)
 .bss           0x0200b7a4        0x0 ../A1_bsp/\libhal_bsp.a(alt_exception_entry.o)
 .bss           0x0200b7a4        0x0 ../A1_bsp/\libhal_bsp.a(alt_find_dev.o)
 .bss           0x0200b7a4        0x0 ../A1_bsp/\libhal_bsp.a(alt_find_file.o)
 .bss           0x0200b7a4        0x0 ../A1_bsp/\libhal_bsp.a(alt_get_fd.o)
 .bss           0x0200b7a4        0x0 c:/altera/13.0sp1/nios2eds/bin/gnu/h-i686-mingw32/bin/../lib/gcc/nios2-elf/4.1.2/../../../../nios2-elf/lib/mno-hw-mul\libc.a(lib_a-atexit.o)
 .bss           0x0200b7a4        0x0 c:/altera/13.0sp1/nios2eds/bin/gnu/h-i686-mingw32/bin/../lib/gcc/nios2-elf/4.1.2/../../../../nios2-elf/lib/mno-hw-mul\libc.a(lib_a-exit.o)
 .bss           0x0200b7a4        0x0 c:/altera/13.0sp1/nios2eds/bin/gnu/h-i686-mingw32/bin/../lib/gcc/nios2-elf/4.1.2/../../../../nios2-elf/lib/mno-hw-mul\libc.a(lib_a-int_errno.o)
 .bss           0x0200b7a4        0x0 c:/altera/13.0sp1/nios2eds/bin/gnu/h-i686-mingw32/bin/../lib/gcc/nios2-elf/4.1.2/../../../../nios2-elf/lib/mno-hw-mul\libc.a(lib_a-memcmp.o)
 .bss           0x0200b7a4        0x0 c:/altera/13.0sp1/nios2eds/bin/gnu/h-i686-mingw32/bin/../lib/gcc/nios2-elf/4.1.2/../../../../nios2-elf/lib/mno-hw-mul\libc.a(lib_a-memcpy.o)
 .bss           0x0200b7a4        0x0 c:/altera/13.0sp1/nios2eds/bin/gnu/h-i686-mingw32/bin/../lib/gcc/nios2-elf/4.1.2/../../../../nios2-elf/lib/mno-hw-mul\libc.a(lib_a-strlen.o)
 .bss           0x0200b7a4        0x0 c:/altera/13.0sp1/nios2eds/bin/gnu/h-i686-mingw32/bin/../lib/gcc/nios2-elf/4.1.2/../../../../nios2-elf/lib/mno-hw-mul\libc.a(lib_a-__atexit.o)
 .bss           0x0200b7a4        0x0 c:/altera/13.0sp1/nios2eds/bin/gnu/h-i686-mingw32/bin/../lib/gcc/nios2-elf/4.1.2/../../../../nios2-elf/lib/mno-hw-mul\libc.a(lib_a-__call_atexit.o)
 .bss           0x0200b7a4        0x0 ../A1_bsp/\libhal_bsp.a(alt_exit.o)
 *(COMMON)
 COMMON         0x0200b7a4       0x8c obj/default/data.o
                0x0200b7a4                sDATA
                0x0200b7d8                sADC
                0x0200b7f8                sADC_F
                0x0200b818                sRCVR
 COMMON         0x0200b830      0x100 ../A1_bsp/\libhal_bsp.a(alt_irq_handler.o)
                0x0200b830                alt_irq
 COMMON         0x0200b930      0x190 c:/altera/13.0sp1/nios2eds/bin/gnu/h-i686-mingw32/bin/../lib/gcc/nios2-elf/4.1.2/../../../../nios2-elf/lib/mno-hw-mul\libc.a(lib_a-atexit.o)
                0x0200b930                _atexit0
                0x0200bac0                . = ALIGN (0x4)
                0x0200bac0                __bss_end = ABSOLUTE (.)

.sdram_0        0x0200bac0        0x0
                0x0200bac0                PROVIDE (_alt_partition_sdram_0_start, ABSOLUTE (.))
 *(.sdram_0. sdram_0.*)
                0x0200bac0                . = ALIGN (0x4)
                0x0200bac0                PROVIDE (_alt_partition_sdram_0_end, ABSOLUTE (.))
                0x0200bac0                _end = ABSOLUTE (.)
                0x0200bac0                end = ABSOLUTE (.)
                0x0200bac0                __alt_stack_base = ABSOLUTE (.)
                0x0200bac0                PROVIDE (_alt_partition_sdram_0_load_addr, LOADADDR (.sdram_0))

.onchip_memory2
                0x040101b4        0x0
                0x040101b4                PROVIDE (_alt_partition_onchip_memory2_start, ABSOLUTE (.))
 *(.onchip_memory2. onchip_memory2.*)
                0x040101b4                . = ALIGN (0x4)
                0x040101b4                PROVIDE (_alt_partition_onchip_memory2_end, ABSOLUTE (.))
                0x040101b4                PROVIDE (_alt_partition_onchip_memory2_load_addr, LOADADDR (.onchip_memory2))

.epcs_flash_controller
                0x04022820        0x0
                0x04022820                PROVIDE (_alt_partition_epcs_flash_controller_start, ABSOLUTE (.))
 *(.epcs_flash_controller. epcs_flash_controller.*)
                0x04022820                . = ALIGN (0x4)
                0x04022820                PROVIDE (_alt_partition_epcs_flash_controller_end, ABSOLUTE (.))
                0x04022820                PROVIDE (_alt_partition_epcs_flash_controller_load_addr, LOADADDR (.epcs_flash_controller))

.stab
 *(.stab)

.stabstr
 *(.stabstr)

.stab.excl
 *(.stab.excl)

.stab.exclstr
 *(.stab.exclstr)

.stab.index
 *(.stab.index)

.stab.indexstr
 *(.stab.indexstr)

.comment        0x00000000       0x26
 *(.comment)
 .comment       0x00000000       0x26 obj/default/data.o
                                 0x27 (size before relaxing)
 .comment       0x00000000       0x27 obj/default/main.o
 .comment       0x00000000       0x27 obj/default/print_functions.o
 .comment       0x00000000       0x27 obj/default/print_screens.o
 .comment       0x00000000       0x27 obj/default/process_entry.o
 .comment       0x00000000       0x27 c:/altera/13.0sp1/nios2eds/bin/gnu/h-i686-mingw32/bin/../lib/gcc/nios2-elf/4.1.2/../../../../nios2-elf/lib/mno-hw-mul\libm.a(lib_a-w_pow.o)
 .comment       0x00000000       0x27 c:/altera/13.0sp1/nios2eds/bin/gnu/h-i686-mingw32/bin/../lib/gcc/nios2-elf/4.1.2/../../../../nios2-elf/lib/mno-hw-mul\libm.a(lib_a-e_pow.o)
 .comment       0x00000000       0x27 c:/altera/13.0sp1/nios2eds/bin/gnu/h-i686-mingw32/bin/../lib/gcc/nios2-elf/4.1.2/../../../../nios2-elf/lib/mno-hw-mul\libm.a(lib_a-e_sqrt.o)
 .comment       0x00000000       0x27 c:/altera/13.0sp1/nios2eds/bin/gnu/h-i686-mingw32/bin/../lib/gcc/nios2-elf/4.1.2/../../../../nios2-elf/lib/mno-hw-mul\libm.a(lib_a-s_fabs.o)
 .comment       0x00000000       0x27 c:/altera/13.0sp1/nios2eds/bin/gnu/h-i686-mingw32/bin/../lib/gcc/nios2-elf/4.1.2/../../../../nios2-elf/lib/mno-hw-mul\libm.a(lib_a-s_finite.o)
 .comment       0x00000000       0x27 c:/altera/13.0sp1/nios2eds/bin/gnu/h-i686-mingw32/bin/../lib/gcc/nios2-elf/4.1.2/../../../../nios2-elf/lib/mno-hw-mul\libm.a(lib_a-s_isnand.o)
 .comment       0x00000000       0x27 c:/altera/13.0sp1/nios2eds/bin/gnu/h-i686-mingw32/bin/../lib/gcc/nios2-elf/4.1.2/../../../../nios2-elf/lib/mno-hw-mul\libm.a(lib_a-s_lib_ver.o)
 .comment       0x00000000       0x27 c:/altera/13.0sp1/nios2eds/bin/gnu/h-i686-mingw32/bin/../lib/gcc/nios2-elf/4.1.2/../../../../nios2-elf/lib/mno-hw-mul\libm.a(lib_a-s_matherr.o)
 .comment       0x00000000       0x27 c:/altera/13.0sp1/nios2eds/bin/gnu/h-i686-mingw32/bin/../lib/gcc/nios2-elf/4.1.2/../../../../nios2-elf/lib/mno-hw-mul\libm.a(lib_a-s_nan.o)
 .comment       0x00000000       0x27 c:/altera/13.0sp1/nios2eds/bin/gnu/h-i686-mingw32/bin/../lib/gcc/nios2-elf/4.1.2/../../../../nios2-elf/lib/mno-hw-mul\libm.a(lib_a-s_rint.o)
 .comment       0x00000000       0x27 c:/altera/13.0sp1/nios2eds/bin/gnu/h-i686-mingw32/bin/../lib/gcc/nios2-elf/4.1.2/../../../../nios2-elf/lib/mno-hw-mul\libm.a(lib_a-s_scalbn.o)
 .comment       0x00000000       0x27 c:/altera/13.0sp1/nios2eds/bin/gnu/h-i686-mingw32/bin/../lib/gcc/nios2-elf/4.1.2/../../../../nios2-elf/lib/mno-hw-mul\libm.a(lib_a-s_copysign.o)
 .comment       0x00000000       0x27 c:/altera/13.0sp1/nios2eds/bin/gnu/h-i686-mingw32/bin/../lib/gcc/nios2-elf/4.1.2/mno-hw-mul\libgcc.a(_addsub_df.o)
 .comment       0x00000000       0x27 c:/altera/13.0sp1/nios2eds/bin/gnu/h-i686-mingw32/bin/../lib/gcc/nios2-elf/4.1.2/mno-hw-mul\libgcc.a(_mul_df.o)
 .comment       0x00000000       0x27 c:/altera/13.0sp1/nios2eds/bin/gnu/h-i686-mingw32/bin/../lib/gcc/nios2-elf/4.1.2/mno-hw-mul\libgcc.a(_div_df.o)
 .comment       0x00000000       0x27 c:/altera/13.0sp1/nios2eds/bin/gnu/h-i686-mingw32/bin/../lib/gcc/nios2-elf/4.1.2/mno-hw-mul\libgcc.a(_eq_df.o)
 .comment       0x00000000       0x27 c:/altera/13.0sp1/nios2eds/bin/gnu/h-i686-mingw32/bin/../lib/gcc/nios2-elf/4.1.2/mno-hw-mul\libgcc.a(_ne_df.o)
 .comment       0x00000000       0x27 c:/altera/13.0sp1/nios2eds/bin/gnu/h-i686-mingw32/bin/../lib/gcc/nios2-elf/4.1.2/mno-hw-mul\libgcc.a(_gt_df.o)
 .comment       0x00000000       0x27 c:/altera/13.0sp1/nios2eds/bin/gnu/h-i686-mingw32/bin/../lib/gcc/nios2-elf/4.1.2/mno-hw-mul\libgcc.a(_lt_df.o)
 .comment       0x00000000       0x27 c:/altera/13.0sp1/nios2eds/bin/gnu/h-i686-mingw32/bin/../lib/gcc/nios2-elf/4.1.2/mno-hw-mul\libgcc.a(_le_df.o)
 .comment       0x00000000       0x27 c:/altera/13.0sp1/nios2eds/bin/gnu/h-i686-mingw32/bin/../lib/gcc/nios2-elf/4.1.2/mno-hw-mul\libgcc.a(_si_to_df.o)
 .comment       0x00000000       0x27 c:/altera/13.0sp1/nios2eds/bin/gnu/h-i686-mingw32/bin/../lib/gcc/nios2-elf/4.1.2/mno-hw-mul\libgcc.a(_df_to_si.o)
 .comment       0x00000000       0x27 c:/altera/13.0sp1/nios2eds/bin/gnu/h-i686-mingw32/bin/../lib/gcc/nios2-elf/4.1.2/mno-hw-mul\libgcc.a(_thenan_df.o)
 .comment       0x00000000       0x27 c:/altera/13.0sp1/nios2eds/bin/gnu/h-i686-mingw32/bin/../lib/gcc/nios2-elf/4.1.2/mno-hw-mul\libgcc.a(_usi_to_df.o)
 .comment       0x00000000       0x27 c:/altera/13.0sp1/nios2eds/bin/gnu/h-i686-mingw32/bin/../lib/gcc/nios2-elf/4.1.2/mno-hw-mul\libgcc.a(lib2-divmod.o)
 .comment       0x00000000       0x27 c:/altera/13.0sp1/nios2eds/bin/gnu/h-i686-mingw32/bin/../lib/gcc/nios2-elf/4.1.2/mno-hw-mul\libgcc.a(lib2-mul.o)
 .comment       0x00000000       0x27 c:/altera/13.0sp1/nios2eds/bin/gnu/h-i686-mingw32/bin/../lib/gcc/nios2-elf/4.1.2/mno-hw-mul\libgcc.a(_muldi3.o)
 .comment       0x00000000       0x27 c:/altera/13.0sp1/nios2eds/bin/gnu/h-i686-mingw32/bin/../lib/gcc/nios2-elf/4.1.2/mno-hw-mul\libgcc.a(_clzsi2.o)
 .comment       0x00000000       0x27 c:/altera/13.0sp1/nios2eds/bin/gnu/h-i686-mingw32/bin/../lib/gcc/nios2-elf/4.1.2/mno-hw-mul\libgcc.a(_pack_df.o)
 .comment       0x00000000       0x27 c:/altera/13.0sp1/nios2eds/bin/gnu/h-i686-mingw32/bin/../lib/gcc/nios2-elf/4.1.2/mno-hw-mul\libgcc.a(_unpack_df.o)
 .comment       0x00000000       0x27 c:/altera/13.0sp1/nios2eds/bin/gnu/h-i686-mingw32/bin/../lib/gcc/nios2-elf/4.1.2/mno-hw-mul\libgcc.a(_fpcmp_parts_df.o)
 .comment       0x00000000       0x27 c:/altera/13.0sp1/nios2eds/bin/gnu/h-i686-mingw32/bin/../lib/gcc/nios2-elf/4.1.2/mno-hw-mul\libgcc.a(_clz.o)
 .comment       0x00000000       0x27 c:/altera/13.0sp1/nios2eds/bin/gnu/h-i686-mingw32/bin/../lib/gcc/nios2-elf/4.1.2/../../../../nios2-elf/lib/mno-hw-mul\libc.a(lib_a-errno.o)
 .comment       0x00000000       0x27 c:/altera/13.0sp1/nios2eds/bin/gnu/h-i686-mingw32/bin/../lib/gcc/nios2-elf/4.1.2/../../../../nios2-elf/lib/mno-hw-mul\libc.a(lib_a-impure.o)
 .comment       0x00000000       0x27 ../A1_bsp/\libhal_bsp.a(alt_main.o)
 .comment       0x00000000       0x27 ../A1_bsp/\libhal_bsp.a(alt_sys_init.o)
 .comment       0x00000000       0x27 ../A1_bsp/\libhal_bsp.a(altera_avalon_epcs_flash_controller.o)
 .comment       0x00000000       0x27 ../A1_bsp/\libhal_bsp.a(altera_avalon_jtag_uart_fd.o)
 .comment       0x00000000       0x27 ../A1_bsp/\libhal_bsp.a(altera_avalon_jtag_uart_init.o)
 .comment       0x00000000       0x27 ../A1_bsp/\libhal_bsp.a(altera_avalon_jtag_uart_ioctl.o)
 .comment       0x00000000       0x27 ../A1_bsp/\libhal_bsp.a(altera_avalon_jtag_uart_read.o)
 .comment       0x00000000       0x27 ../A1_bsp/\libhal_bsp.a(altera_avalon_jtag_uart_write.o)
 .comment       0x00000000       0x27 ../A1_bsp/\libhal_bsp.a(altera_avalon_timer_sc.o)
 .comment       0x00000000       0x27 ../A1_bsp/\libhal_bsp.a(altera_avalon_uart_fd.o)
 .comment       0x00000000       0x27 ../A1_bsp/\libhal_bsp.a(altera_avalon_uart_init.o)
 .comment       0x00000000       0x27 ../A1_bsp/\libhal_bsp.a(altera_avalon_uart_read.o)
 .comment       0x00000000       0x27 ../A1_bsp/\libhal_bsp.a(altera_avalon_uart_write.o)
 .comment       0x00000000       0x27 ../A1_bsp/\libhal_bsp.a(epcs_commands.o)
 .comment       0x00000000       0x27 ../A1_bsp/\libhal_bsp.a(alt_alarm_start.o)
 .comment       0x00000000       0x27 ../A1_bsp/\libhal_bsp.a(alt_close.o)
 .comment       0x00000000       0x27 ../A1_bsp/\libhal_bsp.a(alt_dev.o)
 .comment       0x00000000       0x27 ../A1_bsp/\libhal_bsp.a(alt_dev_llist_insert.o)
 .comment       0x00000000       0x27 ../A1_bsp/\libhal_bsp.a(alt_do_ctors.o)
 .comment       0x00000000       0x27 ../A1_bsp/\libhal_bsp.a(alt_do_dtors.o)
 .comment       0x00000000       0x27 ../A1_bsp/\libhal_bsp.a(alt_errno.o)
 .comment       0x00000000       0x27 ../A1_bsp/\libhal_bsp.a(alt_flash_dev.o)
 .comment       0x00000000       0x27 ../A1_bsp/\libhal_bsp.a(alt_iic.o)
 .comment       0x00000000       0x27 ../A1_bsp/\libhal_bsp.a(alt_iic_isr_register.o)
 .comment       0x00000000       0x27 ../A1_bsp/\libhal_bsp.a(alt_io_redirect.o)
 .comment       0x00000000       0x27 ../A1_bsp/\libhal_bsp.a(alt_irq_handler.o)
 .comment       0x00000000       0x27 ../A1_bsp/\libhal_bsp.a(alt_irq_vars.o)
 .comment       0x00000000       0x27 ../A1_bsp/\libhal_bsp.a(alt_open.o)
 .comment       0x00000000       0x27 ../A1_bsp/\libhal_bsp.a(alt_release_fd.o)
 .comment       0x00000000       0x27 ../A1_bsp/\libhal_bsp.a(alt_tick.o)
 .comment       0x00000000       0x27 ../A1_bsp/\libhal_bsp.a(altera_nios2_qsys_irq.o)
 .comment       0x00000000       0x27 ../A1_bsp/\libhal_bsp.a(altera_avalon_spi.o)
 .comment       0x00000000       0x27 ../A1_bsp/\libhal_bsp.a(alt_find_dev.o)
 .comment       0x00000000       0x27 ../A1_bsp/\libhal_bsp.a(alt_find_file.o)
 .comment       0x00000000       0x27 ../A1_bsp/\libhal_bsp.a(alt_get_fd.o)
 .comment       0x00000000       0x27 c:/altera/13.0sp1/nios2eds/bin/gnu/h-i686-mingw32/bin/../lib/gcc/nios2-elf/4.1.2/../../../../nios2-elf/lib/mno-hw-mul\libc.a(lib_a-atexit.o)
 .comment       0x00000000       0x27 c:/altera/13.0sp1/nios2eds/bin/gnu/h-i686-mingw32/bin/../lib/gcc/nios2-elf/4.1.2/../../../../nios2-elf/lib/mno-hw-mul\libc.a(lib_a-exit.o)
 .comment       0x00000000       0x27 c:/altera/13.0sp1/nios2eds/bin/gnu/h-i686-mingw32/bin/../lib/gcc/nios2-elf/4.1.2/../../../../nios2-elf/lib/mno-hw-mul\libc.a(lib_a-int_errno.o)
 .comment       0x00000000       0x27 c:/altera/13.0sp1/nios2eds/bin/gnu/h-i686-mingw32/bin/../lib/gcc/nios2-elf/4.1.2/../../../../nios2-elf/lib/mno-hw-mul\libc.a(lib_a-memcmp.o)
 .comment       0x00000000       0x27 c:/altera/13.0sp1/nios2eds/bin/gnu/h-i686-mingw32/bin/../lib/gcc/nios2-elf/4.1.2/../../../../nios2-elf/lib/mno-hw-mul\libc.a(lib_a-memcpy.o)
 .comment       0x00000000       0x27 c:/altera/13.0sp1/nios2eds/bin/gnu/h-i686-mingw32/bin/../lib/gcc/nios2-elf/4.1.2/../../../../nios2-elf/lib/mno-hw-mul\libc.a(lib_a-strlen.o)
 .comment       0x00000000       0x27 c:/altera/13.0sp1/nios2eds/bin/gnu/h-i686-mingw32/bin/../lib/gcc/nios2-elf/4.1.2/../../../../nios2-elf/lib/mno-hw-mul\libc.a(lib_a-__atexit.o)
 .comment       0x00000000       0x27 c:/altera/13.0sp1/nios2eds/bin/gnu/h-i686-mingw32/bin/../lib/gcc/nios2-elf/4.1.2/../../../../nios2-elf/lib/mno-hw-mul\libc.a(lib_a-__call_atexit.o)
 .comment       0x00000000       0x27 ../A1_bsp/\libhal_bsp.a(alt_exit.o)

.debug
 *(.debug)

.line
 *(.line)

.debug_srcinfo
 *(.debug_srcinfo)

.debug_sfnames
 *(.debug_sfnames)

.debug_aranges  0x00000000      0x9f0
 *(.debug_aranges)
 .debug_aranges
                0x00000000       0x20 ../A1_bsp//obj/HAL/src/crt0.o
 .debug_aranges
                0x00000020       0x20 obj/default/main.o
 .debug_aranges
                0x00000040       0x20 obj/default/print_functions.o
 .debug_aranges
                0x00000060       0x20 obj/default/print_screens.o
 .debug_aranges
                0x00000080       0x20 obj/default/process_entry.o
 .debug_aranges
                0x000000a0       0x20 c:/altera/13.0sp1/nios2eds/bin/gnu/h-i686-mingw32/bin/../lib/gcc/nios2-elf/4.1.2/../../../../nios2-elf/lib/mno-hw-mul\libm.a(lib_a-w_pow.o)
 .debug_aranges
                0x000000c0       0x20 c:/altera/13.0sp1/nios2eds/bin/gnu/h-i686-mingw32/bin/../lib/gcc/nios2-elf/4.1.2/../../../../nios2-elf/lib/mno-hw-mul\libm.a(lib_a-e_pow.o)
 .debug_aranges
                0x000000e0       0x20 c:/altera/13.0sp1/nios2eds/bin/gnu/h-i686-mingw32/bin/../lib/gcc/nios2-elf/4.1.2/../../../../nios2-elf/lib/mno-hw-mul\libm.a(lib_a-e_sqrt.o)
 .debug_aranges
                0x00000100       0x20 c:/altera/13.0sp1/nios2eds/bin/gnu/h-i686-mingw32/bin/../lib/gcc/nios2-elf/4.1.2/../../../../nios2-elf/lib/mno-hw-mul\libm.a(lib_a-s_fabs.o)
 .debug_aranges
                0x00000120       0x20 c:/altera/13.0sp1/nios2eds/bin/gnu/h-i686-mingw32/bin/../lib/gcc/nios2-elf/4.1.2/../../../../nios2-elf/lib/mno-hw-mul\libm.a(lib_a-s_finite.o)
 .debug_aranges
                0x00000140       0x20 c:/altera/13.0sp1/nios2eds/bin/gnu/h-i686-mingw32/bin/../lib/gcc/nios2-elf/4.1.2/../../../../nios2-elf/lib/mno-hw-mul\libm.a(lib_a-s_isnand.o)
 .debug_aranges
                0x00000160       0x20 c:/altera/13.0sp1/nios2eds/bin/gnu/h-i686-mingw32/bin/../lib/gcc/nios2-elf/4.1.2/../../../../nios2-elf/lib/mno-hw-mul\libm.a(lib_a-s_matherr.o)
 .debug_aranges
                0x00000180       0x20 c:/altera/13.0sp1/nios2eds/bin/gnu/h-i686-mingw32/bin/../lib/gcc/nios2-elf/4.1.2/../../../../nios2-elf/lib/mno-hw-mul\libm.a(lib_a-s_nan.o)
 .debug_aranges
                0x000001a0       0x20 c:/altera/13.0sp1/nios2eds/bin/gnu/h-i686-mingw32/bin/../lib/gcc/nios2-elf/4.1.2/../../../../nios2-elf/lib/mno-hw-mul\libm.a(lib_a-s_rint.o)
 .debug_aranges
                0x000001c0       0x20 c:/altera/13.0sp1/nios2eds/bin/gnu/h-i686-mingw32/bin/../lib/gcc/nios2-elf/4.1.2/../../../../nios2-elf/lib/mno-hw-mul\libm.a(lib_a-s_scalbn.o)
 .debug_aranges
                0x000001e0       0x20 c:/altera/13.0sp1/nios2eds/bin/gnu/h-i686-mingw32/bin/../lib/gcc/nios2-elf/4.1.2/../../../../nios2-elf/lib/mno-hw-mul\libm.a(lib_a-s_copysign.o)
 .debug_aranges
                0x00000200       0x20 c:/altera/13.0sp1/nios2eds/bin/gnu/h-i686-mingw32/bin/../lib/gcc/nios2-elf/4.1.2/mno-hw-mul\libgcc.a(_addsub_df.o)
 .debug_aranges
                0x00000220       0x20 c:/altera/13.0sp1/nios2eds/bin/gnu/h-i686-mingw32/bin/../lib/gcc/nios2-elf/4.1.2/mno-hw-mul\libgcc.a(_mul_df.o)
 .debug_aranges
                0x00000240       0x20 c:/altera/13.0sp1/nios2eds/bin/gnu/h-i686-mingw32/bin/../lib/gcc/nios2-elf/4.1.2/mno-hw-mul\libgcc.a(_div_df.o)
 .debug_aranges
                0x00000260       0x20 c:/altera/13.0sp1/nios2eds/bin/gnu/h-i686-mingw32/bin/../lib/gcc/nios2-elf/4.1.2/mno-hw-mul\libgcc.a(_eq_df.o)
 .debug_aranges
                0x00000280       0x20 c:/altera/13.0sp1/nios2eds/bin/gnu/h-i686-mingw32/bin/../lib/gcc/nios2-elf/4.1.2/mno-hw-mul\libgcc.a(_ne_df.o)
 .debug_aranges
                0x000002a0       0x20 c:/altera/13.0sp1/nios2eds/bin/gnu/h-i686-mingw32/bin/../lib/gcc/nios2-elf/4.1.2/mno-hw-mul\libgcc.a(_gt_df.o)
 .debug_aranges
                0x000002c0       0x20 c:/altera/13.0sp1/nios2eds/bin/gnu/h-i686-mingw32/bin/../lib/gcc/nios2-elf/4.1.2/mno-hw-mul\libgcc.a(_lt_df.o)
 .debug_aranges
                0x000002e0       0x20 c:/altera/13.0sp1/nios2eds/bin/gnu/h-i686-mingw32/bin/../lib/gcc/nios2-elf/4.1.2/mno-hw-mul\libgcc.a(_le_df.o)
 .debug_aranges
                0x00000300       0x20 c:/altera/13.0sp1/nios2eds/bin/gnu/h-i686-mingw32/bin/../lib/gcc/nios2-elf/4.1.2/mno-hw-mul\libgcc.a(_si_to_df.o)
 .debug_aranges
                0x00000320       0x20 c:/altera/13.0sp1/nios2eds/bin/gnu/h-i686-mingw32/bin/../lib/gcc/nios2-elf/4.1.2/mno-hw-mul\libgcc.a(_df_to_si.o)
 .debug_aranges
                0x00000340       0x20 c:/altera/13.0sp1/nios2eds/bin/gnu/h-i686-mingw32/bin/../lib/gcc/nios2-elf/4.1.2/mno-hw-mul\libgcc.a(_usi_to_df.o)
 .debug_aranges
                0x00000360       0x20 c:/altera/13.0sp1/nios2eds/bin/gnu/h-i686-mingw32/bin/../lib/gcc/nios2-elf/4.1.2/mno-hw-mul\libgcc.a(lib2-divmod.o)
 .debug_aranges
                0x00000380       0x20 c:/altera/13.0sp1/nios2eds/bin/gnu/h-i686-mingw32/bin/../lib/gcc/nios2-elf/4.1.2/mno-hw-mul\libgcc.a(lib2-mul.o)
 .debug_aranges
                0x000003a0       0x20 c:/altera/13.0sp1/nios2eds/bin/gnu/h-i686-mingw32/bin/../lib/gcc/nios2-elf/4.1.2/mno-hw-mul\libgcc.a(_muldi3.o)
 .debug_aranges
                0x000003c0       0x20 c:/altera/13.0sp1/nios2eds/bin/gnu/h-i686-mingw32/bin/../lib/gcc/nios2-elf/4.1.2/mno-hw-mul\libgcc.a(_clzsi2.o)
 .debug_aranges
                0x000003e0       0x20 c:/altera/13.0sp1/nios2eds/bin/gnu/h-i686-mingw32/bin/../lib/gcc/nios2-elf/4.1.2/mno-hw-mul\libgcc.a(_pack_df.o)
 .debug_aranges
                0x00000400       0x20 c:/altera/13.0sp1/nios2eds/bin/gnu/h-i686-mingw32/bin/../lib/gcc/nios2-elf/4.1.2/mno-hw-mul\libgcc.a(_unpack_df.o)
 .debug_aranges
                0x00000420       0x20 c:/altera/13.0sp1/nios2eds/bin/gnu/h-i686-mingw32/bin/../lib/gcc/nios2-elf/4.1.2/mno-hw-mul\libgcc.a(_fpcmp_parts_df.o)
 .debug_aranges
                0x00000440       0x20 c:/altera/13.0sp1/nios2eds/bin/gnu/h-i686-mingw32/bin/../lib/gcc/nios2-elf/4.1.2/../../../../nios2-elf/lib/mno-hw-mul\libc.a(lib_a-errno.o)
 .debug_aranges
                0x00000460       0x20 ../A1_bsp/\libhal_bsp.a(alt_main.o)
 .debug_aranges
                0x00000480       0x20 ../A1_bsp/\libhal_bsp.a(alt_sys_init.o)
 .debug_aranges
                0x000004a0       0x20 ../A1_bsp/\libhal_bsp.a(altera_avalon_epcs_flash_controller.o)
 .debug_aranges
                0x000004c0       0x20 ../A1_bsp/\libhal_bsp.a(altera_avalon_jtag_uart_fd.o)
 .debug_aranges
                0x000004e0       0x20 ../A1_bsp/\libhal_bsp.a(altera_avalon_jtag_uart_init.o)
 .debug_aranges
                0x00000500       0x20 ../A1_bsp/\libhal_bsp.a(altera_avalon_jtag_uart_ioctl.o)
 .debug_aranges
                0x00000520       0x20 ../A1_bsp/\libhal_bsp.a(altera_avalon_jtag_uart_read.o)
 .debug_aranges
                0x00000540       0x20 ../A1_bsp/\libhal_bsp.a(altera_avalon_jtag_uart_write.o)
 .debug_aranges
                0x00000560       0x20 ../A1_bsp/\libhal_bsp.a(altera_avalon_timer_sc.o)
 .debug_aranges
                0x00000580       0x20 ../A1_bsp/\libhal_bsp.a(altera_avalon_uart_fd.o)
 .debug_aranges
                0x000005a0       0x20 ../A1_bsp/\libhal_bsp.a(altera_avalon_uart_init.o)
 .debug_aranges
                0x000005c0       0x20 ../A1_bsp/\libhal_bsp.a(altera_avalon_uart_read.o)
 .debug_aranges
                0x000005e0       0x20 ../A1_bsp/\libhal_bsp.a(altera_avalon_uart_write.o)
 .debug_aranges
                0x00000600       0x20 ../A1_bsp/\libhal_bsp.a(epcs_commands.o)
 .debug_aranges
                0x00000620       0x20 ../A1_bsp/\libhal_bsp.a(alt_alarm_start.o)
 .debug_aranges
                0x00000640       0x20 ../A1_bsp/\libhal_bsp.a(alt_close.o)
 .debug_aranges
                0x00000660       0x20 ../A1_bsp/\libhal_bsp.a(alt_dev.o)
 .debug_aranges
                0x00000680       0x20 ../A1_bsp/\libhal_bsp.a(alt_dev_llist_insert.o)
 .debug_aranges
                0x000006a0       0x20 ../A1_bsp/\libhal_bsp.a(alt_do_ctors.o)
 .debug_aranges
                0x000006c0       0x20 ../A1_bsp/\libhal_bsp.a(alt_do_dtors.o)
 .debug_aranges
                0x000006e0       0x20 ../A1_bsp/\libhal_bsp.a(alt_flash_dev.o)
 .debug_aranges
                0x00000700       0x20 ../A1_bsp/\libhal_bsp.a(alt_iic.o)
 .debug_aranges
                0x00000720       0x20 ../A1_bsp/\libhal_bsp.a(alt_iic_isr_register.o)
 .debug_aranges
                0x00000740       0x20 ../A1_bsp/\libhal_bsp.a(alt_io_redirect.o)
 .debug_aranges
                0x00000760       0x30 ../A1_bsp/\libhal_bsp.a(alt_irq_entry.o)
 .debug_aranges
                0x00000790       0x28 ../A1_bsp/\libhal_bsp.a(alt_irq_handler.o)
 .debug_aranges
                0x000007b8       0x20 ../A1_bsp/\libhal_bsp.a(alt_open.o)
 .debug_aranges
                0x000007d8       0x20 ../A1_bsp/\libhal_bsp.a(alt_release_fd.o)
 .debug_aranges
                0x000007f8       0x20 ../A1_bsp/\libhal_bsp.a(alt_tick.o)
 .debug_aranges
                0x00000818       0x20 ../A1_bsp/\libhal_bsp.a(altera_nios2_qsys_irq.o)
 .debug_aranges
                0x00000838       0x20 ../A1_bsp/\libhal_bsp.a(altera_avalon_spi.o)
 .debug_aranges
                0x00000858       0x38 ../A1_bsp/\libhal_bsp.a(alt_exception_entry.o)
 .debug_aranges
                0x00000890       0x20 ../A1_bsp/\libhal_bsp.a(alt_find_dev.o)
 .debug_aranges
                0x000008b0       0x20 ../A1_bsp/\libhal_bsp.a(alt_find_file.o)
 .debug_aranges
                0x000008d0       0x20 ../A1_bsp/\libhal_bsp.a(alt_get_fd.o)
 .debug_aranges
                0x000008f0       0x20 c:/altera/13.0sp1/nios2eds/bin/gnu/h-i686-mingw32/bin/../lib/gcc/nios2-elf/4.1.2/../../../../nios2-elf/lib/mno-hw-mul\libc.a(lib_a-atexit.o)
 .debug_aranges
                0x00000910       0x20 c:/altera/13.0sp1/nios2eds/bin/gnu/h-i686-mingw32/bin/../lib/gcc/nios2-elf/4.1.2/../../../../nios2-elf/lib/mno-hw-mul\libc.a(lib_a-exit.o)
 .debug_aranges
                0x00000930       0x20 c:/altera/13.0sp1/nios2eds/bin/gnu/h-i686-mingw32/bin/../lib/gcc/nios2-elf/4.1.2/../../../../nios2-elf/lib/mno-hw-mul\libc.a(lib_a-memcmp.o)
 .debug_aranges
                0x00000950       0x20 c:/altera/13.0sp1/nios2eds/bin/gnu/h-i686-mingw32/bin/../lib/gcc/nios2-elf/4.1.2/../../../../nios2-elf/lib/mno-hw-mul\libc.a(lib_a-memcpy.o)
 .debug_aranges
                0x00000970       0x20 c:/altera/13.0sp1/nios2eds/bin/gnu/h-i686-mingw32/bin/../lib/gcc/nios2-elf/4.1.2/../../../../nios2-elf/lib/mno-hw-mul\libc.a(lib_a-strlen.o)
 .debug_aranges
                0x00000990       0x20 c:/altera/13.0sp1/nios2eds/bin/gnu/h-i686-mingw32/bin/../lib/gcc/nios2-elf/4.1.2/../../../../nios2-elf/lib/mno-hw-mul\libc.a(lib_a-__atexit.o)
 .debug_aranges
                0x000009b0       0x20 c:/altera/13.0sp1/nios2eds/bin/gnu/h-i686-mingw32/bin/../lib/gcc/nios2-elf/4.1.2/../../../../nios2-elf/lib/mno-hw-mul\libc.a(lib_a-__call_atexit.o)
 .debug_aranges
                0x000009d0       0x20 ../A1_bsp/\libhal_bsp.a(alt_exit.o)

.debug_pubnames
                0x00000000     0x10b5
 *(.debug_pubnames)
 .debug_pubnames
                0x00000000       0x43 obj/default/data.o
 .debug_pubnames
                0x00000043       0x25 obj/default/main.o
 .debug_pubnames
                0x00000068       0x63 obj/default/print_functions.o
 .debug_pubnames
                0x000000cb       0x43 obj/default/print_screens.o
 .debug_pubnames
                0x0000010e       0xc3 obj/default/process_entry.o
 .debug_pubnames
                0x000001d1       0x1a c:/altera/13.0sp1/nios2eds/bin/gnu/h-i686-mingw32/bin/../lib/gcc/nios2-elf/4.1.2/../../../../nios2-elf/lib/mno-hw-mul\libm.a(lib_a-w_pow.o)
 .debug_pubnames
                0x000001eb       0x24 c:/altera/13.0sp1/nios2eds/bin/gnu/h-i686-mingw32/bin/../lib/gcc/nios2-elf/4.1.2/../../../../nios2-elf/lib/mno-hw-mul\libm.a(lib_a-e_pow.o)
 .debug_pubnames
                0x0000020f       0x25 c:/altera/13.0sp1/nios2eds/bin/gnu/h-i686-mingw32/bin/../lib/gcc/nios2-elf/4.1.2/../../../../nios2-elf/lib/mno-hw-mul\libm.a(lib_a-e_sqrt.o)
 .debug_pubnames
                0x00000234       0x1b c:/altera/13.0sp1/nios2eds/bin/gnu/h-i686-mingw32/bin/../lib/gcc/nios2-elf/4.1.2/../../../../nios2-elf/lib/mno-hw-mul\libm.a(lib_a-s_fabs.o)
 .debug_pubnames
                0x0000024f       0x1d c:/altera/13.0sp1/nios2eds/bin/gnu/h-i686-mingw32/bin/../lib/gcc/nios2-elf/4.1.2/../../../../nios2-elf/lib/mno-hw-mul\libm.a(lib_a-s_finite.o)
 .debug_pubnames
                0x0000026c       0x1f c:/altera/13.0sp1/nios2eds/bin/gnu/h-i686-mingw32/bin/../lib/gcc/nios2-elf/4.1.2/../../../../nios2-elf/lib/mno-hw-mul\libm.a(lib_a-s_isnand.o)
 .debug_pubnames
                0x0000028b       0x26 c:/altera/13.0sp1/nios2eds/bin/gnu/h-i686-mingw32/bin/../lib/gcc/nios2-elf/4.1.2/../../../../nios2-elf/lib/mno-hw-mul\libm.a(lib_a-s_lib_ver.o)
 .debug_pubnames
                0x000002b1       0x1e c:/altera/13.0sp1/nios2eds/bin/gnu/h-i686-mingw32/bin/../lib/gcc/nios2-elf/4.1.2/../../../../nios2-elf/lib/mno-hw-mul\libm.a(lib_a-s_matherr.o)
 .debug_pubnames
                0x000002cf       0x1a c:/altera/13.0sp1/nios2eds/bin/gnu/h-i686-mingw32/bin/../lib/gcc/nios2-elf/4.1.2/../../../../nios2-elf/lib/mno-hw-mul\libm.a(lib_a-s_nan.o)
 .debug_pubnames
                0x000002e9       0x1b c:/altera/13.0sp1/nios2eds/bin/gnu/h-i686-mingw32/bin/../lib/gcc/nios2-elf/4.1.2/../../../../nios2-elf/lib/mno-hw-mul\libm.a(lib_a-s_rint.o)
 .debug_pubnames
                0x00000304       0x1d c:/altera/13.0sp1/nios2eds/bin/gnu/h-i686-mingw32/bin/../lib/gcc/nios2-elf/4.1.2/../../../../nios2-elf/lib/mno-hw-mul\libm.a(lib_a-s_scalbn.o)
 .debug_pubnames
                0x00000321       0x1f c:/altera/13.0sp1/nios2eds/bin/gnu/h-i686-mingw32/bin/../lib/gcc/nios2-elf/4.1.2/../../../../nios2-elf/lib/mno-hw-mul\libm.a(lib_a-s_copysign.o)
 .debug_pubnames
                0x00000340       0x2c c:/altera/13.0sp1/nios2eds/bin/gnu/h-i686-mingw32/bin/../lib/gcc/nios2-elf/4.1.2/mno-hw-mul\libgcc.a(_addsub_df.o)
 .debug_pubnames
                0x0000036c       0x1f c:/altera/13.0sp1/nios2eds/bin/gnu/h-i686-mingw32/bin/../lib/gcc/nios2-elf/4.1.2/mno-hw-mul\libgcc.a(_mul_df.o)
 .debug_pubnames
                0x0000038b       0x1f c:/altera/13.0sp1/nios2eds/bin/gnu/h-i686-mingw32/bin/../lib/gcc/nios2-elf/4.1.2/mno-hw-mul\libgcc.a(_div_df.o)
 .debug_pubnames
                0x000003aa       0x1e c:/altera/13.0sp1/nios2eds/bin/gnu/h-i686-mingw32/bin/../lib/gcc/nios2-elf/4.1.2/mno-hw-mul\libgcc.a(_eq_df.o)
 .debug_pubnames
                0x000003c8       0x1e c:/altera/13.0sp1/nios2eds/bin/gnu/h-i686-mingw32/bin/../lib/gcc/nios2-elf/4.1.2/mno-hw-mul\libgcc.a(_ne_df.o)
 .debug_pubnames
                0x000003e6       0x1e c:/altera/13.0sp1/nios2eds/bin/gnu/h-i686-mingw32/bin/../lib/gcc/nios2-elf/4.1.2/mno-hw-mul\libgcc.a(_gt_df.o)
 .debug_pubnames
                0x00000404       0x1e c:/altera/13.0sp1/nios2eds/bin/gnu/h-i686-mingw32/bin/../lib/gcc/nios2-elf/4.1.2/mno-hw-mul\libgcc.a(_lt_df.o)
 .debug_pubnames
                0x00000422       0x1e c:/altera/13.0sp1/nios2eds/bin/gnu/h-i686-mingw32/bin/../lib/gcc/nios2-elf/4.1.2/mno-hw-mul\libgcc.a(_le_df.o)
 .debug_pubnames
                0x00000440       0x22 c:/altera/13.0sp1/nios2eds/bin/gnu/h-i686-mingw32/bin/../lib/gcc/nios2-elf/4.1.2/mno-hw-mul\libgcc.a(_si_to_df.o)
 .debug_pubnames
                0x00000462       0x20 c:/altera/13.0sp1/nios2eds/bin/gnu/h-i686-mingw32/bin/../lib/gcc/nios2-elf/4.1.2/mno-hw-mul\libgcc.a(_df_to_si.o)
 .debug_pubnames
                0x00000482       0x22 c:/altera/13.0sp1/nios2eds/bin/gnu/h-i686-mingw32/bin/../lib/gcc/nios2-elf/4.1.2/mno-hw-mul\libgcc.a(_thenan_df.o)
 .debug_pubnames
                0x000004a4       0x24 c:/altera/13.0sp1/nios2eds/bin/gnu/h-i686-mingw32/bin/../lib/gcc/nios2-elf/4.1.2/mno-hw-mul\libgcc.a(_usi_to_df.o)
 .debug_pubnames
                0x000004c8       0x48 c:/altera/13.0sp1/nios2eds/bin/gnu/h-i686-mingw32/bin/../lib/gcc/nios2-elf/4.1.2/mno-hw-mul\libgcc.a(lib2-divmod.o)
 .debug_pubnames
                0x00000510       0x1f c:/altera/13.0sp1/nios2eds/bin/gnu/h-i686-mingw32/bin/../lib/gcc/nios2-elf/4.1.2/mno-hw-mul\libgcc.a(lib2-mul.o)
 .debug_pubnames
                0x0000052f       0x1f c:/altera/13.0sp1/nios2eds/bin/gnu/h-i686-mingw32/bin/../lib/gcc/nios2-elf/4.1.2/mno-hw-mul\libgcc.a(_muldi3.o)
 .debug_pubnames
                0x0000054e       0x1f c:/altera/13.0sp1/nios2eds/bin/gnu/h-i686-mingw32/bin/../lib/gcc/nios2-elf/4.1.2/mno-hw-mul\libgcc.a(_clzsi2.o)
 .debug_pubnames
                0x0000056d       0x1f c:/altera/13.0sp1/nios2eds/bin/gnu/h-i686-mingw32/bin/../lib/gcc/nios2-elf/4.1.2/mno-hw-mul\libgcc.a(_pack_df.o)
 .debug_pubnames
                0x0000058c       0x21 c:/altera/13.0sp1/nios2eds/bin/gnu/h-i686-mingw32/bin/../lib/gcc/nios2-elf/4.1.2/mno-hw-mul\libgcc.a(_unpack_df.o)
 .debug_pubnames
                0x000005ad       0x26 c:/altera/13.0sp1/nios2eds/bin/gnu/h-i686-mingw32/bin/../lib/gcc/nios2-elf/4.1.2/mno-hw-mul\libgcc.a(_fpcmp_parts_df.o)
 .debug_pubnames
                0x000005d3       0x20 c:/altera/13.0sp1/nios2eds/bin/gnu/h-i686-mingw32/bin/../lib/gcc/nios2-elf/4.1.2/mno-hw-mul\libgcc.a(_clz.o)
 .debug_pubnames
                0x000005f3       0x1e c:/altera/13.0sp1/nios2eds/bin/gnu/h-i686-mingw32/bin/../lib/gcc/nios2-elf/4.1.2/../../../../nios2-elf/lib/mno-hw-mul\libc.a(lib_a-errno.o)
 .debug_pubnames
                0x00000611       0x39 c:/altera/13.0sp1/nios2eds/bin/gnu/h-i686-mingw32/bin/../lib/gcc/nios2-elf/4.1.2/../../../../nios2-elf/lib/mno-hw-mul\libc.a(lib_a-impure.o)
 .debug_pubnames
                0x0000064a       0x46 ../A1_bsp/\libhal_bsp.a(alt_main.o)
 .debug_pubnames
                0x00000690       0x34 ../A1_bsp/\libhal_bsp.a(alt_sys_init.o)
 .debug_pubnames
                0x000006c4       0xb5 ../A1_bsp/\libhal_bsp.a(altera_avalon_epcs_flash_controller.o)
 .debug_pubnames
                0x00000779       0xa5 ../A1_bsp/\libhal_bsp.a(altera_avalon_jtag_uart_fd.o)
 .debug_pubnames
                0x0000081e       0x55 ../A1_bsp/\libhal_bsp.a(altera_avalon_jtag_uart_init.o)
 .debug_pubnames
                0x00000873       0x34 ../A1_bsp/\libhal_bsp.a(altera_avalon_jtag_uart_ioctl.o)
 .debug_pubnames
                0x000008a7       0x33 ../A1_bsp/\libhal_bsp.a(altera_avalon_jtag_uart_read.o)
 .debug_pubnames
                0x000008da       0x34 ../A1_bsp/\libhal_bsp.a(altera_avalon_jtag_uart_write.o)
 .debug_pubnames
                0x0000090e       0x2f ../A1_bsp/\libhal_bsp.a(altera_avalon_timer_sc.o)
 .debug_pubnames
                0x0000093d       0x71 ../A1_bsp/\libhal_bsp.a(altera_avalon_uart_fd.o)
 .debug_pubnames
                0x000009ae       0x4b ../A1_bsp/\libhal_bsp.a(altera_avalon_uart_init.o)
 .debug_pubnames
                0x000009f9       0x2e ../A1_bsp/\libhal_bsp.a(altera_avalon_uart_read.o)
 .debug_pubnames
                0x00000a27       0x2f ../A1_bsp/\libhal_bsp.a(altera_avalon_uart_write.o)
 .debug_pubnames
                0x00000a56      0x118 ../A1_bsp/\libhal_bsp.a(epcs_commands.o)
 .debug_pubnames
                0x00000b6e       0x26 ../A1_bsp/\libhal_bsp.a(alt_alarm_start.o)
 .debug_pubnames
                0x00000b94       0x1c ../A1_bsp/\libhal_bsp.a(alt_close.o)
 .debug_pubnames
                0x00000bb0       0x63 ../A1_bsp/\libhal_bsp.a(alt_dev.o)
 .debug_pubnames
                0x00000c13       0x2b ../A1_bsp/\libhal_bsp.a(alt_dev_llist_insert.o)
 .debug_pubnames
                0x00000c3e       0x20 ../A1_bsp/\libhal_bsp.a(alt_do_ctors.o)
 .debug_pubnames
                0x00000c5e       0x20 ../A1_bsp/\libhal_bsp.a(alt_do_dtors.o)
 .debug_pubnames
                0x00000c7e       0x20 ../A1_bsp/\libhal_bsp.a(alt_errno.o)
 .debug_pubnames
                0x00000c9e       0x58 ../A1_bsp/\libhal_bsp.a(alt_flash_dev.o)
 .debug_pubnames
                0x00000cf6       0x6e ../A1_bsp/\libhal_bsp.a(alt_iic.o)
 .debug_pubnames
                0x00000d64       0x2b ../A1_bsp/\libhal_bsp.a(alt_iic_isr_register.o)
 .debug_pubnames
                0x00000d8f       0x26 ../A1_bsp/\libhal_bsp.a(alt_io_redirect.o)
 .debug_pubnames
                0x00000db5       0x32 ../A1_bsp/\libhal_bsp.a(alt_irq_handler.o)
 .debug_pubnames
                0x00000de7       0x3b ../A1_bsp/\libhal_bsp.a(alt_irq_vars.o)
 .debug_pubnames
                0x00000e22       0x1b ../A1_bsp/\libhal_bsp.a(alt_open.o)
 .debug_pubnames
                0x00000e3d       0x25 ../A1_bsp/\libhal_bsp.a(alt_release_fd.o)
 .debug_pubnames
                0x00000e62       0x68 ../A1_bsp/\libhal_bsp.a(alt_tick.o)
 .debug_pubnames
                0x00000eca       0x31 ../A1_bsp/\libhal_bsp.a(altera_nios2_qsys_irq.o)
 .debug_pubnames
                0x00000efb       0x2d ../A1_bsp/\libhal_bsp.a(altera_avalon_spi.o)
 .debug_pubnames
                0x00000f28       0x23 ../A1_bsp/\libhal_bsp.a(alt_find_dev.o)
 .debug_pubnames
                0x00000f4b       0x24 ../A1_bsp/\libhal_bsp.a(alt_find_file.o)
 .debug_pubnames
                0x00000f6f       0x21 ../A1_bsp/\libhal_bsp.a(alt_get_fd.o)
 .debug_pubnames
                0x00000f90       0x2a c:/altera/13.0sp1/nios2eds/bin/gnu/h-i686-mingw32/bin/../lib/gcc/nios2-elf/4.1.2/../../../../nios2-elf/lib/mno-hw-mul\libc.a(lib_a-atexit.o)
 .debug_pubnames
                0x00000fba       0x1b c:/altera/13.0sp1/nios2eds/bin/gnu/h-i686-mingw32/bin/../lib/gcc/nios2-elf/4.1.2/../../../../nios2-elf/lib/mno-hw-mul\libc.a(lib_a-exit.o)
 .debug_pubnames
                0x00000fd5       0x1c c:/altera/13.0sp1/nios2eds/bin/gnu/h-i686-mingw32/bin/../lib/gcc/nios2-elf/4.1.2/../../../../nios2-elf/lib/mno-hw-mul\libc.a(lib_a-int_errno.o)
 .debug_pubnames
                0x00000ff1       0x1d c:/altera/13.0sp1/nios2eds/bin/gnu/h-i686-mingw32/bin/../lib/gcc/nios2-elf/4.1.2/../../../../nios2-elf/lib/mno-hw-mul\libc.a(lib_a-memcmp.o)
 .debug_pubnames
                0x0000100e       0x1d c:/altera/13.0sp1/nios2eds/bin/gnu/h-i686-mingw32/bin/../lib/gcc/nios2-elf/4.1.2/../../../../nios2-elf/lib/mno-hw-mul\libc.a(lib_a-memcpy.o)
 .debug_pubnames
                0x0000102b       0x1d c:/altera/13.0sp1/nios2eds/bin/gnu/h-i686-mingw32/bin/../lib/gcc/nios2-elf/4.1.2/../../../../nios2-elf/lib/mno-hw-mul\libc.a(lib_a-strlen.o)
 .debug_pubnames
                0x00001048       0x2a c:/altera/13.0sp1/nios2eds/bin/gnu/h-i686-mingw32/bin/../lib/gcc/nios2-elf/4.1.2/../../../../nios2-elf/lib/mno-hw-mul\libc.a(lib_a-__atexit.o)
 .debug_pubnames
                0x00001072       0x27 c:/altera/13.0sp1/nios2eds/bin/gnu/h-i686-mingw32/bin/../lib/gcc/nios2-elf/4.1.2/../../../../nios2-elf/lib/mno-hw-mul\libc.a(lib_a-__call_atexit.o)
 .debug_pubnames
                0x00001099       0x1c ../A1_bsp/\libhal_bsp.a(alt_exit.o)

.debug_info     0x00000000    0x13fb5
 *(.debug_info .gnu.linkonce.wi.*)
 .debug_info    0x00000000       0x82 ../A1_bsp//obj/HAL/src/crt0.o
 .debug_info    0x00000082      0x502 obj/default/data.o
 .debug_info    0x00000584      0x899 obj/default/main.o
 .debug_info    0x00000e1d      0x72c obj/default/print_functions.o
 .debug_info    0x00001549      0x4cf obj/default/print_screens.o
 .debug_info    0x00001a18      0x60c obj/default/process_entry.o
 .debug_info    0x00002024      0x1cc c:/altera/13.0sp1/nios2eds/bin/gnu/h-i686-mingw32/bin/../lib/gcc/nios2-elf/4.1.2/../../../../nios2-elf/lib/mno-hw-mul\libm.a(lib_a-w_pow.o)
 .debug_info    0x000021f0      0x726 c:/altera/13.0sp1/nios2eds/bin/gnu/h-i686-mingw32/bin/../lib/gcc/nios2-elf/4.1.2/../../../../nios2-elf/lib/mno-hw-mul\libm.a(lib_a-e_pow.o)
 .debug_info    0x00002916      0x23a c:/altera/13.0sp1/nios2eds/bin/gnu/h-i686-mingw32/bin/../lib/gcc/nios2-elf/4.1.2/../../../../nios2-elf/lib/mno-hw-mul\libm.a(lib_a-e_sqrt.o)
 .debug_info    0x00002b50      0x13b c:/altera/13.0sp1/nios2eds/bin/gnu/h-i686-mingw32/bin/../lib/gcc/nios2-elf/4.1.2/../../../../nios2-elf/lib/mno-hw-mul\libm.a(lib_a-s_fabs.o)
 .debug_info    0x00002c8b      0x149 c:/altera/13.0sp1/nios2eds/bin/gnu/h-i686-mingw32/bin/../lib/gcc/nios2-elf/4.1.2/../../../../nios2-elf/lib/mno-hw-mul\libm.a(lib_a-s_finite.o)
 .debug_info    0x00002dd4       0xd5 c:/altera/13.0sp1/nios2eds/bin/gnu/h-i686-mingw32/bin/../lib/gcc/nios2-elf/4.1.2/../../../../nios2-elf/lib/mno-hw-mul\libm.a(lib_a-s_isnand.o)
 .debug_info    0x00002ea9       0xc7 c:/altera/13.0sp1/nios2eds/bin/gnu/h-i686-mingw32/bin/../lib/gcc/nios2-elf/4.1.2/../../../../nios2-elf/lib/mno-hw-mul\libm.a(lib_a-s_lib_ver.o)
 .debug_info    0x00002f70      0x133 c:/altera/13.0sp1/nios2eds/bin/gnu/h-i686-mingw32/bin/../lib/gcc/nios2-elf/4.1.2/../../../../nios2-elf/lib/mno-hw-mul\libm.a(lib_a-s_matherr.o)
 .debug_info    0x000030a3      0x145 c:/altera/13.0sp1/nios2eds/bin/gnu/h-i686-mingw32/bin/../lib/gcc/nios2-elf/4.1.2/../../../../nios2-elf/lib/mno-hw-mul\libm.a(lib_a-s_nan.o)
 .debug_info    0x000031e8      0x208 c:/altera/13.0sp1/nios2eds/bin/gnu/h-i686-mingw32/bin/../lib/gcc/nios2-elf/4.1.2/../../../../nios2-elf/lib/mno-hw-mul\libm.a(lib_a-s_rint.o)
 .debug_info    0x000033f0      0x225 c:/altera/13.0sp1/nios2eds/bin/gnu/h-i686-mingw32/bin/../lib/gcc/nios2-elf/4.1.2/../../../../nios2-elf/lib/mno-hw-mul\libm.a(lib_a-s_scalbn.o)
 .debug_info    0x00003615      0x154 c:/altera/13.0sp1/nios2eds/bin/gnu/h-i686-mingw32/bin/../lib/gcc/nios2-elf/4.1.2/../../../../nios2-elf/lib/mno-hw-mul\libm.a(lib_a-s_copysign.o)
 .debug_info    0x00003769      0x493 c:/altera/13.0sp1/nios2eds/bin/gnu/h-i686-mingw32/bin/../lib/gcc/nios2-elf/4.1.2/mno-hw-mul\libgcc.a(_addsub_df.o)
 .debug_info    0x00003bfc      0x488 c:/altera/13.0sp1/nios2eds/bin/gnu/h-i686-mingw32/bin/../lib/gcc/nios2-elf/4.1.2/mno-hw-mul\libgcc.a(_mul_df.o)
 .debug_info    0x00004084      0x39b c:/altera/13.0sp1/nios2eds/bin/gnu/h-i686-mingw32/bin/../lib/gcc/nios2-elf/4.1.2/mno-hw-mul\libgcc.a(_div_df.o)
 .debug_info    0x0000441f      0x29d c:/altera/13.0sp1/nios2eds/bin/gnu/h-i686-mingw32/bin/../lib/gcc/nios2-elf/4.1.2/mno-hw-mul\libgcc.a(_eq_df.o)
 .debug_info    0x000046bc      0x29d c:/altera/13.0sp1/nios2eds/bin/gnu/h-i686-mingw32/bin/../lib/gcc/nios2-elf/4.1.2/mno-hw-mul\libgcc.a(_ne_df.o)
 .debug_info    0x00004959      0x29d c:/altera/13.0sp1/nios2eds/bin/gnu/h-i686-mingw32/bin/../lib/gcc/nios2-elf/4.1.2/mno-hw-mul\libgcc.a(_gt_df.o)
 .debug_info    0x00004bf6      0x29d c:/altera/13.0sp1/nios2eds/bin/gnu/h-i686-mingw32/bin/../lib/gcc/nios2-elf/4.1.2/mno-hw-mul\libgcc.a(_lt_df.o)
 .debug_info    0x00004e93      0x29d c:/altera/13.0sp1/nios2eds/bin/gnu/h-i686-mingw32/bin/../lib/gcc/nios2-elf/4.1.2/mno-hw-mul\libgcc.a(_le_df.o)
 .debug_info    0x00005130      0x218 c:/altera/13.0sp1/nios2eds/bin/gnu/h-i686-mingw32/bin/../lib/gcc/nios2-elf/4.1.2/mno-hw-mul\libgcc.a(_si_to_df.o)
 .debug_info    0x00005348      0x2cd c:/altera/13.0sp1/nios2eds/bin/gnu/h-i686-mingw32/bin/../lib/gcc/nios2-elf/4.1.2/mno-hw-mul\libgcc.a(_df_to_si.o)
 .debug_info    0x00005615      0x164 c:/altera/13.0sp1/nios2eds/bin/gnu/h-i686-mingw32/bin/../lib/gcc/nios2-elf/4.1.2/mno-hw-mul\libgcc.a(_thenan_df.o)
 .debug_info    0x00005779      0x213 c:/altera/13.0sp1/nios2eds/bin/gnu/h-i686-mingw32/bin/../lib/gcc/nios2-elf/4.1.2/mno-hw-mul\libgcc.a(_usi_to_df.o)
 .debug_info    0x0000598c      0x21c c:/altera/13.0sp1/nios2eds/bin/gnu/h-i686-mingw32/bin/../lib/gcc/nios2-elf/4.1.2/mno-hw-mul\libgcc.a(lib2-divmod.o)
 .debug_info    0x00005ba8       0xf3 c:/altera/13.0sp1/nios2eds/bin/gnu/h-i686-mingw32/bin/../lib/gcc/nios2-elf/4.1.2/mno-hw-mul\libgcc.a(lib2-mul.o)
 .debug_info    0x00005c9b      0x210 c:/altera/13.0sp1/nios2eds/bin/gnu/h-i686-mingw32/bin/../lib/gcc/nios2-elf/4.1.2/mno-hw-mul\libgcc.a(_muldi3.o)
 .debug_info    0x00005eab      0x130 c:/altera/13.0sp1/nios2eds/bin/gnu/h-i686-mingw32/bin/../lib/gcc/nios2-elf/4.1.2/mno-hw-mul\libgcc.a(_clzsi2.o)
 .debug_info    0x00005fdb      0x2fc c:/altera/13.0sp1/nios2eds/bin/gnu/h-i686-mingw32/bin/../lib/gcc/nios2-elf/4.1.2/mno-hw-mul\libgcc.a(_pack_df.o)
 .debug_info    0x000062d7      0x268 c:/altera/13.0sp1/nios2eds/bin/gnu/h-i686-mingw32/bin/../lib/gcc/nios2-elf/4.1.2/mno-hw-mul\libgcc.a(_unpack_df.o)
 .debug_info    0x0000653f      0x21b c:/altera/13.0sp1/nios2eds/bin/gnu/h-i686-mingw32/bin/../lib/gcc/nios2-elf/4.1.2/mno-hw-mul\libgcc.a(_fpcmp_parts_df.o)
 .debug_info    0x0000675a       0xc9 c:/altera/13.0sp1/nios2eds/bin/gnu/h-i686-mingw32/bin/../lib/gcc/nios2-elf/4.1.2/mno-hw-mul\libgcc.a(_clz.o)
 .debug_info    0x00006823      0x92e c:/altera/13.0sp1/nios2eds/bin/gnu/h-i686-mingw32/bin/../lib/gcc/nios2-elf/4.1.2/../../../../nios2-elf/lib/mno-hw-mul\libc.a(lib_a-errno.o)
 .debug_info    0x00007151      0x93d c:/altera/13.0sp1/nios2eds/bin/gnu/h-i686-mingw32/bin/../lib/gcc/nios2-elf/4.1.2/../../../../nios2-elf/lib/mno-hw-mul\libc.a(lib_a-impure.o)
 .debug_info    0x00007a8e      0x228 ../A1_bsp/\libhal_bsp.a(alt_main.o)
 .debug_info    0x00007cb6      0xc92 ../A1_bsp/\libhal_bsp.a(alt_sys_init.o)
 .debug_info    0x00008948      0xbac ../A1_bsp/\libhal_bsp.a(altera_avalon_epcs_flash_controller.o)
 .debug_info    0x000094f4      0x7dc ../A1_bsp/\libhal_bsp.a(altera_avalon_jtag_uart_fd.o)
 .debug_info    0x00009cd0      0x604 ../A1_bsp/\libhal_bsp.a(altera_avalon_jtag_uart_init.o)