Archive member included because of file (symbol)

c:/altera/11.0sp1/nios2eds/bin/gnu/h-i686-mingw32/bin/../lib/gcc/nios2-elf/4.1.2/../../../../nios2-elf/lib\libm.a(lib_a-w_pow.o)
                              obj/print_screens.o (pow)
c:/altera/11.0sp1/nios2eds/bin/gnu/h-i686-mingw32/bin/../lib/gcc/nios2-elf/4.1.2/../../../../nios2-elf/lib\libm.a(lib_a-e_pow.o)
                              c:/altera/11.0sp1/nios2eds/bin/gnu/h-i686-mingw32/bin/../lib/gcc/nios2-elf/4.1.2/../../../../nios2-elf/lib\libm.a(lib_a-w_pow.o) (__ieee754_pow)
c:/altera/11.0sp1/nios2eds/bin/gnu/h-i686-mingw32/bin/../lib/gcc/nios2-elf/4.1.2/../../../../nios2-elf/lib\libm.a(lib_a-e_sqrt.o)
                              c:/altera/11.0sp1/nios2eds/bin/gnu/h-i686-mingw32/bin/../lib/gcc/nios2-elf/4.1.2/../../../../nios2-elf/lib\libm.a(lib_a-e_pow.o) (__ieee754_sqrt)
c:/altera/11.0sp1/nios2eds/bin/gnu/h-i686-mingw32/bin/../lib/gcc/nios2-elf/4.1.2/../../../../nios2-elf/lib\libm.a(lib_a-s_fabs.o)
                              c:/altera/11.0sp1/nios2eds/bin/gnu/h-i686-mingw32/bin/../lib/gcc/nios2-elf/4.1.2/../../../../nios2-elf/lib\libm.a(lib_a-e_pow.o) (fabs)
c:/altera/11.0sp1/nios2eds/bin/gnu/h-i686-mingw32/bin/../lib/gcc/nios2-elf/4.1.2/../../../../nios2-elf/lib\libm.a(lib_a-s_finite.o)
                              c:/altera/11.0sp1/nios2eds/bin/gnu/h-i686-mingw32/bin/../lib/gcc/nios2-elf/4.1.2/../../../../nios2-elf/lib\libm.a(lib_a-w_pow.o) (finite)
c:/altera/11.0sp1/nios2eds/bin/gnu/h-i686-mingw32/bin/../lib/gcc/nios2-elf/4.1.2/../../../../nios2-elf/lib\libm.a(lib_a-s_isnand.o)
                              c:/altera/11.0sp1/nios2eds/bin/gnu/h-i686-mingw32/bin/../lib/gcc/nios2-elf/4.1.2/../../../../nios2-elf/lib\libm.a(lib_a-w_pow.o) (__isnand)
c:/altera/11.0sp1/nios2eds/bin/gnu/h-i686-mingw32/bin/../lib/gcc/nios2-elf/4.1.2/../../../../nios2-elf/lib\libm.a(lib_a-s_lib_ver.o)
                              c:/altera/11.0sp1/nios2eds/bin/gnu/h-i686-mingw32/bin/../lib/gcc/nios2-elf/4.1.2/../../../../nios2-elf/lib\libm.a(lib_a-w_pow.o) (__fdlib_version)
c:/altera/11.0sp1/nios2eds/bin/gnu/h-i686-mingw32/bin/../lib/gcc/nios2-elf/4.1.2/../../../../nios2-elf/lib\libm.a(lib_a-s_matherr.o)
                              c:/altera/11.0sp1/nios2eds/bin/gnu/h-i686-mingw32/bin/../lib/gcc/nios2-elf/4.1.2/../../../../nios2-elf/lib\libm.a(lib_a-w_pow.o) (matherr)
c:/altera/11.0sp1/nios2eds/bin/gnu/h-i686-mingw32/bin/../lib/gcc/nios2-elf/4.1.2/../../../../nios2-elf/lib\libm.a(lib_a-s_nan.o)
                              c:/altera/11.0sp1/nios2eds/bin/gnu/h-i686-mingw32/bin/../lib/gcc/nios2-elf/4.1.2/../../../../nios2-elf/lib\libm.a(lib_a-e_pow.o) (nan)
c:/altera/11.0sp1/nios2eds/bin/gnu/h-i686-mingw32/bin/../lib/gcc/nios2-elf/4.1.2/../../../../nios2-elf/lib\libm.a(lib_a-s_rint.o)
                              c:/altera/11.0sp1/nios2eds/bin/gnu/h-i686-mingw32/bin/../lib/gcc/nios2-elf/4.1.2/../../../../nios2-elf/lib\libm.a(lib_a-w_pow.o) (rint)
c:/altera/11.0sp1/nios2eds/bin/gnu/h-i686-mingw32/bin/../lib/gcc/nios2-elf/4.1.2/../../../../nios2-elf/lib\libm.a(lib_a-s_scalbn.o)
                              c:/altera/11.0sp1/nios2eds/bin/gnu/h-i686-mingw32/bin/../lib/gcc/nios2-elf/4.1.2/../../../../nios2-elf/lib\libm.a(lib_a-e_pow.o) (scalbn)
c:/altera/11.0sp1/nios2eds/bin/gnu/h-i686-mingw32/bin/../lib/gcc/nios2-elf/4.1.2/../../../../nios2-elf/lib\libm.a(lib_a-s_copysign.o)
                              c:/altera/11.0sp1/nios2eds/bin/gnu/h-i686-mingw32/bin/../lib/gcc/nios2-elf/4.1.2/../../../../nios2-elf/lib\libm.a(lib_a-s_scalbn.o) (copysign)
c:/altera/11.0sp1/nios2eds/bin/gnu/h-i686-mingw32/bin/../lib/gcc/nios2-elf/4.1.2\libgcc.a(_addsub_df.o)
                              c:/altera/11.0sp1/nios2eds/bin/gnu/h-i686-mingw32/bin/../lib/gcc/nios2-elf/4.1.2/../../../../nios2-elf/lib\libm.a(lib_a-e_pow.o) (__subdf3)
c:/altera/11.0sp1/nios2eds/bin/gnu/h-i686-mingw32/bin/../lib/gcc/nios2-elf/4.1.2\libgcc.a(_mul_df.o)
                              obj/print_screens.o (__muldf3)
c:/altera/11.0sp1/nios2eds/bin/gnu/h-i686-mingw32/bin/../lib/gcc/nios2-elf/4.1.2\libgcc.a(_div_df.o)
                              c:/altera/11.0sp1/nios2eds/bin/gnu/h-i686-mingw32/bin/../lib/gcc/nios2-elf/4.1.2/../../../../nios2-elf/lib\libm.a(lib_a-w_pow.o) (__divdf3)
c:/altera/11.0sp1/nios2eds/bin/gnu/h-i686-mingw32/bin/../lib/gcc/nios2-elf/4.1.2\libgcc.a(_eq_df.o)
                              c:/altera/11.0sp1/nios2eds/bin/gnu/h-i686-mingw32/bin/../lib/gcc/nios2-elf/4.1.2/../../../../nios2-elf/lib\libm.a(lib_a-w_pow.o) (__eqdf2)
c:/altera/11.0sp1/nios2eds/bin/gnu/h-i686-mingw32/bin/../lib/gcc/nios2-elf/4.1.2\libgcc.a(_ne_df.o)
                              c:/altera/11.0sp1/nios2eds/bin/gnu/h-i686-mingw32/bin/../lib/gcc/nios2-elf/4.1.2/../../../../nios2-elf/lib\libm.a(lib_a-w_pow.o) (__nedf2)
c:/altera/11.0sp1/nios2eds/bin/gnu/h-i686-mingw32/bin/../lib/gcc/nios2-elf/4.1.2\libgcc.a(_gt_df.o)
[...]
Memory Configuration

Name             Origin             Length             Attributes
sdram_0          0x02000000         0x02000000
onchip_memory2_BEFORE_EXCEPTION 0x04001000         0x00000020
onchip_memory2   0x04001020         0x00000f80
reset            0x04004800         0x00000020
epcs_flash_controller 0x04004820         0x000007e0
*default*        0x00000000         0xffffffff

Linker script and memory map

LOAD ../J4_bsp//obj/HAL/src/crt0.o
LOAD obj/data.o
LOAD obj/main.o
LOAD obj/print_functions.o
LOAD obj/print_screens.o
LOAD obj/process_entry.o
LOAD c:/altera/11.0sp1/nios2eds/bin/gnu/h-i686-mingw32/bin/../lib/gcc/nios2-elf/4.1.2/../../../../nios2-elf/lib\libstdc++.a
LOAD c:/altera/11.0sp1/nios2eds/bin/gnu/h-i686-mingw32/bin/../lib/gcc/nios2-elf/4.1.2/../../../../nios2-elf/lib\libm.a
LOAD c:/altera/11.0sp1/nios2eds/bin/gnu/h-i686-mingw32/bin/../lib/gcc/nios2-elf/4.1.2\libgcc.a
START GROUP
LOAD c:/altera/11.0sp1/nios2eds/bin/gnu/h-i686-mingw32/bin/../lib/gcc/nios2-elf/4.1.2/../../../../nios2-elf/lib\libc.a
LOAD c:/altera/11.0sp1/nios2eds/bin/gnu/h-i686-mingw32/bin/../lib/gcc/nios2-elf/4.1.2\libgcc.a
LOAD ../J4_bsp/\libhal_bsp.a
END GROUP
LOAD c:/altera/11.0sp1/nios2eds/bin/gnu/h-i686-mingw32/bin/../lib/gcc/nios2-elf/4.1.2\libgcc.a
                0x02000000                __alt_mem_sdram_0 = 0x2000000
                0x04001000                __alt_mem_onchip_memory2 = 0x4001000
                0x04004800                __alt_mem_epcs_flash_controller = 0x4004800

.entry          0x04004800        0x0
 *(.entry)
 .entry         0x04004800        0x0 ../J4_bsp//obj/HAL/src/crt0.o
                0x04004800                __reset

.exceptions     0x04001020        0x0
                0x04001020                PROVIDE (__ram_exceptions_start, ABSOLUTE (.))
                0x04001020                . = ALIGN (0x20)
 *(.irq)
 *(.exceptions.entry.label)
 *(.exceptions.entry.user)
 *(.exceptions.entry)
 *(.exceptions.irqtest.user)
 *(.exceptions.irqtest)
 *(.exceptions.irqhandler.user)
 *(.exceptions.irqhandler)
 *(.exceptions.irqreturn.user)
 *(.exceptions.irqreturn)
 *(.exceptions.notirq.label)
 *(.exceptions.notirq.user)
 *(.exceptions.notirq)
 *(.exceptions.soft.user)
 *(.exceptions.soft)
 *(.exceptions.unknown.user)
 *(.exceptions.unknown)
 *(.exceptions.exit.label)
 *(.exceptions.exit.user)
 *(.exceptions.exit)
 *(.exceptions)
                0x04001020                PROVIDE (__ram_exceptions_end, ABSOLUTE (.))
                0x04001020                PROVIDE (__flash_exceptions_start, LOADADDR (.exceptions))

.text           0x02000000     0x97b8
                0x02000000                PROVIDE (stext, ABSOLUTE (.))
 *(.interp)
 *(.hash)
 *(.dynsym)
 *(.dynstr)
 *(.gnu.version)
 *(.gnu.version_d)
 *(.gnu.version_r)
 *(.rel.init)
 *(.rela.init)
 *(.rel.text .rel.text.* .rel.gnu.linkonce.t.*)
 *(.rela.text .rela.text.* .rela.gnu.linkonce.t.*)
 *(.rel.fini)
 *(.rela.fini)
 *(.rel.rodata .rel.rodata.* .rel.gnu.linkonce.r.*)
 *(.rela.rodata .rela.rodata.* .rela.gnu.linkonce.r.*)
 *(.rel.data .rel.data.* .rel.gnu.linkonce.d.*)
 *(.rela.data .rela.data.* .rela.gnu.linkonce.d.*)
 *(.rel.tdata .rel.tdata.* .rel.gnu.linkonce.td.*)
 *(.rela.tdata .rela.tdata.* .rela.gnu.linkonce.td.*)
 *(.rel.tbss .rel.tbss.* .rel.gnu.linkonce.tb.*)
 *(.rela.tbss .rela.tbss.* .rela.gnu.linkonce.tb.*)
 *(.rel.ctors)
 *(.rela.ctors)
 *(.rel.dtors)
 *(.rela.dtors)
 *(.rel.got)
 *(.rela.got)
 *(.rel.sdata .rel.sdata.* .rel.gnu.linkonce.s.*)
 *(.rela.sdata .rela.sdata.* .rela.gnu.linkonce.s.*)
 *(.rel.sbss .rel.sbss.* .rel.gnu.linkonce.sb.*)
 *(.rela.sbss .rela.sbss.* .rela.gnu.linkonce.sb.*)
 *(.rel.sdata2 .rel.sdata2.* .rel.gnu.linkonce.s2.*)
 *(.rela.sdata2 .rela.sdata2.* .rela.gnu.linkonce.s2.*)
 *(.rel.sbss2 .rel.sbss2.* .rel.gnu.linkonce.sb2.*)
 *(.rela.sbss2 .rela.sbss2.* .rela.gnu.linkonce.sb2.*)
 *(.rel.bss .rel.bss.* .rel.gnu.linkonce.b.*)
 *(.rela.bss .rela.bss.* .rela.gnu.linkonce.b.*)
 *(.rel.plt)
 *(.rela.plt)
 *(.rel.dyn)
 *(.init)
 *(.plt)
 *(.text .stub .text.* .gnu.linkonce.t.*)
 .text          0x02000000       0x90 ../J4_bsp//obj/HAL/src/crt0.o
                0x02000000                _start
 .text          0x02000090        0x0 obj/data.o
 .text          0x02000090      0x5dc obj/main.o
                0x02000090                main
 .text          0x0200066c      0x824 obj/print_functions.o
                0x0200066c                vPutChar
                0x020006ac                vPrintNum
                0x020006e4                vCursor
                0x020007e8                vPrintTxt
                0x02000864                vPrintNlz
                0x02000a08                vPrintFix
 .text          0x02000e90      0x7e0 obj/print_screens.o
                0x02000e90                vPrintStaticScreen1
                0x0200114c                vPrintDynamicScreen1
 .text          0x02001670      0x998 obj/process_entry.o
                0x02001670                vProcessNewKey
                0x02001748                vMonitorDiagnostic
                0x0200185c                vProcessInputValue
                0x020019d8                vInitializePWMs
                0x02001ae4                processing
                0x02001e00                filter
                0x02001e58                vSetServoPWM
                0x02001f2c                vSetThrottle
                0x02001f78                vEchoChar
                0x02001fcc                vEraseCommand
 .text          0x02002008      0x488 c:/altera/11.0sp1/nios2eds/bin/gnu/h-i686-mingw32/bin/../lib/gcc/nios2-elf/4.1.2/../../../../nios2-elf/lib\libm.a(lib_a-w_pow.o)
                0x02002008                pow
 .text          0x02002490     0x1300 c:/altera/11.0sp1/nios2eds/bin/gnu/h-i686-mingw32/bin/../lib/gcc/nios2-elf/4.1.2/../../../../nios2-elf/lib\libm.a(lib_a-e_pow.o)
                0x02002490                __ieee754_pow
 .text          0x02003790      0x2c8 c:/altera/11.0sp1/nios2eds/bin/gnu/h-i686-mingw32/bin/../lib/gcc/nios2-elf/4.1.2/../../../../nios2-elf/lib\libm.a(lib_a-e_sqrt.o)
                0x02003790                __ieee754_sqrt
 .text          0x02003a58       0x18 c:/altera/11.0sp1/nios2eds/bin/gnu/h-i686-mingw32/bin/../lib/gcc/nios2-elf/4.1.2/../../../../nios2-elf/lib\libm.a(lib_a-s_fabs.o)
                0x02003a58                fabs
 .text          0x02003a70       0x1c c:/altera/11.0sp1/nios2eds/bin/gnu/h-i686-mingw32/bin/../lib/gcc/nios2-elf/4.1.2/../../../../nios2-elf/lib\libm.a(lib_a-s_finite.o)
                0x02003a70                finite
 .text          0x02003a8c       0x30 c:/altera/11.0sp1/nios2eds/bin/gnu/h-i686-mingw32/bin/../lib/gcc/nios2-elf/4.1.2/../../../../nios2-elf/lib\libm.a(lib_a-s_isnand.o)
                0x02003a8c                __isnand
 .text          0x02003abc        0x0 c:/altera/11.0sp1/nios2eds/bin/gnu/h-i686-mingw32/bin/../lib/gcc/nios2-elf/4.1.2/../../../../nios2-elf/lib\libm.a(lib_a-s_lib_ver.o)
 .text          0x02003abc        0x8 c:/altera/11.0sp1/nios2eds/bin/gnu/h-i686-mingw32/bin/../lib/gcc/nios2-elf/4.1.2/../../../../nios2-elf/lib\libm.a(lib_a-s_matherr.o)
                0x02003abc                matherr
 .text          0x02003ac4       0x10 c:/altera/11.0sp1/nios2eds/bin/gnu/h-i686-mingw32/bin/../lib/gcc/nios2-elf/4.1.2/../../../../nios2-elf/lib\libm.a(lib_a-s_nan.o)
                0x02003ac4                nan
 .text          0x02003ad4      0x210 c:/altera/11.0sp1/nios2eds/bin/gnu/h-i686-mingw32/bin/../lib/gcc/nios2-elf/4.1.2/../../../../nios2-elf/lib\libm.a(lib_a-s_rint.o)
                0x02003ad4                rint
 .text          0x02003ce4      0x1e0 c:/altera/11.0sp1/nios2eds/bin/gnu/h-i686-mingw32/bin/../lib/gcc/nios2-elf/4.1.2/../../../../nios2-elf/lib\libm.a(lib_a-s_scalbn.o)
                0x02003ce4                scalbn
 .text          0x02003ec4       0x24 c:/altera/11.0sp1/nios2eds/bin/gnu/h-i686-mingw32/bin/../lib/gcc/nios2-elf/4.1.2/../../../../nios2-elf/lib\libm.a(lib_a-s_copysign.o)
                0x02003ec4                copysign
 .text          0x02003ee8      0x504 c:/altera/11.0sp1/nios2eds/bin/gnu/h-i686-mingw32/bin/../lib/gcc/nios2-elf/4.1.2\libgcc.a(_addsub_df.o)
                0x020042f8                __subdf3
                0x02004378                __adddf3
 .text          0x020043ec      0x3c4 c:/altera/11.0sp1/nios2eds/bin/gnu/h-i686-mingw32/bin/../lib/gcc/nios2-elf/4.1.2\libgcc.a(_mul_df.o)
                0x020043ec                __muldf3
 .text          0x020047b0      0x258 c:/altera/11.0sp1/nios2eds/bin/gnu/h-i686-mingw32/bin/../lib/gcc/nios2-elf/4.1.2\libgcc.a(_div_df.o)
                0x020047b0                __divdf3
 .text          0x02004a08       0x88 c:/altera/11.0sp1/nios2eds/bin/gnu/h-i686-mingw32/bin/../lib/gcc/nios2-elf/4.1.2\libgcc.a(_eq_df.o)
                0x02004a08                __eqdf2
 .text          0x02004a90       0x88 c:/altera/11.0sp1/nios2eds/bin/gnu/h-i686-mingw32/bin/../lib/gcc/nios2-elf/4.1.2\libgcc.a(_ne_df.o)
                0x02004a90                __nedf2
 .text          0x02004b18       0x88 c:/altera/11.0sp1/nios2eds/bin/gnu/h-i686-mingw32/bin/../lib/gcc/nios2-elf/4.1.2\libgcc.a(_gt_df.o)
                0x02004b18                __gtdf2
 .text          0x02004ba0       0x88 c:/altera/11.0sp1/nios2eds/bin/gnu/h-i686-mingw32/bin/../lib/gcc/nios2-elf/4.1.2\libgcc.a(_lt_df.o)
                0x02004ba0                __ltdf2
 .text          0x02004c28       0x88 c:/altera/11.0sp1/nios2eds/bin/gnu/h-i686-mingw32/bin/../lib/gcc/nios2-elf/4.1.2\libgcc.a(_le_df.o)
                0x02004c28                __ledf2
 .text          0x02004cb0       0xf8 c:/altera/11.0sp1/nios2eds/bin/gnu/h-i686-mingw32/bin/../lib/gcc/nios2-elf/4.1.2\libgcc.a(_si_to_df.o)
                0x02004cb0                __floatsidf
 .text          0x02004da8       0xd8 c:/altera/11.0sp1/nios2eds/bin/gnu/h-i686-mingw32/bin/../lib/gcc/nios2-elf/4.1.2\libgcc.a(_df_to_si.o)
                0x02004da8                __fixdfsi
 .text          0x02004e80        0x0 c:/altera/11.0sp1/nios2eds/bin/gnu/h-i686-mingw32/bin/../lib/gcc/nios2-elf/4.1.2\libgcc.a(_thenan_df.o)
 .text          0x02004e80      0x194 c:/altera/11.0sp1/nios2eds/bin/gnu/h-i686-mingw32/bin/../lib/gcc/nios2-elf/4.1.2\libgcc.a(_usi_to_df.o)
                0x02004e80                __floatunsidf
 .text          0x02005014      0x14c c:/altera/11.0sp1/nios2eds/bin/gnu/h-i686-mingw32/bin/../lib/gcc/nios2-elf/4.1.2\libgcc.a(lib2-divmod.o)
                0x02005090                __divsi3
                0x020050f0                __modsi3
                0x02005150                __udivsi3
                0x02005158                __umodsi3
 .text          0x02005160       0x98 c:/altera/11.0sp1/nios2eds/bin/gnu/h-i686-mingw32/bin/../lib/gcc/nios2-elf/4.1.2\libgcc.a(_muldi3.o)
                0x02005160                __muldi3
 .text          0x020051f8       0x80 c:/altera/11.0sp1/nios2eds/bin/gnu/h-i686-mingw32/bin/../lib/gcc/nios2-elf/4.1.2\libgcc.a(_clzsi2.o)
                0x020051f8                __clzsi2
 .text          0x02005278      0x314 c:/altera/11.0sp1/nios2eds/bin/gnu/h-i686-mingw32/bin/../lib/gcc/nios2-elf/4.1.2\libgcc.a(_pack_df.o)
                0x02005278                __pack_d
 .text          0x0200558c      0x138 c:/altera/11.0sp1/nios2eds/bin/gnu/h-i686-mingw32/bin/../lib/gcc/nios2-elf/4.1.2\libgcc.a(_unpack_df.o)
                0x0200558c                __unpack_d
 .text          0x020056c4       0xc8 c:/altera/11.0sp1/nios2eds/bin/gnu/h-i686-mingw32/bin/../lib/gcc/nios2-elf/4.1.2\libgcc.a(_fpcmp_parts_df.o)
                0x020056c4                __fpcmp_parts_d
 .text          0x0200578c        0x0 c:/altera/11.0sp1/nios2eds/bin/gnu/h-i686-mingw32/bin/../lib/gcc/nios2-elf/4.1.2\libgcc.a(_clz.o)
 .text          0x0200578c       0x10 c:/altera/11.0sp1/nios2eds/bin/gnu/h-i686-mingw32/bin/../lib/gcc/nios2-elf/4.1.2/../../../../nios2-elf/lib\libc.a(lib_a-errno.o)
                0x0200578c                __errno
 .text          0x0200579c        0x0 c:/altera/11.0sp1/nios2eds/bin/gnu/h-i686-mingw32/bin/../lib/gcc/nios2-elf/4.1.2/../../../../nios2-elf/lib\libc.a(lib_a-impure.o)
 .text          0x0200579c       0x6c ../J4_bsp/\libhal_bsp.a(alt_main.o)
                0x0200579c                alt_main
 .text          0x02005808       0x30 ../J4_bsp/\libhal_bsp.a(alt_usleep.o)
                0x02005808                usleep
 .text          0x02005838      0x100 ../J4_bsp/\libhal_bsp.a(alt_sys_init.o)
                0x02005838                alt_irq_init
                0x02005878                alt_sys_init
 .text          0x02005938      0x934 ../J4_bsp/\libhal_bsp.a(altera_avalon_epcs_flash_controller.o)
                0x02005938                alt_epcs_flash_init
                0x02005cb8                alt_epcs_flash_write
                0x02005f38                alt_epcs_flash_get_info
                0x02005fc8                alt_epcs_flash_erase_block
                0x020060d0                alt_epcs_flash_write_block
                0x020061e0                alt_epcs_flash_read
 .text          0x0200626c      0x148 ../J4_bsp/\libhal_bsp.a(altera_avalon_jtag_uart_fd.o)
                0x0200626c                altera_avalon_jtag_uart_read_fd
                0x020062c4                altera_avalon_jtag_uart_write_fd
                0x0200631c                altera_avalon_jtag_uart_close_fd
                0x02006364                altera_avalon_jtag_uart_ioctl_fd
 .text          0x020063b4      0x40c ../J4_bsp/\libhal_bsp.a(altera_avalon_jtag_uart_init.o)
                0x020063b4                altera_avalon_jtag_uart_init
                0x0200674c                altera_avalon_jtag_uart_close
 .text          0x020067c0       0xf4 ../J4_bsp/\libhal_bsp.a(altera_avalon_jtag_uart_ioctl.o)
                0x020067c0                altera_avalon_jtag_uart_ioctl
 .text          0x020068b4      0x250 ../J4_bsp/\libhal_bsp.a(altera_avalon_jtag_uart_read.o)
                0x020068b4                altera_avalon_jtag_uart_read
 .text          0x02006b04      0x26c ../J4_bsp/\libhal_bsp.a(altera_avalon_jtag_uart_write.o)
                0x02006b04                altera_avalon_jtag_uart_write
 .text          0x02006d70      0x12c ../J4_bsp/\libhal_bsp.a(altera_avalon_timer_sc.o)
                0x02006e0c                alt_avalon_timer_sc_init
 .text          0x02006e9c       0xf8 ../J4_bsp/\libhal_bsp.a(altera_avalon_uart_fd.o)
                0x02006e9c                altera_avalon_uart_read_fd
                0x02006ef4                altera_avalon_uart_write_fd
                0x02006f4c                altera_avalon_uart_close_fd
 .text          0x02006f94      0x400 ../J4_bsp/\libhal_bsp.a(altera_avalon_uart_init.o)
                0x02006f94                altera_avalon_uart_init
                0x02007334                altera_avalon_uart_close
 .text          0x02007394      0x2e8 ../J4_bsp/\libhal_bsp.a(altera_avalon_uart_read.o)
                0x02007394                altera_avalon_uart_read
 .text          0x0200767c      0x280 ../J4_bsp/\libhal_bsp.a(altera_avalon_uart_write.o)
                0x0200767c                altera_avalon_uart_write
 .text          0x020078fc       0x80 ../J4_bsp/\libhal_bsp.a(altera_vic_0_vector_tbl.o)
                0x020078fc                VIC_0_VECTOR_TABLE
 .text          0x0200797c       0x18 ../J4_bsp/\libhal_bsp.a(altera_vic_funnel_non_preemptive.o)
                0x0200797c                alt_shadow_non_preemptive_interrupt
 .text          0x02007994      0x15c ../J4_bsp/\libhal_bsp.a(altera_vic_irq_init.o)
                0x02007994                alt_vic_irq_init
 .text          0x02007af0      0x174 ../J4_bsp/\libhal_bsp.a(altera_vic_isr_register.o)
                0x02007af0                alt_ic_isr_register
 .text          0x02007c64      0x460 ../J4_bsp/\libhal_bsp.a(epcs_commands.o)
                0x02007c64                epcs_read_status_register
                0x02007cc4                epcs_sector_erase
                0x02007db0                epcs_read_buffer
                0x02007e64                epcs_write_enable
                0x02007eb4                epcs_write_status_register
                0x02007f18                epcs_write_buffer
                0x02007ff0                epcs_read_electronic_signature
                0x0200805c                epcs_read_device_id
 .text          0x020080c4      0x180 ../J4_bsp/\libhal_bsp.a(alt_alarm_start.o)
                0x020080c4                alt_alarm_start
 .text          0x02008244      0x14c ../J4_bsp/\libhal_bsp.a(alt_busy_sleep.o)
                0x02008244                alt_busy_sleep
 .text          0x02008390      0x15c ../J4_bsp/\libhal_bsp.a(alt_close.o)
                0x02008390                close
 .text          0x020084ec       0x2c ../J4_bsp/\libhal_bsp.a(alt_dev.o)
 .text          0x02008518      0x114 ../J4_bsp/\libhal_bsp.a(alt_dev_llist_insert.o)
                0x02008518                alt_dev_llist_insert
 .text          0x0200862c       0x64 ../J4_bsp/\libhal_bsp.a(alt_do_ctors.o)
                0x0200862c                _do_ctors
 .text          0x02008690       0x64 ../J4_bsp/\libhal_bsp.a(alt_do_dtors.o)
                0x02008690                _do_dtors
 .text          0x020086f4        0x0 ../J4_bsp/\libhal_bsp.a(alt_errno.o)
 .text          0x020086f4       0xd0 ../J4_bsp/\libhal_bsp.a(alt_flash_dev.o)
                0x020086f4                alt_flash_open_dev
                0x02008770                alt_flash_close_dev
 .text          0x020087c4      0x13c ../J4_bsp/\libhal_bsp.a(alt_io_redirect.o)
                0x02008888                alt_io_redirect
 .text          0x02008900      0x2c4 ../J4_bsp/\libhal_bsp.a(alt_open.o)
                0x020089dc                open
 .text          0x02008bc4       0x60 ../J4_bsp/\libhal_bsp.a(alt_release_fd.o)
                0x02008bc4                alt_release_fd
 .text          0x02008c24      0x1d0 ../J4_bsp/\libhal_bsp.a(alt_tick.o)
                0x02008c24                alt_alarm_stop
                0x02008ce8                alt_tick
 .text          0x02008df4      0x238 ../J4_bsp/\libhal_bsp.a(altera_avalon_spi.o)
                0x02008df4                alt_avalon_spi_command
 .text          0x0200902c       0x94 ../J4_bsp/\libhal_bsp.a(alt_find_dev.o)
                0x0200902c                alt_find_dev
 .text          0x020090c0      0x120 ../J4_bsp/\libhal_bsp.a(alt_find_file.o)
                0x020090c0                alt_find_file
 .text          0x020091e0       0xb8 ../J4_bsp/\libhal_bsp.a(alt_get_fd.o)
                0x020091e0                alt_get_fd
 .text          0x02009298       0x14 c:/altera/11.0sp1/nios2eds/bin/gnu/h-i686-mingw32/bin/../lib/gcc/nios2-elf/4.1.2/../../../../nios2-elf/lib\libc.a(lib_a-atexit.o)
                0x02009298                atexit
 .text          0x020092ac       0x38 c:/altera/11.0sp1/nios2eds/bin/gnu/h-i686-mingw32/bin/../lib/gcc/nios2-elf/4.1.2/../../../../nios2-elf/lib\libc.a(lib_a-exit.o)
                0x020092ac                exit
 .text          0x020092e4        0x0 c:/altera/11.0sp1/nios2eds/bin/gnu/h-i686-mingw32/bin/../lib/gcc/nios2-elf/4.1.2/../../../../nios2-elf/lib\libc.a(lib_a-int_errno.o)
 .text          0x020092e4       0x74 c:/altera/11.0sp1/nios2eds/bin/gnu/h-i686-mingw32/bin/../lib/gcc/nios2-elf/4.1.2/../../../../nios2-elf/lib\libc.a(lib_a-memcmp.o)
                0x020092e4                memcmp
 .text          0x02009358       0xa0 c:/altera/11.0sp1/nios2eds/bin/gnu/h-i686-mingw32/bin/../lib/gcc/nios2-elf/4.1.2/../../../../nios2-elf/lib\libc.a(lib_a-memcpy.o)
                0x02009358                memcpy
 .text          0x020093f8       0x74 c:/altera/11.0sp1/nios2eds/bin/gnu/h-i686-mingw32/bin/../lib/gcc/nios2-elf/4.1.2/../../../../nios2-elf/lib\libc.a(lib_a-strlen.o)
                0x020093f8                strlen
 .text          0x0200946c      0x134 c:/altera/11.0sp1/nios2eds/bin/gnu/h-i686-mingw32/bin/../lib/gcc/nios2-elf/4.1.2/../../../../nios2-elf/lib\libc.a(lib_a-__atexit.o)
                0x0200946c                __register_exitproc
 .text          0x020095a0      0x1b4 c:/altera/11.0sp1/nios2eds/bin/gnu/h-i686-mingw32/bin/../lib/gcc/nios2-elf/4.1.2/../../../../nios2-elf/lib\libc.a(lib_a-__call_atexit.o)
                0x020095a4                __call_exitprocs
 .text          0x02009754       0x60 ../J4_bsp/\libhal_bsp.a(alt_exit.o)
                0x02009794                _exit
 *(.gnu.warning.*)
 *(.fini)
                0x020097b4                PROVIDE (__etext, ABSOLUTE (.))
                0x020097b4                PROVIDE (_etext, ABSOLUTE (.))
                0x020097b4                PROVIDE (etext, ABSOLUTE (.))
 *(.eh_frame_hdr)
                0x020097b4                . = ALIGN (0x4)
                0x020097b4                PROVIDE (__preinit_array_start, ABSOLUTE (.))
 *(.preinit_array)
                0x020097b4                PROVIDE (__preinit_array_end, ABSOLUTE (.))
                0x020097b4                PROVIDE (__init_array_start, ABSOLUTE (.))
 *(.init_array)
                0x020097b4                PROVIDE (__init_array_end, ABSOLUTE (.))
                0x020097b4                PROVIDE (__fini_array_start, ABSOLUTE (.))
 *(.fini_array)
                0x020097b4                PROVIDE (__fini_array_end, ABSOLUTE (.))
 *(.eh_frame)
 *(.gcc_except_table)
 *(.dynamic)
                0x020097b4                PROVIDE (__CTOR_LIST__, ABSOLUTE (.))
 *(.ctors)
 *(SORT(.ctors.*))
 .ctors.65535   0x020097b4        0x4 c:/altera/11.0sp1/nios2eds/bin/gnu/h-i686-mingw32/bin/../lib/gcc/nios2-elf/4.1.2/../../../../nios2-elf/lib\libc.a(lib_a-__call_atexit.o)
                0x020097b8                PROVIDE (__CTOR_END__, ABSOLUTE (.))
                0x020097b8                PROVIDE (__DTOR_LIST__, ABSOLUTE (.))
 *(.dtors)
 *(SORT(.dtors.*))
                0x020097b8                PROVIDE (__DTOR_END__, ABSOLUTE (.))
 *(.jcr)
                0x020097b8                . = ALIGN (0x4)

.rodata         0x020097b8      0x72c
                0x020097b8                PROVIDE (__ram_rodata_start, ABSOLUTE (.))
                0x020097b8                . = ALIGN (0x4)
 *(.rodata .rodata.* .gnu.linkonce.r.*)
 .rodata        0x020097b8       0x50 obj/print_functions.o
 .rodata        0x02009808      0x474 obj/print_screens.o
 .rodata        0x02009c7c       0x94 obj/process_entry.o
 .rodata.str1.4
                0x02009d10        0x4 c:/altera/11.0sp1/nios2eds/bin/gnu/h-i686-mingw32/bin/../lib/gcc/nios2-elf/4.1.2/../../../../nios2-elf/lib\libm.a(lib_a-w_pow.o)
 .rodata.str1.4
                0x02009d14        0x1 c:/altera/11.0sp1/nios2eds/bin/gnu/h-i686-mingw32/bin/../lib/gcc/nios2-elf/4.1.2/../../../../nios2-elf/lib\libm.a(lib_a-e_pow.o)
                                  0x4 (size before relaxing)
 *fill*         0x02009d15        0x3 00
 .rodata        0x02009d18       0x30 c:/altera/11.0sp1/nios2eds/bin/gnu/h-i686-mingw32/bin/../lib/gcc/nios2-elf/4.1.2/../../../../nios2-elf/lib\libm.a(lib_a-e_pow.o)
 .rodata        0x02009d48       0x10 c:/altera/11.0sp1/nios2eds/bin/gnu/h-i686-mingw32/bin/../lib/gcc/nios2-elf/4.1.2/../../../../nios2-elf/lib\libm.a(lib_a-s_rint.o)
 .rodata        0x02009d58       0x14 c:/altera/11.0sp1/nios2eds/bin/gnu/h-i686-mingw32/bin/../lib/gcc/nios2-elf/4.1.2\libgcc.a(_thenan_df.o)
                0x02009d58                __thenan_df
 .rodata        0x02009d6c      0x100 c:/altera/11.0sp1/nios2eds/bin/gnu/h-i686-mingw32/bin/../lib/gcc/nios2-elf/4.1.2\libgcc.a(_clz.o)
                0x02009d6c                __clz_tab
 .rodata.str1.4
                0x02009e6c        0x4 c:/altera/11.0sp1/nios2eds/bin/gnu/h-i686-mingw32/bin/../lib/gcc/nios2-elf/4.1.2/../../../../nios2-elf/lib\libc.a(lib_a-impure.o)
 .rodata        0x02009e70       0x10 ../J4_bsp/\libhal_bsp.a(alt_main.o)
 .rodata        0x02009e80       0x38 ../J4_bsp/\libhal_bsp.a(alt_sys_init.o)
 .rodata        0x02009eb8       0x20 ../J4_bsp/\libhal_bsp.a(altera_vic_irq_init.o)
 .rodata        0x02009ed8        0xc ../J4_bsp/\libhal_bsp.a(alt_dev.o)
 *(.rodata1)
                0x02009ee4                . = ALIGN (0x4)
                0x02009ee4                PROVIDE (__ram_rodata_end, ABSOLUTE (.))
                0x020097b8                PROVIDE (__flash_rodata_start, LOADADDR (.rodata))

.rwdata         0x02009ee4     0x1860
                0x02009ee4                PROVIDE (__ram_rwdata_start, ABSOLUTE (.))
                0x02009ee4                . = ALIGN (0x4)
 *(.got.plt)
 *(.got)
 *(.data1)
 *(.data .data.* .gnu.linkonce.d.*)
 .data          0x02009ee4        0x0 ../J4_bsp//obj/HAL/src/crt0.o
 .data          0x02009ee4        0x0 obj/data.o
 .data          0x02009ee4        0x0 obj/main.o
 .data          0x02009ee4        0x0 obj/print_functions.o
 .data          0x02009ee4        0x0 obj/print_screens.o
 .data          0x02009ee4        0x0 obj/process_entry.o
 .data          0x02009ee4        0x0 c:/altera/11.0sp1/nios2eds/bin/gnu/h-i686-mingw32/bin/../lib/gcc/nios2-elf/4.1.2/../../../../nios2-elf/lib\libm.a(lib_a-w_pow.o)
 .data          0x02009ee4        0x0 c:/altera/11.0sp1/nios2eds/bin/gnu/h-i686-mingw32/bin/../lib/gcc/nios2-elf/4.1.2/../../../../nios2-elf/lib\libm.a(lib_a-e_pow.o)
 .data          0x02009ee4        0x0 c:/altera/11.0sp1/nios2eds/bin/gnu/h-i686-mingw32/bin/../lib/gcc/nios2-elf/4.1.2/../../../../nios2-elf/lib\libm.a(lib_a-e_sqrt.o)
 .data          0x02009ee4        0x0 c:/altera/11.0sp1/nios2eds/bin/gnu/h-i686-mingw32/bin/../lib/gcc/nios2-elf/4.1.2/../../../../nios2-elf/lib\libm.a(lib_a-s_fabs.o)
 .data          0x02009ee4        0x0 c:/altera/11.0sp1/nios2eds/bin/gnu/h-i686-mingw32/bin/../lib/gcc/nios2-elf/4.1.2/../../../../nios2-elf/lib\libm.a(lib_a-s_finite.o)
 .data          0x02009ee4        0x0 c:/altera/11.0sp1/nios2eds/bin/gnu/h-i686-mingw32/bin/../lib/gcc/nios2-elf/4.1.2/../../../../nios2-elf/lib\libm.a(lib_a-s_isnand.o)
 .data          0x02009ee4        0x0 c:/altera/11.0sp1/nios2eds/bin/gnu/h-i686-mingw32/bin/../lib/gcc/nios2-elf/4.1.2/../../../../nios2-elf/lib\libm.a(lib_a-s_lib_ver.o)
 .data          0x02009ee4        0x0 c:/altera/11.0sp1/nios2eds/bin/gnu/h-i686-mingw32/bin/../lib/gcc/nios2-elf/4.1.2/../../../../nios2-elf/lib\libm.a(lib_a-s_matherr.o)
 .data          0x02009ee4        0x0 c:/altera/11.0sp1/nios2eds/bin/gnu/h-i686-mingw32/bin/../lib/gcc/nios2-elf/4.1.2/../../../../nios2-elf/lib\libm.a(lib_a-s_nan.o)
 .data          0x02009ee4        0x0 c:/altera/11.0sp1/nios2eds/bin/gnu/h-i686-mingw32/bin/../lib/gcc/nios2-elf/4.1.2/../../../../nios2-elf/lib\libm.a(lib_a-s_rint.o)
 .data          0x02009ee4        0x0 c:/altera/11.0sp1/nios2eds/bin/gnu/h-i686-mingw32/bin/../lib/gcc/nios2-elf/4.1.2/../../../../nios2-elf/lib\libm.a(lib_a-s_scalbn.o)
 .data          0x02009ee4        0x0 c:/altera/11.0sp1/nios2eds/bin/gnu/h-i686-mingw32/bin/../lib/gcc/nios2-elf/4.1.2/../../../../nios2-elf/lib\libm.a(lib_a-s_copysign.o)
 .data          0x02009ee4        0x0 c:/altera/11.0sp1/nios2eds/bin/gnu/h-i686-mingw32/bin/../lib/gcc/nios2-elf/4.1.2\libgcc.a(_addsub_df.o)
 .data          0x02009ee4        0x0 c:/altera/11.0sp1/nios2eds/bin/gnu/h-i686-mingw32/bin/../lib/gcc/nios2-elf/4.1.2\libgcc.a(_mul_df.o)
 .data          0x02009ee4        0x0 c:/altera/11.0sp1/nios2eds/bin/gnu/h-i686-mingw32/bin/../lib/gcc/nios2-elf/4.1.2\libgcc.a(_div_df.o)
 .data          0x02009ee4        0x0 c:/altera/11.0sp1/nios2eds/bin/gnu/h-i686-mingw32/bin/../lib/gcc/nios2-elf/4.1.2\libgcc.a(_eq_df.o)
 .data          0x02009ee4        0x0 c:/altera/11.0sp1/nios2eds/bin/gnu/h-i686-mingw32/bin/../lib/gcc/nios2-elf/4.1.2\libgcc.a(_ne_df.o)
 .data          0x02009ee4        0x0 c:/altera/11.0sp1/nios2eds/bin/gnu/h-i686-mingw32/bin/../lib/gcc/nios2-elf/4.1.2\libgcc.a(_gt_df.o)
 .data          0x02009ee4        0x0 c:/altera/11.0sp1/nios2eds/bin/gnu/h-i686-mingw32/bin/../lib/gcc/nios2-elf/4.1.2\libgcc.a(_lt_df.o)
 .data          0x02009ee4        0x0 c:/altera/11.0sp1/nios2eds/bin/gnu/h-i686-mingw32/bin/../lib/gcc/nios2-elf/4.1.2\libgcc.a(_le_df.o)
 .data          0x02009ee4        0x0 c:/altera/11.0sp1/nios2eds/bin/gnu/h-i686-mingw32/bin/../lib/gcc/nios2-elf/4.1.2\libgcc.a(_si_to_df.o)
 .data          0x02009ee4        0x0 c:/altera/11.0sp1/nios2eds/bin/gnu/h-i686-mingw32/bin/../lib/gcc/nios2-elf/4.1.2\libgcc.a(_df_to_si.o)
 .data          0x02009ee4        0x0 c:/altera/11.0sp1/nios2eds/bin/gnu/h-i686-mingw32/bin/../lib/gcc/nios2-elf/4.1.2\libgcc.a(_thenan_df.o)
 .data          0x02009ee4        0x0 c:/altera/11.0sp1/nios2eds/bin/gnu/h-i686-mingw32/bin/../lib/gcc/nios2-elf/4.1.2\libgcc.a(_usi_to_df.o)
 .data          0x02009ee4        0x0 c:/altera/11.0sp1/nios2eds/bin/gnu/h-i686-mingw32/bin/../lib/gcc/nios2-elf/4.1.2\libgcc.a(lib2-divmod.o)
 .data          0x02009ee4        0x0 c:/altera/11.0sp1/nios2eds/bin/gnu/h-i686-mingw32/bin/../lib/gcc/nios2-elf/4.1.2\libgcc.a(_muldi3.o)
 .data          0x02009ee4        0x0 c:/altera/11.0sp1/nios2eds/bin/gnu/h-i686-mingw32/bin/../lib/gcc/nios2-elf/4.1.2\libgcc.a(_clzsi2.o)
 .data          0x02009ee4        0x0 c:/altera/11.0sp1/nios2eds/bin/gnu/h-i686-mingw32/bin/../lib/gcc/nios2-elf/4.1.2\libgcc.a(_pack_df.o)
 .data          0x02009ee4        0x0 c:/altera/11.0sp1/nios2eds/bin/gnu/h-i686-mingw32/bin/../lib/gcc/nios2-elf/4.1.2\libgcc.a(_unpack_df.o)
 .data          0x02009ee4        0x0 c:/altera/11.0sp1/nios2eds/bin/gnu/h-i686-mingw32/bin/../lib/gcc/nios2-elf/4.1.2\libgcc.a(_fpcmp_parts_df.o)
 .data          0x02009ee4        0x0 c:/altera/11.0sp1/nios2eds/bin/gnu/h-i686-mingw32/bin/../lib/gcc/nios2-elf/4.1.2\libgcc.a(_clz.o)
 .data          0x02009ee4        0x0 c:/altera/11.0sp1/nios2eds/bin/gnu/h-i686-mingw32/bin/../lib/gcc/nios2-elf/4.1.2/../../../../nios2-elf/lib\libc.a(lib_a-errno.o)
 .data          0x02009ee4      0x400 c:/altera/11.0sp1/nios2eds/bin/gnu/h-i686-mingw32/bin/../lib/gcc/nios2-elf/4.1.2/../../../../nios2-elf/lib\libc.a(lib_a-impure.o)
 .data          0x0200a2e4        0x0 ../J4_bsp/\libhal_bsp.a(alt_main.o)
 .data          0x0200a2e4        0x0 ../J4_bsp/\libhal_bsp.a(alt_usleep.o)
 .data          0x0200a2e4     0x1284 ../J4_bsp/\libhal_bsp.a(alt_sys_init.o)
 .data          0x0200b568        0x0 ../J4_bsp/\libhal_bsp.a(altera_avalon_epcs_flash_controller.o)
 .data          0x0200b568        0x0 ../J4_bsp/\libhal_bsp.a(altera_avalon_jtag_uart_fd.o)
 .data          0x0200b568        0x0 ../J4_bsp/\libhal_bsp.a(altera_avalon_jtag_uart_init.o)
 .data          0x0200b568        0x0 ../J4_bsp/\libhal_bsp.a(altera_avalon_jtag_uart_ioctl.o)
 .data          0x0200b568        0x0 ../J4_bsp/\libhal_bsp.a(altera_avalon_jtag_uart_read.o)
 .data          0x0200b568        0x0 ../J4_bsp/\libhal_bsp.a(altera_avalon_jtag_uart_write.o)
 .data          0x0200b568        0x0 ../J4_bsp/\libhal_bsp.a(altera_avalon_timer_sc.o)
 .data          0x0200b568        0x0 ../J4_bsp/\libhal_bsp.a(altera_avalon_uart_fd.o)
 .data          0x0200b568        0x0 ../J4_bsp/\libhal_bsp.a(altera_avalon_uart_init.o)
 .data          0x0200b568        0x0 ../J4_bsp/\libhal_bsp.a(altera_avalon_uart_read.o)
 .data          0x0200b568        0x0 ../J4_bsp/\libhal_bsp.a(altera_avalon_uart_write.o)
 .data          0x0200b568        0x0 ../J4_bsp/\libhal_bsp.a(altera_vic_0_vector_tbl.o)
 .data          0x0200b568        0x0 ../J4_bsp/\libhal_bsp.a(altera_vic_funnel_non_preemptive.o)
 .data          0x0200b568        0x0 ../J4_bsp/\libhal_bsp.a(altera_vic_irq_init.o)
 .data          0x0200b568        0x0 ../J4_bsp/\libhal_bsp.a(altera_vic_isr_register.o)
 .data          0x0200b568        0x0 ../J4_bsp/\libhal_bsp.a(epcs_commands.o)
 .data          0x0200b568        0x0 ../J4_bsp/\libhal_bsp.a(alt_alarm_start.o)
 .data          0x0200b568        0x0 ../J4_bsp/\libhal_bsp.a(alt_busy_sleep.o)
 .data          0x0200b568        0x0 ../J4_bsp/\libhal_bsp.a(alt_close.o)
 .data          0x0200b568      0x1a8 ../J4_bsp/\libhal_bsp.a(alt_dev.o)
                0x0200b568                alt_dev_null
                0x0200b590                alt_fd_list
 .data          0x0200b710        0x0 ../J4_bsp/\libhal_bsp.a(alt_dev_llist_insert.o)
 .data          0x0200b710        0x0 ../J4_bsp/\libhal_bsp.a(alt_do_ctors.o)
 .data          0x0200b710        0x0 ../J4_bsp/\libhal_bsp.a(alt_do_dtors.o)
 .data          0x0200b710        0x0 ../J4_bsp/\libhal_bsp.a(alt_errno.o)
 .data          0x0200b710        0x0 ../J4_bsp/\libhal_bsp.a(alt_flash_dev.o)
 .data          0x0200b710        0x0 ../J4_bsp/\libhal_bsp.a(alt_io_redirect.o)
 .data          0x0200b710        0x0 ../J4_bsp/\libhal_bsp.a(alt_open.o)
 .data          0x0200b710        0x0 ../J4_bsp/\libhal_bsp.a(alt_release_fd.o)
 .data          0x0200b710        0x0 ../J4_bsp/\libhal_bsp.a(alt_tick.o)
 .data          0x0200b710        0x0 ../J4_bsp/\libhal_bsp.a(altera_avalon_spi.o)
 .data          0x0200b710        0x0 ../J4_bsp/\libhal_bsp.a(alt_find_dev.o)
 .data          0x0200b710        0x0 ../J4_bsp/\libhal_bsp.a(alt_find_file.o)
 .data          0x0200b710        0x0 ../J4_bsp/\libhal_bsp.a(alt_get_fd.o)
 .data          0x0200b710        0x0 c:/altera/11.0sp1/nios2eds/bin/gnu/h-i686-mingw32/bin/../lib/gcc/nios2-elf/4.1.2/../../../../nios2-elf/lib\libc.a(lib_a-atexit.o)
 .data          0x0200b710        0x0 c:/altera/11.0sp1/nios2eds/bin/gnu/h-i686-mingw32/bin/../lib/gcc/nios2-elf/4.1.2/../../../../nios2-elf/lib\libc.a(lib_a-exit.o)
 .data          0x0200b710        0x0 c:/altera/11.0sp1/nios2eds/bin/gnu/h-i686-mingw32/bin/../lib/gcc/nios2-elf/4.1.2/../../../../nios2-elf/lib\libc.a(lib_a-int_errno.o)
 .data          0x0200b710        0x0 c:/altera/11.0sp1/nios2eds/bin/gnu/h-i686-mingw32/bin/../lib/gcc/nios2-elf/4.1.2/../../../../nios2-elf/lib\libc.a(lib_a-memcmp.o)
 .data          0x0200b710        0x0 c:/altera/11.0sp1/nios2eds/bin/gnu/h-i686-mingw32/bin/../lib/gcc/nios2-elf/4.1.2/../../../../nios2-elf/lib\libc.a(lib_a-memcpy.o)
 .data          0x0200b710        0x0 c:/altera/11.0sp1/nios2eds/bin/gnu/h-i686-mingw32/bin/../lib/gcc/nios2-elf/4.1.2/../../../../nios2-elf/lib\libc.a(lib_a-strlen.o)
 .data          0x0200b710        0x0 c:/altera/11.0sp1/nios2eds/bin/gnu/h-i686-mingw32/bin/../lib/gcc/nios2-elf/4.1.2/../../../../nios2-elf/lib\libc.a(lib_a-__atexit.o)
 .data          0x0200b710        0x0 c:/altera/11.0sp1/nios2eds/bin/gnu/h-i686-mingw32/bin/../lib/gcc/nios2-elf/4.1.2/../../../../nios2-elf/lib\libc.a(lib_a-__call_atexit.o)
 .data          0x0200b710        0x0 ../J4_bsp/\libhal_bsp.a(alt_exit.o)
                0x02013710                _gp = ABSOLUTE ((. + 0x8000))
                0x02013710                PROVIDE (gp, _gp)
 *(.rwdata .rwdata.*)
 *(.sdata .sdata.* .gnu.linkonce.s.*)
 .sdata         0x0200b710        0x4 c:/altera/11.0sp1/nios2eds/bin/gnu/h-i686-mingw32/bin/../lib/gcc/nios2-elf/4.1.2/../../../../nios2-elf/lib\libm.a(lib_a-s_lib_ver.o)
                0x0200b710                __fdlib_version
 .sdata         0x0200b714        0x8 c:/altera/11.0sp1/nios2eds/bin/gnu/h-i686-mingw32/bin/../lib/gcc/nios2-elf/4.1.2/../../../../nios2-elf/lib\libc.a(lib_a-impure.o)
                0x0200b714                _impure_ptr
                0x0200b718                _global_impure_ptr
 .sdata         0x0200b71c       0x14 ../J4_bsp/\libhal_bsp.a(alt_dev.o)
                0x0200b71c                alt_fs_list
                0x0200b724                alt_dev_list
                0x0200b72c                alt_max_fd
 .sdata         0x0200b730        0x4 ../J4_bsp/\libhal_bsp.a(alt_errno.o)
                0x0200b730                alt_errno
 .sdata         0x0200b734        0x8 ../J4_bsp/\libhal_bsp.a(alt_flash_dev.o)
                0x0200b734                alt_flash_dev_list
 .sdata         0x0200b73c        0x8 ../J4_bsp/\libhal_bsp.a(alt_tick.o)
                0x0200b73c                alt_alarm_list
 *(.sdata2 .sdata2.* .gnu.linkonce.s2.*)
                0x0200b744                . = ALIGN (0x4)
                0x0200b744                _edata = ABSOLUTE (.)
                0x0200b744                PROVIDE (edata, ABSOLUTE (.))
                0x0200b744                PROVIDE (__ram_rwdata_end, ABSOLUTE (.))
                0x02009ee4                PROVIDE (__flash_rwdata_start, LOADADDR (.rwdata))

.bss            0x0200b744      0x240
                0x0200b744                __bss_start = ABSOLUTE (.)
                0x0200b744                PROVIDE (__sbss_start, ABSOLUTE (.))
                0x0200b744                PROVIDE (___sbss_start, ABSOLUTE (.))
 *(.dynsbss)
 *(.sbss .sbss.* .gnu.linkonce.sb.*)
 .sbss          0x0200b744        0x8 obj/data.o
                0x0200b744                sSUI
 .sbss          0x0200b74c        0xc ../J4_bsp/\libhal_bsp.a(alt_main.o)
                0x0200b74c                alt_argc
                0x0200b750                alt_argv
                0x0200b754                alt_envp
 .sbss          0x0200b758        0x4 ../J4_bsp/\libhal_bsp.a(altera_vic_irq_init.o)
                0x0200b758                alt_vic_dev_list
 .sbss          0x0200b75c        0x8 ../J4_bsp/\libhal_bsp.a(alt_tick.o)
                0x0200b75c                _alt_tick_rate
                0x0200b760                _alt_nticks
 .sbss          0x0200b764        0x4 c:/altera/11.0sp1/nios2eds/bin/gnu/h-i686-mingw32/bin/../lib/gcc/nios2-elf/4.1.2/../../../../nios2-elf/lib\libc.a(lib_a-int_errno.o)
                0x0200b764                errno
 *(.sbss2 .sbss2.* .gnu.linkonce.sb2.*)
 *(.scommon)
                0x0200b768                PROVIDE (__sbss_end, ABSOLUTE (.))
                0x0200b768                PROVIDE (___sbss_end, ABSOLUTE (.))
 *(.dynbss)
 *(.bss .bss.* .gnu.linkonce.b.*)
 .bss           0x0200b768        0x0 ../J4_bsp//obj/HAL/src/crt0.o
 .bss           0x0200b768        0x0 obj/data.o
 .bss           0x0200b768        0x0 obj/main.o
 .bss           0x0200b768        0x0 obj/print_functions.o
 .bss           0x0200b768        0x0 obj/print_screens.o
 .bss           0x0200b768        0x0 obj/process_entry.o
 .bss           0x0200b768        0x0 c:/altera/11.0sp1/nios2eds/bin/gnu/h-i686-mingw32/bin/../lib/gcc/nios2-elf/4.1.2/../../../../nios2-elf/lib\libm.a(lib_a-w_pow.o)
 .bss           0x0200b768        0x0 c:/altera/11.0sp1/nios2eds/bin/gnu/h-i686-mingw32/bin/../lib/gcc/nios2-elf/4.1.2/../../../../nios2-elf/lib\libm.a(lib_a-e_pow.o)
 .bss           0x0200b768        0x0 c:/altera/11.0sp1/nios2eds/bin/gnu/h-i686-mingw32/bin/../lib/gcc/nios2-elf/4.1.2/../../../../nios2-elf/lib\libm.a(lib_a-e_sqrt.o)
 .bss           0x0200b768        0x0 c:/altera/11.0sp1/nios2eds/bin/gnu/h-i686-mingw32/bin/../lib/gcc/nios2-elf/4.1.2/../../../../nios2-elf/lib\libm.a(lib_a-s_fabs.o)
 .bss           0x0200b768        0x0 c:/altera/11.0sp1/nios2eds/bin/gnu/h-i686-mingw32/bin/../lib/gcc/nios2-elf/4.1.2/../../../../nios2-elf/lib\libm.a(lib_a-s_finite.o)
 .bss           0x0200b768        0x0 c:/altera/11.0sp1/nios2eds/bin/gnu/h-i686-mingw32/bin/../lib/gcc/nios2-elf/4.1.2/../../../../nios2-elf/lib\libm.a(lib_a-s_isnand.o)
 .bss           0x0200b768        0x0 c:/altera/11.0sp1/nios2eds/bin/gnu/h-i686-mingw32/bin/../lib/gcc/nios2-elf/4.1.2/../../../../nios2-elf/lib\libm.a(lib_a-s_lib_ver.o)
 .bss           0x0200b768        0x0 c:/altera/11.0sp1/nios2eds/bin/gnu/h-i686-mingw32/bin/../lib/gcc/nios2-elf/4.1.2/../../../../nios2-elf/lib\libm.a(lib_a-s_matherr.o)
 .bss           0x0200b768        0x0 c:/altera/11.0sp1/nios2eds/bin/gnu/h-i686-mingw32/bin/../lib/gcc/nios2-elf/4.1.2/../../../../nios2-elf/lib\libm.a(lib_a-s_nan.o)
 .bss           0x0200b768        0x0 c:/altera/11.0sp1/nios2eds/bin/gnu/h-i686-mingw32/bin/../lib/gcc/nios2-elf/4.1.2/../../../../nios2-elf/lib\libm.a(lib_a-s_rint.o)
 .bss           0x0200b768        0x0 c:/altera/11.0sp1/nios2eds/bin/gnu/h-i686-mingw32/bin/../lib/gcc/nios2-elf/4.1.2/../../../../nios2-elf/lib\libm.a(lib_a-s_scalbn.o)
 .bss           0x0200b768        0x0 c:/altera/11.0sp1/nios2eds/bin/gnu/h-i686-mingw32/bin/../lib/gcc/nios2-elf/4.1.2/../../../../nios2-elf/lib\libm.a(lib_a-s_copysign.o)
 .bss           0x0200b768        0x0 c:/altera/11.0sp1/nios2eds/bin/gnu/h-i686-mingw32/bin/../lib/gcc/nios2-elf/4.1.2\libgcc.a(_addsub_df.o)
 .bss           0x0200b768        0x0 c:/altera/11.0sp1/nios2eds/bin/gnu/h-i686-mingw32/bin/../lib/gcc/nios2-elf/4.1.2\libgcc.a(_mul_df.o)
 .bss           0x0200b768        0x0 c:/altera/11.0sp1/nios2eds/bin/gnu/h-i686-mingw32/bin/../lib/gcc/nios2-elf/4.1.2\libgcc.a(_div_df.o)
 .bss           0x0200b768        0x0 c:/altera/11.0sp1/nios2eds/bin/gnu/h-i686-mingw32/bin/../lib/gcc/nios2-elf/4.1.2\libgcc.a(_eq_df.o)
 .bss           0x0200b768        0x0 c:/altera/11.0sp1/nios2eds/bin/gnu/h-i686-mingw32/bin/../lib/gcc/nios2-elf/4.1.2\libgcc.a(_ne_df.o)
 .bss           0x0200b768        0x0 c:/altera/11.0sp1/nios2eds/bin/gnu/h-i686-mingw32/bin/../lib/gcc/nios2-elf/4.1.2\libgcc.a(_gt_df.o)
 .bss           0x0200b768        0x0 c:/altera/11.0sp1/nios2eds/bin/gnu/h-i686-mingw32/bin/../lib/gcc/nios2-elf/4.1.2\libgcc.a(_lt_df.o)
 .bss           0x0200b768        0x0 c:/altera/11.0sp1/nios2eds/bin/gnu/h-i686-mingw32/bin/../lib/gcc/nios2-elf/4.1.2\libgcc.a(_le_df.o)
 .bss           0x0200b768        0x0 c:/altera/11.0sp1/nios2eds/bin/gnu/h-i686-mingw32/bin/../lib/gcc/nios2-elf/4.1.2\libgcc.a(_si_to_df.o)
 .bss           0x0200b768        0x0 c:/altera/11.0sp1/nios2eds/bin/gnu/h-i686-mingw32/bin/../lib/gcc/nios2-elf/4.1.2\libgcc.a(_df_to_si.o)
 .bss           0x0200b768        0x0 c:/altera/11.0sp1/nios2eds/bin/gnu/h-i686-mingw32/bin/../lib/gcc/nios2-elf/4.1.2\libgcc.a(_thenan_df.o)
 .bss           0x0200b768        0x0 c:/altera/11.0sp1/nios2eds/bin/gnu/h-i686-mingw32/bin/../lib/gcc/nios2-elf/4.1.2\libgcc.a(_usi_to_df.o)
 .bss           0x0200b768        0x0 c:/altera/11.0sp1/nios2eds/bin/gnu/h-i686-mingw32/bin/../lib/gcc/nios2-elf/4.1.2\libgcc.a(lib2-divmod.o)
 .bss           0x0200b768        0x0 c:/altera/11.0sp1/nios2eds/bin/gnu/h-i686-mingw32/bin/../lib/gcc/nios2-elf/4.1.2\libgcc.a(_muldi3.o)
 .bss           0x0200b768        0x0 c:/altera/11.0sp1/nios2eds/bin/gnu/h-i686-mingw32/bin/../lib/gcc/nios2-elf/4.1.2\libgcc.a(_clzsi2.o)
 .bss           0x0200b768        0x0 c:/altera/11.0sp1/nios2eds/bin/gnu/h-i686-mingw32/bin/../lib/gcc/nios2-elf/4.1.2\libgcc.a(_pack_df.o)
 .bss           0x0200b768        0x0 c:/altera/11.0sp1/nios2eds/bin/gnu/h-i686-mingw32/bin/../lib/gcc/nios2-elf/4.1.2\libgcc.a(_unpack_df.o)
 .bss           0x0200b768        0x0 c:/altera/11.0sp1/nios2eds/bin/gnu/h-i686-mingw32/bin/../lib/gcc/nios2-elf/4.1.2\libgcc.a(_fpcmp_parts_df.o)
 .bss           0x0200b768        0x0 c:/altera/11.0sp1/nios2eds/bin/gnu/h-i686-mingw32/bin/../lib/gcc/nios2-elf/4.1.2\libgcc.a(_clz.o)
 .bss           0x0200b768        0x0 c:/altera/11.0sp1/nios2eds/bin/gnu/h-i686-mingw32/bin/../lib/gcc/nios2-elf/4.1.2/../../../../nios2-elf/lib\libc.a(lib_a-errno.o)
 .bss           0x0200b768        0x0 c:/altera/11.0sp1/nios2eds/bin/gnu/h-i686-mingw32/bin/../lib/gcc/nios2-elf/4.1.2/../../../../nios2-elf/lib\libc.a(lib_a-impure.o)
 .bss           0x0200b768        0x0 ../J4_bsp/\libhal_bsp.a(alt_main.o)
 .bss           0x0200b768        0x0 ../J4_bsp/\libhal_bsp.a(alt_usleep.o)
 .bss           0x0200b768        0x0 ../J4_bsp/\libhal_bsp.a(alt_sys_init.o)
 .bss           0x0200b768        0x0 ../J4_bsp/\libhal_bsp.a(altera_avalon_epcs_flash_controller.o)
 .bss           0x0200b768        0x0 ../J4_bsp/\libhal_bsp.a(altera_avalon_jtag_uart_fd.o)
 .bss           0x0200b768        0x0 ../J4_bsp/\libhal_bsp.a(altera_avalon_jtag_uart_init.o)
 .bss           0x0200b768        0x0 ../J4_bsp/\libhal_bsp.a(altera_avalon_jtag_uart_ioctl.o)
 .bss           0x0200b768        0x0 ../J4_bsp/\libhal_bsp.a(altera_avalon_jtag_uart_read.o)
 .bss           0x0200b768        0x0 ../J4_bsp/\libhal_bsp.a(altera_avalon_jtag_uart_write.o)
 .bss           0x0200b768        0x0 ../J4_bsp/\libhal_bsp.a(altera_avalon_timer_sc.o)
 .bss           0x0200b768        0x0 ../J4_bsp/\libhal_bsp.a(altera_avalon_uart_fd.o)
 .bss           0x0200b768        0x0 ../J4_bsp/\libhal_bsp.a(altera_avalon_uart_init.o)
 .bss           0x0200b768        0x0 ../J4_bsp/\libhal_bsp.a(altera_avalon_uart_read.o)
 .bss           0x0200b768        0x0 ../J4_bsp/\libhal_bsp.a(altera_avalon_uart_write.o)
 .bss           0x0200b768        0x0 ../J4_bsp/\libhal_bsp.a(altera_vic_0_vector_tbl.o)
 .bss           0x0200b768        0x0 ../J4_bsp/\libhal_bsp.a(altera_vic_funnel_non_preemptive.o)
 .bss           0x0200b768        0x0 ../J4_bsp/\libhal_bsp.a(altera_vic_irq_init.o)
 .bss           0x0200b768        0x0 ../J4_bsp/\libhal_bsp.a(altera_vic_isr_register.o)
 .bss           0x0200b768        0x0 ../J4_bsp/\libhal_bsp.a(epcs_commands.o)
 .bss           0x0200b768        0x0 ../J4_bsp/\libhal_bsp.a(alt_alarm_start.o)
 .bss           0x0200b768        0x0 ../J4_bsp/\libhal_bsp.a(alt_busy_sleep.o)
 .bss           0x0200b768        0x0 ../J4_bsp/\libhal_bsp.a(alt_close.o)
 .bss           0x0200b768        0x0 ../J4_bsp/\libhal_bsp.a(alt_dev.o)
 .bss           0x0200b768        0x0 ../J4_bsp/\libhal_bsp.a(alt_dev_llist_insert.o)
 .bss           0x0200b768        0x0 ../J4_bsp/\libhal_bsp.a(alt_do_ctors.o)
 .bss           0x0200b768        0x0 ../J4_bsp/\libhal_bsp.a(alt_do_dtors.o)
 .bss           0x0200b768        0x0 ../J4_bsp/\libhal_bsp.a(alt_errno.o)
 .bss           0x0200b768        0x0 ../J4_bsp/\libhal_bsp.a(alt_flash_dev.o)
 .bss           0x0200b768        0x0 ../J4_bsp/\libhal_bsp.a(alt_io_redirect.o)
 .bss           0x0200b768        0x0 ../J4_bsp/\libhal_bsp.a(alt_open.o)
 .bss           0x0200b768        0x0 ../J4_bsp/\libhal_bsp.a(alt_release_fd.o)
 .bss           0x0200b768        0x0 ../J4_bsp/\libhal_bsp.a(alt_tick.o)
 .bss           0x0200b768        0x0 ../J4_bsp/\libhal_bsp.a(altera_avalon_spi.o)
 .bss           0x0200b768        0x0 ../J4_bsp/\libhal_bsp.a(alt_find_dev.o)
 .bss           0x0200b768        0x0 ../J4_bsp/\libhal_bsp.a(alt_find_file.o)
 .bss           0x0200b768        0x0 ../J4_bsp/\libhal_bsp.a(alt_get_fd.o)
 .bss           0x0200b768        0x0 c:/altera/11.0sp1/nios2eds/bin/gnu/h-i686-mingw32/bin/../lib/gcc/nios2-elf/4.1.2/../../../../nios2-elf/lib\libc.a(lib_a-atexit.o)
 .bss           0x0200b768        0x0 c:/altera/11.0sp1/nios2eds/bin/gnu/h-i686-mingw32/bin/../lib/gcc/nios2-elf/4.1.2/../../../../nios2-elf/lib\libc.a(lib_a-exit.o)
 .bss           0x0200b768        0x0 c:/altera/11.0sp1/nios2eds/bin/gnu/h-i686-mingw32/bin/../lib/gcc/nios2-elf/4.1.2/../../../../nios2-elf/lib\libc.a(lib_a-int_errno.o)
 .bss           0x0200b768        0x0 c:/altera/11.0sp1/nios2eds/bin/gnu/h-i686-mingw32/bin/../lib/gcc/nios2-elf/4.1.2/../../../../nios2-elf/lib\libc.a(lib_a-memcmp.o)
 .bss           0x0200b768        0x0 c:/altera/11.0sp1/nios2eds/bin/gnu/h-i686-mingw32/bin/../lib/gcc/nios2-elf/4.1.2/../../../../nios2-elf/lib\libc.a(lib_a-memcpy.o)
 .bss           0x0200b768        0x0 c:/altera/11.0sp1/nios2eds/bin/gnu/h-i686-mingw32/bin/../lib/gcc/nios2-elf/4.1.2/../../../../nios2-elf/lib\libc.a(lib_a-strlen.o)
 .bss           0x0200b768        0x0 c:/altera/11.0sp1/nios2eds/bin/gnu/h-i686-mingw32/bin/../lib/gcc/nios2-elf/4.1.2/../../../../nios2-elf/lib\libc.a(lib_a-__atexit.o)
 .bss           0x0200b768        0x0 c:/altera/11.0sp1/nios2eds/bin/gnu/h-i686-mingw32/bin/../lib/gcc/nios2-elf/4.1.2/../../../../nios2-elf/lib\libc.a(lib_a-__call_atexit.o)
 .bss           0x0200b768        0x0 ../J4_bsp/\libhal_bsp.a(alt_exit.o)
 *(COMMON)
 COMMON         0x0200b768       0x8c obj/data.o
                0x0200b768                sDATA
                0x0200b79c                sADC
                0x0200b7bc                sADC_F
                0x0200b7dc                sRCVR
 COMMON         0x0200b7f4      0x190 c:/altera/11.0sp1/nios2eds/bin/gnu/h-i686-mingw32/bin/../lib/gcc/nios2-elf/4.1.2/../../../../nios2-elf/lib\libc.a(lib_a-atexit.o)
                0x0200b7f4                _atexit0
                0x0200b984                . = ALIGN (0x4)
                0x0200b984                __bss_end = ABSOLUTE (.)

.sdram_0        0x0200b984        0x0
                0x0200b984                PROVIDE (_alt_partition_sdram_0_start, ABSOLUTE (.))
 *(.sdram_0. sdram_0.*)
                0x0200b984                . = ALIGN (0x4)
                0x0200b984                PROVIDE (_alt_partition_sdram_0_end, ABSOLUTE (.))
                0x0200b984                _end = ABSOLUTE (.)
                0x0200b984                end = ABSOLUTE (.)
                0x0200b984                __alt_stack_base = ABSOLUTE (.)
                0x0200b984                PROVIDE (_alt_partition_sdram_0_load_addr, LOADADDR (.sdram_0))

.onchip_memory2
                0x04001020        0x0
                0x04001020                PROVIDE (_alt_partition_onchip_memory2_start, ABSOLUTE (.))
 *(.onchip_memory2. onchip_memory2.*)
                0x04001020                . = ALIGN (0x4)
                0x04001020                PROVIDE (_alt_partition_onchip_memory2_end, ABSOLUTE (.))
                0x04001020                PROVIDE (_alt_partition_onchip_memory2_load_addr, LOADADDR (.onchip_memory2))

.epcs_flash_controller
                0x04004820        0x0
                0x04004820                PROVIDE (_alt_partition_epcs_flash_controller_start, ABSOLUTE (.))
 *(.epcs_flash_controller. epcs_flash_controller.*)
                0x04004820                . = ALIGN (0x4)
                0x04004820                PROVIDE (_alt_partition_epcs_flash_controller_end, ABSOLUTE (.))
                0x04004820                PROVIDE (_alt_partition_epcs_flash_controller_load_addr, LOADADDR (.epcs_flash_controller))

.stab
 *(.stab)

.stabstr
 *(.stabstr)

.stab.excl
 *(.stab.excl)

.stab.exclstr
 *(.stab.exclstr)

.stab.index
 *(.stab.index)

.stab.indexstr
 *(.stab.indexstr)

.comment        0x00000000       0x26
 *(.comment)
 .comment       0x00000000       0x26 obj/data.o
                                 0x27 (size before relaxing)
 .comment       0x00000000       0x27 obj/main.o
 .comment       0x00000000       0x27 obj/print_functions.o
 .comment       0x00000000       0x27 obj/print_screens.o
 .comment       0x00000000       0x27 obj/process_entry.o
 .comment       0x00000000       0x27 c:/altera/11.0sp1/nios2eds/bin/gnu/h-i686-mingw32/bin/../lib/gcc/nios2-elf/4.1.2/../../../../nios2-elf/lib\libm.a(lib_a-w_pow.o)
 .comment       0x00000000       0x27 c:/altera/11.0sp1/nios2eds/bin/gnu/h-i686-mingw32/bin/../lib/gcc/nios2-elf/4.1.2/../../../../nios2-elf/lib\libm.a(lib_a-e_pow.o)
 .comment       0x00000000       0x27 c:/altera/11.0sp1/nios2eds/bin/gnu/h-i686-mingw32/bin/../lib/gcc/nios2-elf/4.1.2/../../../../nios2-elf/lib\libm.a(lib_a-e_sqrt.o)
 .comment       0x00000000       0x27 c:/altera/11.0sp1/nios2eds/bin/gnu/h-i686-mingw32/bin/../lib/gcc/nios2-elf/4.1.2/../../../../nios2-elf/lib\libm.a(lib_a-s_fabs.o)
 .comment       0x00000000       0x27 c:/altera/11.0sp1/nios2eds/bin/gnu/h-i686-mingw32/bin/../lib/gcc/nios2-elf/4.1.2/../../../../nios2-elf/lib\libm.a(lib_a-s_finite.o)
 .comment       0x00000000       0x27 c:/altera/11.0sp1/nios2eds/bin/gnu/h-i686-mingw32/bin/../lib/gcc/nios2-elf/4.1.2/../../../../nios2-elf/lib\libm.a(lib_a-s_isnand.o)
 .comment       0x00000000       0x27 c:/altera/11.0sp1/nios2eds/bin/gnu/h-i686-mingw32/bin/../lib/gcc/nios2-elf/4.1.2/../../../../nios2-elf/lib\libm.a(lib_a-s_lib_ver.o)
 .comment       0x00000000       0x27 c:/altera/11.0sp1/nios2eds/bin/gnu/h-i686-mingw32/bin/../lib/gcc/nios2-elf/4.1.2/../../../../nios2-elf/lib\libm.a(lib_a-s_matherr.o)
 .comment       0x00000000       0x27 c:/altera/11.0sp1/nios2eds/bin/gnu/h-i686-mingw32/bin/../lib/gcc/nios2-elf/4.1.2/../../../../nios2-elf/lib\libm.a(lib_a-s_nan.o)
 .comment       0x00000000       0x27 c:/altera/11.0sp1/nios2eds/bin/gnu/h-i686-mingw32/bin/../lib/gcc/nios2-elf/4.1.2/../../../../nios2-elf/lib\libm.a(lib_a-s_rint.o)
 .comment       0x00000000       0x27 c:/altera/11.0sp1/nios2eds/bin/gnu/h-i686-mingw32/bin/../lib/gcc/nios2-elf/4.1.2/../../../../nios2-elf/lib\libm.a(lib_a-s_scalbn.o)
 .comment       0x00000000       0x27 c:/altera/11.0sp1/nios2eds/bin/gnu/h-i686-mingw32/bin/../lib/gcc/nios2-elf/4.1.2/../../../../nios2-elf/lib\libm.a(lib_a-s_copysign.o)
 .comment       0x00000000       0x27 c:/altera/11.0sp1/nios2eds/bin/gnu/h-i686-mingw32/bin/../lib/gcc/nios2-elf/4.1.2\libgcc.a(_addsub_df.o)
 .comment       0x00000000       0x27 c:/altera/11.0sp1/nios2eds/bin/gnu/h-i686-mingw32/bin/../lib/gcc/nios2-elf/4.1.2\libgcc.a(_mul_df.o)
 .comment       0x00000000       0x27 c:/altera/11.0sp1/nios2eds/bin/gnu/h-i686-mingw32/bin/../lib/gcc/nios2-elf/4.1.2\libgcc.a(_div_df.o)
 .comment       0x00000000       0x27 c:/altera/11.0sp1/nios2eds/bin/gnu/h-i686-mingw32/bin/../lib/gcc/nios2-elf/4.1.2\libgcc.a(_eq_df.o)
 .comment       0x00000000       0x27 c:/altera/11.0sp1/nios2eds/bin/gnu/h-i686-mingw32/bin/../lib/gcc/nios2-elf/4.1.2\libgcc.a(_ne_df.o)
 .comment       0x00000000       0x27 c:/altera/11.0sp1/nios2eds/bin/gnu/h-i686-mingw32/bin/../lib/gcc/nios2-elf/4.1.2\libgcc.a(_gt_df.o)
 .comment       0x00000000       0x27 c:/altera/11.0sp1/nios2eds/bin/gnu/h-i686-mingw32/bin/../lib/gcc/nios2-elf/4.1.2\libgcc.a(_lt_df.o)
 .comment       0x00000000       0x27 c:/altera/11.0sp1/nios2eds/bin/gnu/h-i686-mingw32/bin/../lib/gcc/nios2-elf/4.1.2\libgcc.a(_le_df.o)
 .comment       0x00000000       0x27 c:/altera/11.0sp1/nios2eds/bin/gnu/h-i686-mingw32/bin/../lib/gcc/nios2-elf/4.1.2\libgcc.a(_si_to_df.o)
 .comment       0x00000000       0x27 c:/altera/11.0sp1/nios2eds/bin/gnu/h-i686-mingw32/bin/../lib/gcc/nios2-elf/4.1.2\libgcc.a(_df_to_si.o)
 .comment       0x00000000       0x27 c:/altera/11.0sp1/nios2eds/bin/gnu/h-i686-mingw32/bin/../lib/gcc/nios2-elf/4.1.2\libgcc.a(_thenan_df.o)
 .comment       0x00000000       0x27 c:/altera/11.0sp1/nios2eds/bin/gnu/h-i686-mingw32/bin/../lib/gcc/nios2-elf/4.1.2\libgcc.a(_usi_to_df.o)
 .comment       0x00000000       0x27 c:/altera/11.0sp1/nios2eds/bin/gnu/h-i686-mingw32/bin/../lib/gcc/nios2-elf/4.1.2\libgcc.a(lib2-divmod.o)
 .comment       0x00000000       0x27 c:/altera/11.0sp1/nios2eds/bin/gnu/h-i686-mingw32/bin/../lib/gcc/nios2-elf/4.1.2\libgcc.a(_muldi3.o)
 .comment       0x00000000       0x27 c:/altera/11.0sp1/nios2eds/bin/gnu/h-i686-mingw32/bin/../lib/gcc/nios2-elf/4.1.2\libgcc.a(_clzsi2.o)
 .comment       0x00000000       0x27 c:/altera/11.0sp1/nios2eds/bin/gnu/h-i686-mingw32/bin/../lib/gcc/nios2-elf/4.1.2\libgcc.a(_pack_df.o)
 .comment       0x00000000       0x27 c:/altera/11.0sp1/nios2eds/bin/gnu/h-i686-mingw32/bin/../lib/gcc/nios2-elf/4.1.2\libgcc.a(_unpack_df.o)
 .comment       0x00000000       0x27 c:/altera/11.0sp1/nios2eds/bin/gnu/h-i686-mingw32/bin/../lib/gcc/nios2-elf/4.1.2\libgcc.a(_fpcmp_parts_df.o)
 .comment       0x00000000       0x27 c:/altera/11.0sp1/nios2eds/bin/gnu/h-i686-mingw32/bin/../lib/gcc/nios2-elf/4.1.2\libgcc.a(_clz.o)
 .comment       0x00000000       0x27 c:/altera/11.0sp1/nios2eds/bin/gnu/h-i686-mingw32/bin/../lib/gcc/nios2-elf/4.1.2/../../../../nios2-elf/lib\libc.a(lib_a-errno.o)
 .comment       0x00000000       0x27 c:/altera/11.0sp1/nios2eds/bin/gnu/h-i686-mingw32/bin/../lib/gcc/nios2-elf/4.1.2/../../../../nios2-elf/lib\libc.a(lib_a-impure.o)
 .comment       0x00000000       0x27 ../J4_bsp/\libhal_bsp.a(alt_main.o)
 .comment       0x00000000       0x27 ../J4_bsp/\libhal_bsp.a(alt_usleep.o)
 .comment       0x00000000       0x27 ../J4_bsp/\libhal_bsp.a(alt_sys_init.o)
 .comment       0x00000000       0x27 ../J4_bsp/\libhal_bsp.a(altera_avalon_epcs_flash_controller.o)
 .comment       0x00000000       0x27 ../J4_bsp/\libhal_bsp.a(altera_avalon_jtag_uart_fd.o)
 .comment       0x00000000       0x27 ../J4_bsp/\libhal_bsp.a(altera_avalon_jtag_uart_init.o)
 .comment       0x00000000       0x27 ../J4_bsp/\libhal_bsp.a(altera_avalon_jtag_uart_ioctl.o)
 .comment       0x00000000       0x27 ../J4_bsp/\libhal_bsp.a(altera_avalon_jtag_uart_read.o)
 .comment       0x00000000       0x27 ../J4_bsp/\libhal_bsp.a(altera_avalon_jtag_uart_write.o)
 .comment       0x00000000       0x27 ../J4_bsp/\libhal_bsp.a(altera_avalon_timer_sc.o)
 .comment       0x00000000       0x27 ../J4_bsp/\libhal_bsp.a(altera_avalon_uart_fd.o)
 .comment       0x00000000       0x27 ../J4_bsp/\libhal_bsp.a(altera_avalon_uart_init.o)
 .comment       0x00000000       0x27 ../J4_bsp/\libhal_bsp.a(altera_avalon_uart_read.o)
 .comment       0x00000000       0x27 ../J4_bsp/\libhal_bsp.a(altera_avalon_uart_write.o)
 .comment       0x00000000       0x27 ../J4_bsp/\libhal_bsp.a(altera_vic_irq_init.o)
 .comment       0x00000000       0x27 ../J4_bsp/\libhal_bsp.a(altera_vic_isr_register.o)
 .comment       0x00000000       0x27 ../J4_bsp/\libhal_bsp.a(epcs_commands.o)
 .comment       0x00000000       0x27 ../J4_bsp/\libhal_bsp.a(alt_alarm_start.o)
 .comment       0x00000000       0x27 ../J4_bsp/\libhal_bsp.a(alt_busy_sleep.o)
 .comment       0x00000000       0x27 ../J4_bsp/\libhal_bsp.a(alt_close.o)
 .comment       0x00000000       0x27 ../J4_bsp/\libhal_bsp.a(alt_dev.o)
 .comment       0x00000000       0x27 ../J4_bsp/\libhal_bsp.a(alt_dev_llist_insert.o)
 .comment       0x00000000       0x27 ../J4_bsp/\libhal_bsp.a(alt_do_ctors.o)
 .comment       0x00000000       0x27 ../J4_bsp/\libhal_bsp.a(alt_do_dtors.o)
 .comment       0x00000000       0x27 ../J4_bsp/\libhal_bsp.a(alt_errno.o)
 .comment       0x00000000       0x27 ../J4_bsp/\libhal_bsp.a(alt_flash_dev.o)
 .comment       0x00000000       0x27 ../J4_bsp/\libhal_bsp.a(alt_io_redirect.o)
 .comment       0x00000000       0x27 ../J4_bsp/\libhal_bsp.a(alt_open.o)
 .comment       0x00000000       0x27 ../J4_bsp/\libhal_bsp.a(alt_release_fd.o)
 .comment       0x00000000       0x27 ../J4_bsp/\libhal_bsp.a(alt_tick.o)
 .comment       0x00000000       0x27 ../J4_bsp/\libhal_bsp.a(altera_avalon_spi.o)
 .comment       0x00000000       0x27 ../J4_bsp/\libhal_bsp.a(alt_find_dev.o)
 .comment       0x00000000       0x27 ../J4_bsp/\libhal_bsp.a(alt_find_file.o)
 .comment       0x00000000       0x27 ../J4_bsp/\libhal_bsp.a(alt_get_fd.o)
 .comment       0x00000000       0x27 c:/altera/11.0sp1/nios2eds/bin/gnu/h-i686-mingw32/bin/../lib/gcc/nios2-elf/4.1.2/../../../../nios2-elf/lib\libc.a(lib_a-atexit.o)
 .comment       0x00000000       0x27 c:/altera/11.0sp1/nios2eds/bin/gnu/h-i686-mingw32/bin/../lib/gcc/nios2-elf/4.1.2/../../../../nios2-elf/lib\libc.a(lib_a-exit.o)
 .comment       0x00000000       0x27 c:/altera/11.0sp1/nios2eds/bin/gnu/h-i686-mingw32/bin/../lib/gcc/nios2-elf/4.1.2/../../../../nios2-elf/lib\libc.a(lib_a-int_errno.o)
 .comment       0x00000000       0x27 c:/altera/11.0sp1/nios2eds/bin/gnu/h-i686-mingw32/bin/../lib/gcc/nios2-elf/4.1.2/../../../../nios2-elf/lib\libc.a(lib_a-memcmp.o)
 .comment       0x00000000       0x27 c:/altera/11.0sp1/nios2eds/bin/gnu/h-i686-mingw32/bin/../lib/gcc/nios2-elf/4.1.2/../../../../nios2-elf/lib\libc.a(lib_a-memcpy.o)
 .comment       0x00000000       0x27 c:/altera/11.0sp1/nios2eds/bin/gnu/h-i686-mingw32/bin/../lib/gcc/nios2-elf/4.1.2/../../../../nios2-elf/lib\libc.a(lib_a-strlen.o)
 .comment       0x00000000       0x27 c:/altera/11.0sp1/nios2eds/bin/gnu/h-i686-mingw32/bin/../lib/gcc/nios2-elf/4.1.2/../../../../nios2-elf/lib\libc.a(lib_a-__atexit.o)
 .comment       0x00000000       0x27 c:/altera/11.0sp1/nios2eds/bin/gnu/h-i686-mingw32/bin/../lib/gcc/nios2-elf/4.1.2/../../../../nios2-elf/lib\libc.a(lib_a-__call_atexit.o)
 .comment       0x00000000       0x27 ../J4_bsp/\libhal_bsp.a(alt_exit.o)

.debug
 *(.debug)

.line
 *(.line)

.debug_srcinfo
 *(.debug_srcinfo)

.debug_sfnames
 *(.debug_sfnames)

.debug_aranges  0x00000000      0x9a0
 *(.debug_aranges)
 .debug_aranges
                0x00000000       0x20 ../J4_bsp//obj/HAL/src/crt0.o
 .debug_aranges
                0x00000020       0x20 obj/main.o
 .debug_aranges
                0x00000040       0x20 obj/print_functions.o
 .debug_aranges
                0x00000060       0x20 obj/print_screens.o
 .debug_aranges
                0x00000080       0x20 obj/process_entry.o
 .debug_aranges
                0x000000a0       0x20 c:/altera/11.0sp1/nios2eds/bin/gnu/h-i686-mingw32/bin/../lib/gcc/nios2-elf/4.1.2/../../../../nios2-elf/lib\libm.a(lib_a-w_pow.o)
 .debug_aranges
                0x000000c0       0x20 c:/altera/11.0sp1/nios2eds/bin/gnu/h-i686-mingw32/bin/../lib/gcc/nios2-elf/4.1.2/../../../../nios2-elf/lib\libm.a(lib_a-e_pow.o)
 .debug_aranges
                0x000000e0       0x20 c:/altera/11.0sp1/nios2eds/bin/gnu/h-i686-mingw32/bin/../lib/gcc/nios2-elf/4.1.2/../../../../nios2-elf/lib\libm.a(lib_a-e_sqrt.o)
 .debug_aranges
                0x00000100       0x20 c:/altera/11.0sp1/nios2eds/bin/gnu/h-i686-mingw32/bin/../lib/gcc/nios2-elf/4.1.2/../../../../nios2-elf/lib\libm.a(lib_a-s_fabs.o)
 .debug_aranges
                0x00000120       0x20 c:/altera/11.0sp1/nios2eds/bin/gnu/h-i686-mingw32/bin/../lib/gcc/nios2-elf/4.1.2/../../../../nios2-elf/lib\libm.a(lib_a-s_finite.o)
 .debug_aranges
                0x00000140       0x20 c:/altera/11.0sp1/nios2eds/bin/gnu/h-i686-mingw32/bin/../lib/gcc/nios2-elf/4.1.2/../../../../nios2-elf/lib\libm.a(lib_a-s_isnand.o)
 .debug_aranges
                0x00000160       0x20 c:/altera/11.0sp1/nios2eds/bin/gnu/h-i686-mingw32/bin/../lib/gcc/nios2-elf/4.1.2/../../../../nios2-elf/lib\libm.a(lib_a-s_matherr.o)
 .debug_aranges
                0x00000180       0x20 c:/altera/11.0sp1/nios2eds/bin/gnu/h-i686-mingw32/bin/../lib/gcc/nios2-elf/4.1.2/../../../../nios2-elf/lib\libm.a(lib_a-s_nan.o)
 .debug_aranges
                0x000001a0       0x20 c:/altera/11.0sp1/nios2eds/bin/gnu/h-i686-mingw32/bin/../lib/gcc/nios2-elf/4.1.2/../../../../nios2-elf/lib\libm.a(lib_a-s_rint.o)
 .debug_aranges
                0x000001c0       0x20 c:/altera/11.0sp1/nios2eds/bin/gnu/h-i686-mingw32/bin/../lib/gcc/nios2-elf/4.1.2/../../../../nios2-elf/lib\libm.a(lib_a-s_scalbn.o)
 .debug_aranges
                0x000001e0       0x20 c:/altera/11.0sp1/nios2eds/bin/gnu/h-i686-mingw32/bin/../lib/gcc/nios2-elf/4.1.2/../../../../nios2-elf/lib\libm.a(lib_a-s_copysign.o)
 .debug_aranges
                0x00000200       0x20 c:/altera/11.0sp1/nios2eds/bin/gnu/h-i686-mingw32/bin/../lib/gcc/nios2-elf/4.1.2\libgcc.a(_addsub_df.o)
 .debug_aranges
                0x00000220       0x20 c:/altera/11.0sp1/nios2eds/bin/gnu/h-i686-mingw32/bin/../lib/gcc/nios2-elf/4.1.2\libgcc.a(_mul_df.o)
 .debug_aranges
                0x00000240       0x20 c:/altera/11.0sp1/nios2eds/bin/gnu/h-i686-mingw32/bin/../lib/gcc/nios2-elf/4.1.2\libgcc.a(_div_df.o)
 .debug_aranges
                0x00000260       0x20 c:/altera/11.0sp1/nios2eds/bin/gnu/h-i686-mingw32/bin/../lib/gcc/nios2-elf/4.1.2\libgcc.a(_eq_df.o)
 .debug_aranges
                0x00000280       0x20 c:/altera/11.0sp1/nios2eds/bin/gnu/h-i686-mingw32/bin/../lib/gcc/nios2-elf/4.1.2\libgcc.a(_ne_df.o)
 .debug_aranges
                0x000002a0       0x20 c:/altera/11.0sp1/nios2eds/bin/gnu/h-i686-mingw32/bin/../lib/gcc/nios2-elf/4.1.2\libgcc.a(_gt_df.o)
 .debug_aranges
                0x000002c0       0x20 c:/altera/11.0sp1/nios2eds/bin/gnu/h-i686-mingw32/bin/../lib/gcc/nios2-elf/4.1.2\libgcc.a(_lt_df.o)
 .debug_aranges
                0x000002e0       0x20 c:/altera/11.0sp1/nios2eds/bin/gnu/h-i686-mingw32/bin/../lib/gcc/nios2-elf/4.1.2\libgcc.a(_le_df.o)
 .debug_aranges
                0x00000300       0x20 c:/altera/11.0sp1/nios2eds/bin/gnu/h-i686-mingw32/bin/../lib/gcc/nios2-elf/4.1.2\libgcc.a(_si_to_df.o)
 .debug_aranges
                0x00000320       0x20 c:/altera/11.0sp1/nios2eds/bin/gnu/h-i686-mingw32/bin/../lib/gcc/nios2-elf/4.1.2\libgcc.a(_df_to_si.o)
 .debug_aranges
                0x00000340       0x20 c:/altera/11.0sp1/nios2eds/bin/gnu/h-i686-mingw32/bin/../lib/gcc/nios2-elf/4.1.2\libgcc.a(_usi_to_df.o)
 .debug_aranges
                0x00000360       0x20 c:/altera/11.0sp1/nios2eds/bin/gnu/h-i686-mingw32/bin/../lib/gcc/nios2-elf/4.1.2\libgcc.a(lib2-divmod.o)
 .debug_aranges
                0x00000380       0x20 c:/altera/11.0sp1/nios2eds/bin/gnu/h-i686-mingw32/bin/../lib/gcc/nios2-elf/4.1.2\libgcc.a(_muldi3.o)
 .debug_aranges
                0x000003a0       0x20 c:/altera/11.0sp1/nios2eds/bin/gnu/h-i686-mingw32/bin/../lib/gcc/nios2-elf/4.1.2\libgcc.a(_clzsi2.o)
 .debug_aranges
                0x000003c0       0x20 c:/altera/11.0sp1/nios2eds/bin/gnu/h-i686-mingw32/bin/../lib/gcc/nios2-elf/4.1.2\libgcc.a(_pack_df.o)
 .debug_aranges
                0x000003e0       0x20 c:/altera/11.0sp1/nios2eds/bin/gnu/h-i686-mingw32/bin/../lib/gcc/nios2-elf/4.1.2\libgcc.a(_unpack_df.o)
 .debug_aranges
                0x00000400       0x20 c:/altera/11.0sp1/nios2eds/bin/gnu/h-i686-mingw32/bin/../lib/gcc/nios2-elf/4.1.2\libgcc.a(_fpcmp_parts_df.o)
 .debug_aranges
                0x00000420       0x20 c:/altera/11.0sp1/nios2eds/bin/gnu/h-i686-mingw32/bin/../lib/gcc/nios2-elf/4.1.2/../../../../nios2-elf/lib\libc.a(lib_a-errno.o)
 .debug_aranges
                0x00000440       0x20 ../J4_bsp/\libhal_bsp.a(alt_main.o)
 .debug_aranges
                0x00000460       0x20 ../J4_bsp/\libhal_bsp.a(alt_usleep.o)
 .debug_aranges
                0x00000480       0x20 ../J4_bsp/\libhal_bsp.a(alt_sys_init.o)
 .debug_aranges
                0x000004a0       0x20 ../J4_bsp/\libhal_bsp.a(altera_avalon_epcs_flash_controller.o)
 .debug_aranges
                0x000004c0       0x20 ../J4_bsp/\libhal_bsp.a(altera_avalon_jtag_uart_fd.o)
 .debug_aranges
                0x000004e0       0x20 ../J4_bsp/\libhal_bsp.a(altera_avalon_jtag_uart_init.o)
 .debug_aranges
                0x00000500       0x20 ../J4_bsp/\libhal_bsp.a(altera_avalon_jtag_uart_ioctl.o)
 .debug_aranges
                0x00000520       0x20 ../J4_bsp/\libhal_bsp.a(altera_avalon_jtag_uart_read.o)
 .debug_aranges
                0x00000540       0x20 ../J4_bsp/\libhal_bsp.a(altera_avalon_jtag_uart_write.o)
 .debug_aranges
                0x00000560       0x20 ../J4_bsp/\libhal_bsp.a(altera_avalon_timer_sc.o)
 .debug_aranges
                0x00000580       0x20 ../J4_bsp/\libhal_bsp.a(altera_avalon_uart_fd.o)
 .debug_aranges
                0x000005a0       0x20 ../J4_bsp/\libhal_bsp.a(altera_avalon_uart_init.o)
 .debug_aranges
                0x000005c0       0x20 ../J4_bsp/\libhal_bsp.a(altera_avalon_uart_read.o)
 .debug_aranges
                0x000005e0       0x20 ../J4_bsp/\libhal_bsp.a(altera_avalon_uart_write.o)
 .debug_aranges
                0x00000600       0x20 ../J4_bsp/\libhal_bsp.a(altera_vic_0_vector_tbl.o)
 .debug_aranges
                0x00000620       0x20 ../J4_bsp/\libhal_bsp.a(altera_vic_funnel_non_preemptive.o)
 .debug_aranges
                0x00000640       0x20 ../J4_bsp/\libhal_bsp.a(altera_vic_irq_init.o)
 .debug_aranges
                0x00000660       0x20 ../J4_bsp/\libhal_bsp.a(altera_vic_isr_register.o)
 .debug_aranges
                0x00000680       0x20 ../J4_bsp/\libhal_bsp.a(epcs_commands.o)
 .debug_aranges
                0x000006a0       0x20 ../J4_bsp/\libhal_bsp.a(alt_alarm_start.o)
 .debug_aranges
                0x000006c0       0x20 ../J4_bsp/\libhal_bsp.a(alt_busy_sleep.o)
 .debug_aranges
                0x000006e0       0x20 ../J4_bsp/\libhal_bsp.a(alt_close.o)
 .debug_aranges
                0x00000700       0x20 ../J4_bsp/\libhal_bsp.a(alt_dev.o)
 .debug_aranges
                0x00000720       0x20 ../J4_bsp/\libhal_bsp.a(alt_dev_llist_insert.o)
 .debug_aranges
                0x00000740       0x20 ../J4_bsp/\libhal_bsp.a(alt_do_ctors.o)
 .debug_aranges
                0x00000760       0x20 ../J4_bsp/\libhal_bsp.a(alt_do_dtors.o)
 .debug_aranges
                0x00000780       0x20 ../J4_bsp/\libhal_bsp.a(alt_flash_dev.o)
 .debug_aranges
                0x000007a0       0x20 ../J4_bsp/\libhal_bsp.a(alt_io_redirect.o)
 .debug_aranges
                0x000007c0       0x20 ../J4_bsp/\libhal_bsp.a(alt_open.o)
 .debug_aranges
                0x000007e0       0x20 ../J4_bsp/\libhal_bsp.a(alt_release_fd.o)
 .debug_aranges
                0x00000800       0x20 ../J4_bsp/\libhal_bsp.a(alt_tick.o)
 .debug_aranges
                0x00000820       0x20 ../J4_bsp/\libhal_bsp.a(altera_avalon_spi.o)
 .debug_aranges
                0x00000840       0x20 ../J4_bsp/\libhal_bsp.a(alt_find_dev.o)
 .debug_aranges
                0x00000860       0x20 ../J4_bsp/\libhal_bsp.a(alt_find_file.o)
 .debug_aranges
                0x00000880       0x20 ../J4_bsp/\libhal_bsp.a(alt_get_fd.o)
 .debug_aranges
                0x000008a0       0x20 c:/altera/11.0sp1/nios2eds/bin/gnu/h-i686-mingw32/bin/../lib/gcc/nios2-elf/4.1.2/../../../../nios2-elf/lib\libc.a(lib_a-atexit.o)
 .debug_aranges
                0x000008c0       0x20 c:/altera/11.0sp1/nios2eds/bin/gnu/h-i686-mingw32/bin/../lib/gcc/nios2-elf/4.1.2/../../../../nios2-elf/lib\libc.a(lib_a-exit.o)
 .debug_aranges
                0x000008e0       0x20 c:/altera/11.0sp1/nios2eds/bin/gnu/h-i686-mingw32/bin/../lib/gcc/nios2-elf/4.1.2/../../../../nios2-elf/lib\libc.a(lib_a-memcmp.o)
 .debug_aranges
                0x00000900       0x20 c:/altera/11.0sp1/nios2eds/bin/gnu/h-i686-mingw32/bin/../lib/gcc/nios2-elf/4.1.2/../../../../nios2-elf/lib\libc.a(lib_a-memcpy.o)
 .debug_aranges
                0x00000920       0x20 c:/altera/11.0sp1/nios2eds/bin/gnu/h-i686-mingw32/bin/../lib/gcc/nios2-elf/4.1.2/../../../../nios2-elf/lib\libc.a(lib_a-strlen.o)
 .debug_aranges
                0x00000940       0x20 c:/altera/11.0sp1/nios2eds/bin/gnu/h-i686-mingw32/bin/../lib/gcc/nios2-elf/4.1.2/../../../../nios2-elf/lib\libc.a(lib_a-__atexit.o)
 .debug_aranges
                0x00000960       0x20 c:/altera/11.0sp1/nios2eds/bin/gnu/h-i686-mingw32/bin/../lib/gcc/nios2-elf/4.1.2/../../../../nios2-elf/lib\libc.a(lib_a-__call_atexit.o)
 .debug_aranges
                0x00000980       0x20 ../J4_bsp/\libhal_bsp.a(alt_exit.o)

.debug_pubnames
                0x00000000      0xfc6
 *(.debug_pubnames)
 .debug_pubnames
                0x00000000       0x43 obj/data.o
 .debug_pubnames
                0x00000043       0x1b obj/main.o
 .debug_pubnames
                0x0000005e       0x63 obj/print_functions.o
 .debug_pubnames
                0x000000c1       0x43 obj/print_screens.o
 .debug_pubnames
                0x00000104       0xc3 obj/process_entry.o
 .debug_pubnames
                0x000001c7       0x1a c:/altera/11.0sp1/nios2eds/bin/gnu/h-i686-mingw32/bin/../lib/gcc/nios2-elf/4.1.2/../../../../nios2-elf/lib\libm.a(lib_a-w_pow.o)
 .debug_pubnames
                0x000001e1       0x24 c:/altera/11.0sp1/nios2eds/bin/gnu/h-i686-mingw32/bin/../lib/gcc/nios2-elf/4.1.2/../../../../nios2-elf/lib\libm.a(lib_a-e_pow.o)
 .debug_pubnames
                0x00000205       0x25 c:/altera/11.0sp1/nios2eds/bin/gnu/h-i686-mingw32/bin/../lib/gcc/nios2-elf/4.1.2/../../../../nios2-elf/lib\libm.a(lib_a-e_sqrt.o)
 .debug_pubnames
                0x0000022a       0x1b c:/altera/11.0sp1/nios2eds/bin/gnu/h-i686-mingw32/bin/../lib/gcc/nios2-elf/4.1.2/../../../../nios2-elf/lib\libm.a(lib_a-s_fabs.o)
 .debug_pubnames
                0x00000245       0x1d c:/altera/11.0sp1/nios2eds/bin/gnu/h-i686-mingw32/bin/../lib/gcc/nios2-elf/4.1.2/../../../../nios2-elf/lib\libm.a(lib_a-s_finite.o)
 .debug_pubnames
                0x00000262       0x1f c:/altera/11.0sp1/nios2eds/bin/gnu/h-i686-mingw32/bin/../lib/gcc/nios2-elf/4.1.2/../../../../nios2-elf/lib\libm.a(lib_a-s_isnand.o)
 .debug_pubnames
                0x00000281       0x26 c:/altera/11.0sp1/nios2eds/bin/gnu/h-i686-mingw32/bin/../lib/gcc/nios2-elf/4.1.2/../../../../nios2-elf/lib\libm.a(lib_a-s_lib_ver.o)
 .debug_pubnames
                0x000002a7       0x1e c:/altera/11.0sp1/nios2eds/bin/gnu/h-i686-mingw32/bin/../lib/gcc/nios2-elf/4.1.2/../../../../nios2-elf/lib\libm.a(lib_a-s_matherr.o)
 .debug_pubnames
                0x000002c5       0x1a c:/altera/11.0sp1/nios2eds/bin/gnu/h-i686-mingw32/bin/../lib/gcc/nios2-elf/4.1.2/../../../../nios2-elf/lib\libm.a(lib_a-s_nan.o)
 .debug_pubnames
                0x000002df       0x1b c:/altera/11.0sp1/nios2eds/bin/gnu/h-i686-mingw32/bin/../lib/gcc/nios2-elf/4.1.2/../../../../nios2-elf/lib\libm.a(lib_a-s_rint.o)
 .debug_pubnames
                0x000002fa       0x1d c:/altera/11.0sp1/nios2eds/bin/gnu/h-i686-mingw32/bin/../lib/gcc/nios2-elf/4.1.2/../../../../nios2-elf/lib\libm.a(lib_a-s_scalbn.o)
 .debug_pubnames
                0x00000317       0x1f c:/altera/11.0sp1/nios2eds/bin/gnu/h-i686-mingw32/bin/../lib/gcc/nios2-elf/4.1.2/../../../../nios2-elf/lib\libm.a(lib_a-s_copysign.o)
 .debug_pubnames
                0x00000336       0x2c c:/altera/11.0sp1/nios2eds/bin/gnu/h-i686-mingw32/bin/../lib/gcc/nios2-elf/4.1.2\libgcc.a(_addsub_df.o)
 .debug_pubnames
                0x00000362       0x1f c:/altera/11.0sp1/nios2eds/bin/gnu/h-i686-mingw32/bin/../lib/gcc/nios2-elf/4.1.2\libgcc.a(_mul_df.o)
 .debug_pubnames
                0x00000381       0x1f c:/altera/11.0sp1/nios2eds/bin/gnu/h-i686-mingw32/bin/../lib/gcc/nios2-elf/4.1.2\libgcc.a(_div_df.o)
 .debug_pubnames
                0x000003a0       0x1e c:/altera/11.0sp1/nios2eds/bin/gnu/h-i686-mingw32/bin/../lib/gcc/nios2-elf/4.1.2\libgcc.a(_eq_df.o)
 .debug_pubnames
                0x000003be       0x1e c:/altera/11.0sp1/nios2eds/bin/gnu/h-i686-mingw32/bin/../lib/gcc/nios2-elf/4.1.2\libgcc.a(_ne_df.o)
 .debug_pubnames
                0x000003dc       0x1e c:/altera/11.0sp1/nios2eds/bin/gnu/h-i686-mingw32/bin/../lib/gcc/nios2-elf/4.1.2\libgcc.a(_gt_df.o)
 .debug_pubnames
                0x000003fa       0x1e c:/altera/11.0sp1/nios2eds/bin/gnu/h-i686-mingw32/bin/../lib/gcc/nios2-elf/4.1.2\libgcc.a(_lt_df.o)
 .debug_pubnames
                0x00000418       0x1e c:/altera/11.0sp1/nios2eds/bin/gnu/h-i686-mingw32/bin/../lib/gcc/nios2-elf/4.1.2\libgcc.a(_le_df.o)
 .debug_pubnames
                0x00000436       0x22 c:/altera/11.0sp1/nios2eds/bin/gnu/h-i686-mingw32/bin/../lib/gcc/nios2-elf/4.1.2\libgcc.a(_si_to_df.o)
 .debug_pubnames
                0x00000458       0x20 c:/altera/11.0sp1/nios2eds/bin/gnu/h-i686-mingw32/bin/../lib/gcc/nios2-elf/4.1.2\libgcc.a(_df_to_si.o)
 .debug_pubnames
                0x00000478       0x22 c:/altera/11.0sp1/nios2eds/bin/gnu/h-i686-mingw32/bin/../lib/gcc/nios2-elf/4.1.2\libgcc.a(_thenan_df.o)
 .debug_pubnames
                0x0000049a       0x24 c:/altera/11.0sp1/nios2eds/bin/gnu/h-i686-mingw32/bin/../lib/gcc/nios2-elf/4.1.2\libgcc.a(_usi_to_df.o)
 .debug_pubnames
                0x000004be       0x48 c:/altera/11.0sp1/nios2eds/bin/gnu/h-i686-mingw32/bin/../lib/gcc/nios2-elf/4.1.2\libgcc.a(lib2-divmod.o)
 .debug_pubnames
                0x00000506       0x1f c:/altera/11.0sp1/nios2eds/bin/gnu/h-i686-mingw32/bin/../lib/gcc/nios2-elf/4.1.2\libgcc.a(_muldi3.o)
 .debug_pubnames
                0x00000525       0x1f c:/altera/11.0sp1/nios2eds/bin/gnu/h-i686-mingw32/bin/../lib/gcc/nios2-elf/4.1.2\libgcc.a(_clzsi2.o)
 .debug_pubnames
                0x00000544       0x1f c:/altera/11.0sp1/nios2eds/bin/gnu/h-i686-mingw32/bin/../lib/gcc/nios2-elf/4.1.2\libgcc.a(_pack_df.o)
 .debug_pubnames
                0x00000563       0x21 c:/altera/11.0sp1/nios2eds/bin/gnu/h-i686-mingw32/bin/../lib/gcc/nios2-elf/4.1.2\libgcc.a(_unpack_df.o)
 .debug_pubnames
                0x00000584       0x26 c:/altera/11.0sp1/nios2eds/bin/gnu/h-i686-mingw32/bin/../lib/gcc/nios2-elf/4.1.2\libgcc.a(_fpcmp_parts_df.o)
 .debug_pubnames
                0x000005aa       0x20 c:/altera/11.0sp1/nios2eds/bin/gnu/h-i686-mingw32/bin/../lib/gcc/nios2-elf/4.1.2\libgcc.a(_clz.o)
 .debug_pubnames
                0x000005ca       0x1e c:/altera/11.0sp1/nios2eds/bin/gnu/h-i686-mingw32/bin/../lib/gcc/nios2-elf/4.1.2/../../../../nios2-elf/lib\libc.a(lib_a-errno.o)
 .debug_pubnames
                0x000005e8       0x39 c:/altera/11.0sp1/nios2eds/bin/gnu/h-i686-mingw32/bin/../lib/gcc/nios2-elf/4.1.2/../../../../nios2-elf/lib\libc.a(lib_a-impure.o)
 .debug_pubnames
                0x00000621       0x46 ../J4_bsp/\libhal_bsp.a(alt_main.o)
 .debug_pubnames
                0x00000667       0x1d ../J4_bsp/\libhal_bsp.a(alt_usleep.o)
 .debug_pubnames
                0x00000684       0x34 ../J4_bsp/\libhal_bsp.a(alt_sys_init.o)
 .debug_pubnames
                0x000006b8       0xb5 ../J4_bsp/\libhal_bsp.a(altera_avalon_epcs_flash_controller.o)
 .debug_pubnames
                0x0000076d       0xa5 ../J4_bsp/\libhal_bsp.a(altera_avalon_jtag_uart_fd.o)
 .debug_pubnames
                0x00000812       0x55 ../J4_bsp/\libhal_bsp.a(altera_avalon_jtag_uart_init.o)
 .debug_pubnames
                0x00000867       0x34 ../J4_bsp/\libhal_bsp.a(altera_avalon_jtag_uart_ioctl.o)
 .debug_pubnames
                0x0000089b       0x33 ../J4_bsp/\libhal_bsp.a(altera_avalon_jtag_uart_read.o)
 .debug_pubnames
                0x000008ce       0x34 ../J4_bsp/\libhal_bsp.a(altera_avalon_jtag_uart_write.o)
 .debug_pubnames
                0x00000902       0x2f ../J4_bsp/\libhal_bsp.a(altera_avalon_timer_sc.o)
 .debug_pubnames
                0x00000931       0x71 ../J4_bsp/\libhal_bsp.a(altera_avalon_uart_fd.o)
 .debug_pubnames
                0x000009a2       0x4b ../J4_bsp/\libhal_bsp.a(altera_avalon_uart_init.o)
 .debug_pubnames
                0x000009ed       0x2e ../J4_bsp/\libhal_bsp.a(altera_avalon_uart_read.o)
 .debug_pubnames
                0x00000a1b       0x2f ../J4_bsp/\libhal_bsp.a(altera_avalon_uart_write.o)
 .debug_pubnames
                0x00000a4a       0x3c ../J4_bsp/\libhal_bsp.a(altera_vic_irq_init.o)
 .debug_pubnames
                0x00000a86       0x2a ../J4_bsp/\libhal_bsp.a(altera_vic_isr_register.o)
 .debug_pubnames
                0x00000ab0       0xe1 ../J4_bsp/\libhal_bsp.a(epcs_commands.o)
 .debug_pubnames
                0x00000b91       0x26 ../J4_bsp/\libhal_bsp.a(alt_alarm_start.o)
 .debug_pubnames
                0x00000bb7       0x25 ../J4_bsp/\libhal_bsp.a(alt_busy_sleep.o)
 .debug_pubnames
                0x00000bdc       0x1c ../J4_bsp/\libhal_bsp.a(alt_close.o)
 .debug_pubnames
                0x00000bf8       0x63 ../J4_bsp/\libhal_bsp.a(alt_dev.o)
 .debug_pubnames
                0x00000c5b       0x2b ../J4_bsp/\libhal_bsp.a(alt_dev_llist_insert.o)
 .debug_pubnames
                0x00000c86       0x20 ../J4_bsp/\libhal_bsp.a(alt_do_ctors.o)
 .debug_pubnames
                0x00000ca6       0x20 ../J4_bsp/\libhal_bsp.a(alt_do_dtors.o)
 .debug_pubnames
                0x00000cc6       0x20 ../J4_bsp/\libhal_bsp.a(alt_errno.o)
 .debug_pubnames
                0x00000ce6       0x58 ../J4_bsp/\libhal_bsp.a(alt_flash_dev.o)
 .debug_pubnames
                0x00000d3e       0x26 ../J4_bsp/\libhal_bsp.a(alt_io_redirect.o)
 .debug_pubnames
                0x00000d64       0x1b ../J4_bsp/\libhal_bsp.a(alt_open.o)
 .debug_pubnames
                0x00000d7f       0x25 ../J4_bsp/\libhal_bsp.a(alt_release_fd.o)
 .debug_pubnames
                0x00000da4       0x68 ../J4_bsp/\libhal_bsp.a(alt_tick.o)
 .debug_pubnames
                0x00000e0c       0x2d ../J4_bsp/\libhal_bsp.a(altera_avalon_spi.o)
 .debug_pubnames
                0x00000e39       0x23 ../J4_bsp/\libhal_bsp.a(alt_find_dev.o)
 .debug_pubnames
                0x00000e5c       0x24 ../J4_bsp/\libhal_bsp.a(alt_find_file.o)
 .debug_pubnames
                0x00000e80       0x21 ../J4_bsp/\libhal_bsp.a(alt_get_fd.o)
 .debug_pubnames
                0x00000ea1       0x2a c:/altera/11.0sp1/nios2eds/bin/gnu/h-i686-mingw32/bin/../lib/gcc/nios2-elf/4.1.2/../../../../nios2-elf/lib\libc.a(lib_a-atexit.o)
 .debug_pubnames
                0x00000ecb       0x1b c:/altera/11.0sp1/nios2eds/bin/gnu/h-i686-mingw32/bin/../lib/gcc/nios2-elf/4.1.2/../../../../nios2-elf/lib\libc.a(lib_a-exit.o)
 .debug_pubnames
                0x00000ee6       0x1c c:/altera/11.0sp1/nios2eds/bin/gnu/h-i686-mingw32/bin/../lib/gcc/nios2-elf/4.1.2/../../../../nios2-elf/lib\libc.a(lib_a-int_errno.o)
 .debug_pubnames
                0x00000f02       0x1d c:/altera/11.0sp1/nios2eds/bin/gnu/h-i686-mingw32/bin/../lib/gcc/nios2-elf/4.1.2/../../../../nios2-elf/lib\libc.a(lib_a-memcmp.o)
 .debug_pubnames
                0x00000f1f       0x1d c:/altera/11.0sp1/nios2eds/bin/gnu/h-i686-mingw32/bin/../lib/gcc/nios2-elf/4.1.2/../../../../nios2-elf/lib\libc.a(lib_a-memcpy.o)
 .debug_pubnames
                0x00000f3c       0x1d c:/altera/11.0sp1/nios2eds/bin/gnu/h-i686-mingw32/bin/../lib/gcc/nios2-elf/4.1.2/../../../../nios2-elf/lib\libc.a(lib_a-strlen.o)
 .debug_pubnames
                0x00000f59       0x2a c:/altera/11.0sp1/nios2eds/bin/gnu/h-i686-mingw32/bin/../lib/gcc/nios2-elf/4.1.2/../../../../nios2-elf/lib\libc.a(lib_a-__atexit.o)
 .debug_pubnames
                0x00000f83       0x27 c:/altera/11.0sp1/nios2eds/bin/gnu/h-i686-mingw32/bin/../lib/gcc/nios2-elf/4.1.2/../../../../nios2-elf/lib\libc.a(lib_a-__call_atexit.o)
 .debug_pubnames
                0x00000faa       0x1c ../J4_bsp/\libhal_bsp.a(alt_exit.o)

.debug_info     0x00000000    0x1361e
 *(.debug_info .gnu.linkonce.wi.*)
 .debug_info    0x00000000       0x7f ../J4_bsp//obj/HAL/src/crt0.o
 .debug_info    0x0000007f      0x4ff obj/data.o
 .debug_info    0x0000057e      0x590 obj/main.o
 .debug_info    0x00000b0e      0x427 obj/print_functions.o
 .debug_info    0x00000f35      0x4cc obj/print_screens.o
 .debug_info    0x00001401      0x609 obj/process_entry.o
 .debug_info    0x00001a0a      0x1cc c:/altera/11.0sp1/nios2eds/bin/gnu/h-i686-mingw32/bin/../lib/gcc/nios2-elf/4.1.2/../../../../nios2-elf/lib\libm.a(lib_a-w_pow.o)
 .debug_info    0x00001bd6      0x726 c:/altera/11.0sp1/nios2eds/bin/gnu/h-i686-mingw32/bin/../lib/gcc/nios2-elf/4.1.2/../../../../nios2-elf/lib\libm.a(lib_a-e_pow.o)
 .debug_info    0x000022fc      0x23a c:/altera/11.0sp1/nios2eds/bin/gnu/h-i686-mingw32/bin/../lib/gcc/nios2-elf/4.1.2/../../../../nios2-elf/lib\libm.a(lib_a-e_sqrt.o)
 .debug_info    0x00002536      0x13b c:/altera/11.0sp1/nios2eds/bin/gnu/h-i686-mingw32/bin/../lib/gcc/nios2-elf/4.1.2/../../../../nios2-elf/lib\libm.a(lib_a-s_fabs.o)
 .debug_info    0x00002671      0x149 c:/altera/11.0sp1/nios2eds/bin/gnu/h-i686-mingw32/bin/../lib/gcc/nios2-elf/4.1.2/../../../../nios2-elf/lib\libm.a(lib_a-s_finite.o)
 .debug_info    0x000027ba       0xd5 c:/altera/11.0sp1/nios2eds/bin/gnu/h-i686-mingw32/bin/../lib/gcc/nios2-elf/4.1.2/../../../../nios2-elf/lib\libm.a(lib_a-s_isnand.o)
 .debug_info    0x0000288f       0xc7 c:/altera/11.0sp1/nios2eds/bin/gnu/h-i686-mingw32/bin/../lib/gcc/nios2-elf/4.1.2/../../../../nios2-elf/lib\libm.a(lib_a-s_lib_ver.o)
 .debug_info    0x00002956      0x133 c:/altera/11.0sp1/nios2eds/bin/gnu/h-i686-mingw32/bin/../lib/gcc/nios2-elf/4.1.2/../../../../nios2-elf/lib\libm.a(lib_a-s_matherr.o)
 .debug_info    0x00002a89      0x145 c:/altera/11.0sp1/nios2eds/bin/gnu/h-i686-mingw32/bin/../lib/gcc/nios2-elf/4.1.2/../../../../nios2-elf/lib\libm.a(lib_a-s_nan.o)
 .debug_info    0x00002bce      0x208 c:/altera/11.0sp1/nios2eds/bin/gnu/h-i686-mingw32/bin/../lib/gcc/nios2-elf/4.1.2/../../../../nios2-elf/lib\libm.a(lib_a-s_rint.o)
 .debug_info    0x00002dd6      0x225 c:/altera/11.0sp1/nios2eds/bin/gnu/h-i686-mingw32/bin/../lib/gcc/nios2-elf/4.1.2/../../../../nios2-elf/lib\libm.a(lib_a-s_scalbn.o)
 .debug_info    0x00002ffb      0x154 c:/altera/11.0sp1/nios2eds/bin/gnu/h-i686-mingw32/bin/../lib/gcc/nios2-elf/4.1.2/../../../../nios2-elf/lib\libm.a(lib_a-s_copysign.o)
 .debug_info    0x0000314f      0x493 c:/altera/11.0sp1/nios2eds/bin/gnu/h-i686-mingw32/bin/../lib/gcc/nios2-elf/4.1.2\libgcc.a(_addsub_df.o)
 .debug_info    0x000035e2      0x488 c:/altera/11.0sp1/nios2eds/bin/gnu/h-i686-mingw32/bin/../lib/gcc/nios2-elf/4.1.2\libgcc.a(_mul_df.o)
 .debug_info    0x00003a6a      0x39b c:/altera/11.0sp1/nios2eds/bin/gnu/h-i686-mingw32/bin/../lib/gcc/nios2-elf/4.1.2\libgcc.a(_div_df.o)
 .debug_info    0x00003e05      0x29d c:/altera/11.0sp1/nios2eds/bin/gnu/h-i686-mingw32/bin/../lib/gcc/nios2-elf/4.1.2\libgcc.a(_eq_df.o)
 .debug_info    0x000040a2      0x29d c:/altera/11.0sp1/nios2eds/bin/gnu/h-i686-mingw32/bin/../lib/gcc/nios2-elf/4.1.2\libgcc.a(_ne_df.o)
 .debug_info    0x0000433f      0x29d c:/altera/11.0sp1/nios2eds/bin/gnu/h-i686-mingw32/bin/../lib/gcc/nios2-elf/4.1.2\libgcc.a(_gt_df.o)
 .debug_info    0x000045dc      0x29d c:/altera/11.0sp1/nios2eds/bin/gnu/h-i686-mingw32/bin/../lib/gcc/nios2-elf/4.1.2\libgcc.a(_lt_df.o)
 .debug_info    0x00004879      0x29d c:/altera/11.0sp1/nios2eds/bin/gnu/h-i686-mingw32/bin/../lib/gcc/nios2-elf/4.1.2\libgcc.a(_le_df.o)
 .debug_info    0x00004b16      0x218 c:/altera/11.0sp1/nios2eds/bin/gnu/h-i686-mingw32/bin/../lib/gcc/nios2-elf/4.1.2\libgcc.a(_si_to_df.o)
 .debug_info    0x00004d2e      0x2cd c:/altera/11.0sp1/nios2eds/bin/gnu/h-i686-mingw32/bin/../lib/gcc/nios2-elf/4.1.2\libgcc.a(_df_to_si.o)
 .debug_info    0x00004ffb      0x164 c:/altera/11.0sp1/nios2eds/bin/gnu/h-i686-mingw32/bin/../lib/gcc/nios2-elf/4.1.2\libgcc.a(_thenan_df.o)
 .debug_info    0x0000515f      0x213 c:/altera/11.0sp1/nios2eds/bin/gnu/h-i686-mingw32/bin/../lib/gcc/nios2-elf/4.1.2\libgcc.a(_usi_to_df.o)
 .debug_info    0x00005372      0x21c c:/altera/11.0sp1/nios2eds/bin/gnu/h-i686-mingw32/bin/../lib/gcc/nios2-elf/4.1.2\libgcc.a(lib2-divmod.o)
 .debug_info    0x0000558e      0x215 c:/altera/11.0sp1/nios2eds/bin/gnu/h-i686-mingw32/bin/../lib/gcc/nios2-elf/4.1.2\libgcc.a(_muldi3.o)
 .debug_info    0x000057a3      0x130 c:/altera/11.0sp1/nios2eds/bin/gnu/h-i686-mingw32/bin/../lib/gcc/nios2-elf/4.1.2\libgcc.a(_clzsi2.o)
 .debug_info    0x000058d3      0x2fc c:/altera/11.0sp1/nios2eds/bin/gnu/h-i686-mingw32/bin/../lib/gcc/nios2-elf/4.1.2\libgcc.a(_pack_df.o)
 .debug_info    0x00005bcf      0x268 c:/altera/11.0sp1/nios2eds/bin/gnu/h-i686-mingw32/bin/../lib/gcc/nios2-elf/4.1.2\libgcc.a(_unpack_df.o)
 .debug_info    0x00005e37      0x21b c:/altera/11.0sp1/nios2eds/bin/gnu/h-i686-mingw32/bin/../lib/gcc/nios2-elf/4.1.2\libgcc.a(_fpcmp_parts_df.o)
 .debug_info    0x00006052       0xc9 c:/altera/11.0sp1/nios2eds/bin/gnu/h-i686-mingw32/bin/../lib/gcc/nios2-elf/4.1.2\libgcc.a(_clz.o)
 .debug_info    0x0000611b      0x92e c:/altera/11.0sp1/nios2eds/bin/gnu/h-i686-mingw32/bin/../lib/gcc/nios2-elf/4.1.2/../../../../nios2-elf/lib\libc.a(lib_a-errno.o)
 .debug_info    0x00006a49      0x93d c:/altera/11.0sp1/nios2eds/bin/gnu/h-i686-mingw32/bin/../lib/gcc/nios2-elf/4.1.2/../../../../nios2-elf/lib\libc.a(lib_a-impure.o)
 .debug_info    0x00007386      0x225 ../J4_bsp/\libhal_bsp.a(alt_main.o)
 .debug_info    0x000075ab      0x168 ../J4_bsp/\libhal_bsp.a(alt_usleep.o)
 .debug_info    0x00007713      0xd68 ../J4_bsp/\libhal_bsp.a(alt_sys_init.o)
 .debug_info    0x0000847b      0xb84 ../J4_bsp/\libhal_bsp.a(altera_avalon_epcs_flash_controller.o)
 .debug_info    0x00008fff      0x7d9 ../J4_bsp/\libhal_bsp.a(altera_avalon_jtag_uart_fd.o)
 .debug_info    0x000097d8      0x601 ../J4_bsp/\libhal_bsp.a(altera_avalon_jtag_uart_init.o)
 .debug_info    0x00009dd9      0x443 ../J4_bsp/\libhal_bsp.a(altera_avalon_jtag_uart_ioctl.o)
 .debug_info    0x0000a21c      0x567 ../J4_bsp/\libhal_bsp.a(altera_avalon_jtag_uart_read.o)
 .debug_info    0x0000a783      0x55f ../J4_bsp/\libhal_bsp.a(altera_avalon_jtag_uart_write.o)
 .debug_info    0x0000ace2      0x3ac ../J4_bsp/\libhal_bsp.a(altera_avalon_timer_sc.o)
 .debug_info    0x0000b08e      0x63c ../J4_bsp/\libhal_bsp.a(altera_avalon_uart_fd.o)
 .debug_info    0x0000b6ca      0x50e ../J4_bsp/\libhal_bsp.a(altera_avalon_uart_init.o)
 .debug_info    0x0000bbd8      0x4fb ../J4_bsp/\libhal_bsp.a(altera_avalon_uart_read.o)
 .debug_info    0x0000c0d3      0x4f8 ../J4_bsp/\libhal_bsp.a(altera_avalon_uart_write.o)
 .debug_info    0x0000c5cb       0x96 ../J4_bsp/\libhal_bsp.a(altera_vic_0_vector_tbl.o)
 .debug_info    0x0000c661       0x9f ../J4_bsp/\libhal_bsp.a(altera_vic_funnel_non_preemptive.o)
 .debug_info    0x0000c700      0x2d3 ../J4_bsp/\libhal_bsp.a(altera_vic_irq_init.o)
 .debug_info    0x0000c9d3      0x406 ../J4_bsp/\libhal_bsp.a(altera_vic_isr_register.o)
 .debug_info    0x0000cdd9      0x528 ../J4_bsp/\libhal_bsp.a(epcs_commands.o)
 .debug_info    0x0000d301      0x463 ../J4_bsp/\libhal_bsp.a(alt_alarm_start.o)
 .debug_info    0x0000d764      0x1ab ../J4_bsp/\libhal_bsp.a(alt_busy_sleep.o)
 .debug_info    0x0000d90f      0x467 ../J4_bsp/\libhal_bsp.a(alt_close.o)
 .debug_info    0x0000dd76      0x67f ../J4_bsp/\libhal_bsp.a(alt_dev.o)
 .debug_info    0x0000e3f5      0x2b7 ../J4_bsp/\libhal_bsp.a(alt_dev_llist_insert.o)
 .debug_info    0x0000e6ac      0x10f ../J4_bsp/\libhal_bsp.a(alt_do_ctors.o)
 .debug_info    0x0000e7bb      0x10e ../J4_bsp/\libhal_bsp.a(alt_do_dtors.o)
 .debug_info    0x0000e8c9      0x164 ../J4_bsp/\libhal_bsp.a(alt_errno.o)
 .debug_info    0x0000ea2d      0x599 ../J4_bsp/\libhal_bsp.a(alt_flash_dev.o)
 .debug_info    0x0000efc6      0x695 ../J4_bsp/\libhal_bsp.a(alt_io_redirect.o)
 .debug_info    0x0000f65b      0x525 ../J4_bsp/\libhal_bsp.a(alt_open.o)
 .debug_info    0x0000fb80      0x3f2 ../J4_bsp/\libhal_bsp.a(alt_release_fd.o)
 .debug_info    0x0000ff72      0x41f ../J4_bsp/\libhal_bsp.a(alt_tick.o)
 .debug_info    0x00010391      0x2a9 ../J4_bsp/\libhal_bsp.a(altera_avalon_spi.o)
 .debug_info    0x0001063a      0x418 ../J4_bsp/\libhal_bsp.a(alt_find_dev.o)
 .debug_info    0x00010a52      0x41f ../J4_bsp/\libhal_bsp.a(alt_find_file.o)
 .debug_info    0x00010e71      0x460 ../J4_bsp/\libhal_bsp.a(alt_get_fd.o)
 .debug_info    0x000112d1      0x181 c:/altera/11.0sp1/nios2eds/bin/gnu/h-i686-mingw32/bin/../lib/gcc/nios2-elf/4.1.2/../../../../nios2-elf/lib\libc.a(lib_a-atexit.o)
 .debug_info    0x00011452      0x93f c:/altera/11.0sp1/nios2eds/bin/gnu/h-i686-mingw32/bin/../lib/gcc/nios2-elf/4.1.2/../../../../nios2-elf/lib\libc.a(lib_a-exit.o)
 .debug_info    0x00011d91       0x8c c:/altera/11.0sp1/nios2eds/bin/gnu/h-i686-mingw32/bin/../lib/gcc/nios2-elf/4.1.2/../../../../nios2-elf/lib\libc.a(lib_a-int_errno.o)
 .debug_info    0x00011e1d      0x115 c:/altera/11.0sp1/nios2eds/bin/gnu/h-i686-mingw32/bin/../lib/gcc/nios2-elf/4.1.2/../../../../nios2-elf/lib\libc.a(lib_a-memcmp.o)
 .debug_info    0x00011f32      0x106 c:/altera/11.0sp1/nios2eds/bin/gnu/h-i686-mingw32/bin/../lib/gcc/nios2-elf/4.1.2/../../../../nios2-elf/lib\libc.a(lib_a-memcpy.o)
 .debug_info    0x00012038       0xdb c:/altera/11.0sp1/nios2eds/bin/gnu/h-i686-mingw32/bin/../lib/gcc/nios2-elf/4.1.2/../../../../nios2-elf/lib\libc.a(lib_a-strlen.o)
 .debug_info    0x00012113      0x99c c:/altera/11.0sp1/nios2eds/bin/gnu/h-i686-mingw32/bin/../lib/gcc/nios2-elf/4.1.2/../../../../nios2-elf/lib\libc.a(lib_a-__atexit.o)
 .debug_info    0x00012aaf      0x9e2 c:/altera/11.0sp1/nios2eds/bin/gnu/h-i686-mingw32/bin/../lib/gcc/nios2-elf/4.1.2/../../../../nios2-elf/lib\libc.a(lib_a-__call_atexit.o)
 .debug_info    0x00013491      0x18d ../J4_bsp/\libhal_bsp.a(alt_exit.o)

.debug_abbrev   0x00000000     0x542b
 *(.debug_abbrev)
 .debug_abbrev  0x00000000       0x14 ../J4_bsp//obj/HAL/src/crt0.o
 .debug_abbrev  0x00000014       0xa0 obj/data.o
 .debug_abbrev  0x000000b4       0xda obj/main.o
 .debug_abbrev  0x0000018e       0xb3 obj/print_functions.o
 .debug_abbrev  0x00000241       0xc0 obj/print_screens.o
 .debug_abbrev  0x00000301      0x14d obj/process_entry.o
 .debug_abbrev  0x0000044e       0xf0 c:/altera/11.0sp1/nios2eds/bin/gnu/h-i686-mingw32/bin/../lib/gcc/nios2-elf/4.1.2/../../../../nios2-elf/lib\libm.a(lib_a-w_pow.o)
 .debug_abbrev  0x0000053e      0x14c c:/altera/11.0sp1/nios2eds/bin/gnu/h-i686-mingw32/bin/../lib/gcc/nios2-elf/4.1.2/../../../../nios2-elf/lib\libm.a(lib_a-e_pow.o)
 .debug_abbrev  0x0000068a      0x122 c:/altera/11.0sp1/nios2eds/bin/gnu/h-i686-mingw32/bin/../lib/gcc/nios2-elf/4.1.2/../../../../nios2-elf/lib\libm.a(lib_a-e_sqrt.o)
 .debug_abbrev  0x000007ac       0xc3 c:/altera/11.0sp1/nios2eds/bin/gnu/h-i686-mingw32/bin/../lib/gcc/nios2-elf/4.1.2/../../../../nios2-elf/lib\libm.a(lib_a-s_fabs.o)
 .debug_abbrev  0x0000086f       0xc5 c:/altera/11.0sp1/nios2eds/bin/gnu/h-i686-mingw32/bin/../lib/gcc/nios2-elf/4.1.2/../../../../nios2-elf/lib\libm.a(lib_a-s_finite.o)
 .debug_abbrev  0x00000934       0x79 c:/altera/11.0sp1/nios2eds/bin/gnu/h-i686-mingw32/bin/../lib/gcc/nios2-elf/4.1.2/../../../../nios2-elf/lib\libm.a(lib_a-s_isnand.o)
 .debug_abbrev  0x000009ad       0x53 c:/altera/11.0sp1/nios2eds/bin/gnu/h-i686-mingw32/bin/../lib/gcc/nios2-elf/4.1.2/../../../../nios2-elf/lib\libm.a(lib_a-s_lib_ver.o)
 .debug_abbrev  0x00000a00       0x95 c:/altera/11.0sp1/nios2eds/bin/gnu/h-i686-mingw32/bin/../lib/gcc/nios2-elf/4.1.2/../../../../nios2-elf/lib\libm.a(lib_a-s_matherr.o)
 .debug_abbrev  0x00000a95       0xd5 c:/altera/11.0sp1/nios2eds/bin/gnu/h-i686-mingw32/bin/../lib/gcc/nios2-elf/4.1.2/../../../../nios2-elf/lib\libm.a(lib_a-s_nan.o)
 .debug_abbrev  0x00000b6a      0x11b c:/altera/11.0sp1/nios2eds/bin/gnu/h-i686-mingw32/bin/../lib/gcc/nios2-elf/4.1.2/../../../../nios2-elf/lib\libm.a(lib_a-s_rint.o)
 .debug_abbrev  0x00000c85       0xf5 c:/altera/11.0sp1/nios2eds/bin/gnu/h-i686-mingw32/bin/../lib/gcc/nios2-elf/4.1.2/../../../../nios2-elf/lib\libm.a(lib_a-s_scalbn.o)
 .debug_abbrev  0x00000d7a       0xc3 c:/altera/11.0sp1/nios2eds/bin/gnu/h-i686-mingw32/bin/../lib/gcc/nios2-elf/4.1.2/../../../../nios2-elf/lib\libm.a(lib_a-s_copysign.o)
 .debug_abbrev  0x00000e3d      0x1d2 c:/altera/11.0sp1/nios2eds/bin/gnu/h-i686-mingw32/bin/../lib/gcc/nios2-elf/4.1.2\libgcc.a(_addsub_df.o)
 .debug_abbrev  0x0000100f      0x204 c:/altera/11.0sp1/nios2eds/bin/gnu/h-i686-mingw32/bin/../lib/gcc/nios2-elf/4.1.2\libgcc.a(_mul_df.o)
 .debug_abbrev  0x00001213      0x1e3 c:/altera/11.0sp1/nios2eds/bin/gnu/h-i686-mingw32/bin/../lib/gcc/nios2-elf/4.1.2\libgcc.a(_div_df.o)
 .debug_abbrev  0x000013f6      0x151 c:/altera/11.0sp1/nios2eds/bin/gnu/h-i686-mingw32/bin/../lib/gcc/nios2-elf/4.1.2\libgcc.a(_eq_df.o)