Archive member included because of file (symbol)

c:/altera/11.0sp1/nios2eds/bin/gnu/h-i686-mingw32/bin/../lib/gcc/nios2-elf/4.1.2/../../../../nios2-elf/lib\libm.a(lib_a-w_pow.o)
                              obj/print_screens.o (pow)
c:/altera/11.0sp1/nios2eds/bin/gnu/h-i686-mingw32/bin/../lib/gcc/nios2-elf/4.1.2/../../../../nios2-elf/lib\libm.a(lib_a-e_pow.o)
                              c:/altera/11.0sp1/nios2eds/bin/gnu/h-i686-mingw32/bin/../lib/gcc/nios2-elf/4.1.2/../../../../nios2-elf/lib\libm.a(lib_a-w_pow.o) (__ieee754_pow)
c:/altera/11.0sp1/nios2eds/bin/gnu/h-i686-mingw32/bin/../lib/gcc/nios2-elf/4.1.2/../../../../nios2-elf/lib\libm.a(lib_a-e_sqrt.o)
                              c:/altera/11.0sp1/nios2eds/bin/gnu/h-i686-mingw32/bin/../lib/gcc/nios2-elf/4.1.2/../../../../nios2-elf/lib\libm.a(lib_a-e_pow.o) (__ieee754_sqrt)
c:/altera/11.0sp1/nios2eds/bin/gnu/h-i686-mingw32/bin/../lib/gcc/nios2-elf/4.1.2/../../../../nios2-elf/lib\libm.a(lib_a-s_fabs.o)
                              c:/altera/11.0sp1/nios2eds/bin/gnu/h-i686-mingw32/bin/../lib/gcc/nios2-elf/4.1.2/../../../../nios2-elf/lib\libm.a(lib_a-e_pow.o) (fabs)
c:/altera/11.0sp1/nios2eds/bin/gnu/h-i686-mingw32/bin/../lib/gcc/nios2-elf/4.1.2/../../../../nios2-elf/lib\libm.a(lib_a-s_finite.o)
                              c:/altera/11.0sp1/nios2eds/bin/gnu/h-i686-mingw32/bin/../lib/gcc/nios2-elf/4.1.2/../../../../nios2-elf/lib\libm.a(lib_a-w_pow.o) (finite)
c:/altera/11.0sp1/nios2eds/bin/gnu/h-i686-mingw32/bin/../lib/gcc/nios2-elf/4.1.2/../../../../nios2-elf/lib\libm.a(lib_a-s_isnand.o)
                              c:/altera/11.0sp1/nios2eds/bin/gnu/h-i686-mingw32/bin/../lib/gcc/nios2-elf/4.1.2/../../../../nios2-elf/lib\libm.a(lib_a-w_pow.o) (__isnand)
c:/altera/11.0sp1/nios2eds/bin/gnu/h-i686-mingw32/bin/../lib/gcc/nios2-elf/4.1.2/../../../../nios2-elf/lib\libm.a(lib_a-s_lib_ver.o)
                              c:/altera/11.0sp1/nios2eds/bin/gnu/h-i686-mingw32/bin/../lib/gcc/nios2-elf/4.1.2/../../../../nios2-elf/lib\libm.a(lib_a-w_pow.o) (__fdlib_version)
c:/altera/11.0sp1/nios2eds/bin/gnu/h-i686-mingw32/bin/../lib/gcc/nios2-elf/4.1.2/../../../../nios2-elf/lib\libm.a(lib_a-s_matherr.o)
                              c:/altera/11.0sp1/nios2eds/bin/gnu/h-i686-mingw32/bin/../lib/gcc/nios2-elf/4.1.2/../../../../nios2-elf/lib\libm.a(lib_a-w_pow.o) (matherr)
c:/altera/11.0sp1/nios2eds/bin/gnu/h-i686-mingw32/bin/../lib/gcc/nios2-elf/4.1.2/../../../../nios2-elf/lib\libm.a(lib_a-s_nan.o)
                              c:/altera/11.0sp1/nios2eds/bin/gnu/h-i686-mingw32/bin/../lib/gcc/nios2-elf/4.1.2/../../../../nios2-elf/lib\libm.a(lib_a-e_pow.o) (nan)
c:/altera/11.0sp1/nios2eds/bin/gnu/h-i686-mingw32/bin/../lib/gcc/nios2-elf/4.1.2/../../../../nios2-elf/lib\libm.a(lib_a-s_rint.o)
                              c:/altera/11.0sp1/nios2eds/bin/gnu/h-i686-mingw32/bin/../lib/gcc/nios2-elf/4.1.2/../../../../nios2-elf/lib\libm.a(lib_a-w_pow.o) (rint)
c:/altera/11.0sp1/nios2eds/bin/gnu/h-i686-mingw32/bin/../lib/gcc/nios2-elf/4.1.2/../../../../nios2-elf/lib\libm.a(lib_a-s_scalbn.o)
                              c:/altera/11.0sp1/nios2eds/bin/gnu/h-i686-mingw32/bin/../lib/gcc/nios2-elf/4.1.2/../../../../nios2-elf/lib\libm.a(lib_a-e_pow.o) (scalbn)
c:/altera/11.0sp1/nios2eds/bin/gnu/h-i686-mingw32/bin/../lib/gcc/nios2-elf/4.1.2/../../../../nios2-elf/lib\libm.a(lib_a-s_copysign.o)
                              c:/altera/11.0sp1/nios2eds/bin/gnu/h-i686-mingw32/bin/../lib/gcc/nios2-elf/4.1.2/../../../../nios2-elf/lib\libm.a(lib_a-s_scalbn.o) (copysign)
c:/altera/11.0sp1/nios2eds/bin/gnu/h-i686-mingw32/bin/../lib/gcc/nios2-elf/4.1.2\libgcc.a(_addsub_df.o)
                              c:/altera/11.0sp1/nios2eds/bin/gnu/h-i686-mingw32/bin/../lib/gcc/nios2-elf/4.1.2/../../../../nios2-elf/lib\libm.a(lib_a-e_pow.o) (__subdf3)
c:/altera/11.0sp1/nios2eds/bin/gnu/h-i686-mingw32/bin/../lib/gcc/nios2-elf/4.1.2\libgcc.a(_mul_df.o)
                              obj/print_screens.o (__muldf3)
c:/altera/11.0sp1/nios2eds/bin/gnu/h-i686-mingw32/bin/../lib/gcc/nios2-elf/4.1.2\libgcc.a(_div_df.o)
                              c:/altera/11.0sp1/nios2eds/bin/gnu/h-i686-mingw32/bin/../lib/gcc/nios2-elf/4.1.2/../../../../nios2-elf/lib\libm.a(lib_a-w_pow.o) (__divdf3)
c:/altera/11.0sp1/nios2eds/bin/gnu/h-i686-mingw32/bin/../lib/gcc/nios2-elf/4.1.2\libgcc.a(_eq_df.o)
                              c:/altera/11.0sp1/nios2eds/bin/gnu/h-i686-mingw32/bin/../lib/gcc/nios2-elf/4.1.2/../../../../nios2-elf/lib\libm.a(lib_a-w_pow.o) (__eqdf2)
c:/altera/11.0sp1/nios2eds/bin/gnu/h-i686-mingw32/bin/../lib/gcc/nios2-elf/4.1.2\libgcc.a(_ne_df.o)
                              c:/altera/11.0sp1/nios2eds/bin/gnu/h-i686-mingw32/bin/../lib/gcc/nios2-elf/4.1.2/../../../../nios2-elf/lib\libm.a(lib_a-w_pow.o) (__nedf2)
c:/altera/11.0sp1/nios2eds/bin/gnu/h-i686-mingw32/bin/../lib/gcc/nios2-elf/4.1.2\libgcc.a(_gt_df.o)
[...]
Memory Configuration

Name             Origin             Length             Attributes
sdram_0          0x02000000         0x02000000
onchip_memory2_BEFORE_EXCEPTION 0x04010000         0x00000020
onchip_memory2   0x04010020         0x0000afa8
reset            0x04022800         0x00000020
epcs_flash_controller 0x04022820         0x000007e0
*default*        0x00000000         0xffffffff

Linker script and memory map

LOAD ../J1_bsp//obj/HAL/src/crt0.o
LOAD obj/data.o
LOAD obj/main.o
LOAD obj/print_functions.o
LOAD obj/print_screens.o
LOAD obj/process_entry.o
LOAD c:/altera/11.0sp1/nios2eds/bin/gnu/h-i686-mingw32/bin/../lib/gcc/nios2-elf/4.1.2/../../../../nios2-elf/lib\libstdc++.a
LOAD c:/altera/11.0sp1/nios2eds/bin/gnu/h-i686-mingw32/bin/../lib/gcc/nios2-elf/4.1.2/../../../../nios2-elf/lib\libm.a
LOAD c:/altera/11.0sp1/nios2eds/bin/gnu/h-i686-mingw32/bin/../lib/gcc/nios2-elf/4.1.2\libgcc.a
START GROUP
LOAD c:/altera/11.0sp1/nios2eds/bin/gnu/h-i686-mingw32/bin/../lib/gcc/nios2-elf/4.1.2/../../../../nios2-elf/lib\libc.a
LOAD c:/altera/11.0sp1/nios2eds/bin/gnu/h-i686-mingw32/bin/../lib/gcc/nios2-elf/4.1.2\libgcc.a
LOAD ../J1_bsp/\libhal_bsp.a
END GROUP
LOAD c:/altera/11.0sp1/nios2eds/bin/gnu/h-i686-mingw32/bin/../lib/gcc/nios2-elf/4.1.2\libgcc.a
                0x02000000                __alt_mem_sdram_0 = 0x2000000
                0x04010000                __alt_mem_onchip_memory2 = 0x4010000
                0x04022800                __alt_mem_epcs_flash_controller = 0x4022800

.entry          0x04022800        0x0
 *(.entry)
 .entry         0x04022800        0x0 ../J1_bsp//obj/HAL/src/crt0.o
                0x04022800                __reset

.exceptions     0x04010020        0x0
                0x04010020                PROVIDE (__ram_exceptions_start, ABSOLUTE (.))
                0x04010020                . = ALIGN (0x20)
 *(.irq)
 *(.exceptions.entry.label)
 *(.exceptions.entry.user)
 *(.exceptions.entry)
 *(.exceptions.irqtest.user)
 *(.exceptions.irqtest)
 *(.exceptions.irqhandler.user)
 *(.exceptions.irqhandler)
 *(.exceptions.irqreturn.user)
 *(.exceptions.irqreturn)
 *(.exceptions.notirq.label)
 *(.exceptions.notirq.user)
 *(.exceptions.notirq)
 *(.exceptions.soft.user)
 *(.exceptions.soft)
 *(.exceptions.unknown.user)
 *(.exceptions.unknown)
 *(.exceptions.exit.label)
 *(.exceptions.exit.user)
 *(.exceptions.exit)
 *(.exceptions)
                0x04010020                PROVIDE (__ram_exceptions_end, ABSOLUTE (.))
                0x04010020                PROVIDE (__flash_exceptions_start, LOADADDR (.exceptions))

.text           0x02000000     0x9670
                0x02000000                PROVIDE (stext, ABSOLUTE (.))
 *(.interp)
 *(.hash)
 *(.dynsym)
 *(.dynstr)
 *(.gnu.version)
 *(.gnu.version_d)
 *(.gnu.version_r)
 *(.rel.init)
 *(.rela.init)
 *(.rel.text .rel.text.* .rel.gnu.linkonce.t.*)
 *(.rela.text .rela.text.* .rela.gnu.linkonce.t.*)
 *(.rel.fini)
 *(.rela.fini)
 *(.rel.rodata .rel.rodata.* .rel.gnu.linkonce.r.*)
 *(.rela.rodata .rela.rodata.* .rela.gnu.linkonce.r.*)
 *(.rel.data .rel.data.* .rel.gnu.linkonce.d.*)
 *(.rela.data .rela.data.* .rela.gnu.linkonce.d.*)
 *(.rel.tdata .rel.tdata.* .rel.gnu.linkonce.td.*)
 *(.rela.tdata .rela.tdata.* .rela.gnu.linkonce.td.*)
 *(.rel.tbss .rel.tbss.* .rel.gnu.linkonce.tb.*)
 *(.rela.tbss .rela.tbss.* .rela.gnu.linkonce.tb.*)
 *(.rel.ctors)
 *(.rela.ctors)
 *(.rel.dtors)
 *(.rela.dtors)
 *(.rel.got)
 *(.rela.got)
 *(.rel.sdata .rel.sdata.* .rel.gnu.linkonce.s.*)
 *(.rela.sdata .rela.sdata.* .rela.gnu.linkonce.s.*)
 *(.rel.sbss .rel.sbss.* .rel.gnu.linkonce.sb.*)
 *(.rela.sbss .rela.sbss.* .rela.gnu.linkonce.sb.*)
 *(.rel.sdata2 .rel.sdata2.* .rel.gnu.linkonce.s2.*)
 *(.rela.sdata2 .rela.sdata2.* .rela.gnu.linkonce.s2.*)
 *(.rel.sbss2 .rel.sbss2.* .rel.gnu.linkonce.sb2.*)
 *(.rela.sbss2 .rela.sbss2.* .rela.gnu.linkonce.sb2.*)
 *(.rel.bss .rel.bss.* .rel.gnu.linkonce.b.*)
 *(.rela.bss .rela.bss.* .rela.gnu.linkonce.b.*)
 *(.rel.plt)
 *(.rela.plt)
 *(.rel.dyn)
 *(.init)
 *(.plt)
 *(.text .stub .text.* .gnu.linkonce.t.*)
 .text          0x02000000       0x90 ../J1_bsp//obj/HAL/src/crt0.o
                0x02000000                _start
 .text          0x02000090        0x0 obj/data.o
 .text          0x02000090      0x5e0 obj/main.o
                0x02000090                main
 .text          0x02000670      0x854 obj/print_functions.o
                0x02000670                vPutChar
                0x020006e0                vPrintNum
                0x02000718                vCursor
                0x0200081c                vPrintTxt
                0x02000898                vPrintNlz
                0x02000a3c                vPrintFix
 .text          0x02000ec4      0x7e0 obj/print_screens.o
                0x02000ec4                vPrintStaticScreen1
                0x02001180                vPrintDynamicScreen1
 .text          0x020016a4      0x998 obj/process_entry.o
                0x020016a4                vProcessNewKey
                0x0200177c                vMonitorDiagnostic
                0x02001890                vProcessInputValue
                0x02001a0c                vInitializePWMs
                0x02001b18                processing
                0x02001e34                filter
                0x02001e8c                vSetServoPWM
                0x02001f60                vSetThrottle
                0x02001fac                vEchoChar
                0x02002000                vEraseCommand
 .text          0x0200203c      0x488 c:/altera/11.0sp1/nios2eds/bin/gnu/h-i686-mingw32/bin/../lib/gcc/nios2-elf/4.1.2/../../../../nios2-elf/lib\libm.a(lib_a-w_pow.o)
                0x0200203c                pow
 .text          0x020024c4     0x1300 c:/altera/11.0sp1/nios2eds/bin/gnu/h-i686-mingw32/bin/../lib/gcc/nios2-elf/4.1.2/../../../../nios2-elf/lib\libm.a(lib_a-e_pow.o)
                0x020024c4                __ieee754_pow
 .text          0x020037c4      0x2c8 c:/altera/11.0sp1/nios2eds/bin/gnu/h-i686-mingw32/bin/../lib/gcc/nios2-elf/4.1.2/../../../../nios2-elf/lib\libm.a(lib_a-e_sqrt.o)
                0x020037c4                __ieee754_sqrt
 .text          0x02003a8c       0x18 c:/altera/11.0sp1/nios2eds/bin/gnu/h-i686-mingw32/bin/../lib/gcc/nios2-elf/4.1.2/../../../../nios2-elf/lib\libm.a(lib_a-s_fabs.o)
                0x02003a8c                fabs
 .text          0x02003aa4       0x1c c:/altera/11.0sp1/nios2eds/bin/gnu/h-i686-mingw32/bin/../lib/gcc/nios2-elf/4.1.2/../../../../nios2-elf/lib\libm.a(lib_a-s_finite.o)
                0x02003aa4                finite
 .text          0x02003ac0       0x30 c:/altera/11.0sp1/nios2eds/bin/gnu/h-i686-mingw32/bin/../lib/gcc/nios2-elf/4.1.2/../../../../nios2-elf/lib\libm.a(lib_a-s_isnand.o)
                0x02003ac0                __isnand
 .text          0x02003af0        0x0 c:/altera/11.0sp1/nios2eds/bin/gnu/h-i686-mingw32/bin/../lib/gcc/nios2-elf/4.1.2/../../../../nios2-elf/lib\libm.a(lib_a-s_lib_ver.o)
 .text          0x02003af0        0x8 c:/altera/11.0sp1/nios2eds/bin/gnu/h-i686-mingw32/bin/../lib/gcc/nios2-elf/4.1.2/../../../../nios2-elf/lib\libm.a(lib_a-s_matherr.o)
                0x02003af0                matherr
 .text          0x02003af8       0x10 c:/altera/11.0sp1/nios2eds/bin/gnu/h-i686-mingw32/bin/../lib/gcc/nios2-elf/4.1.2/../../../../nios2-elf/lib\libm.a(lib_a-s_nan.o)
                0x02003af8                nan
 .text          0x02003b08      0x210 c:/altera/11.0sp1/nios2eds/bin/gnu/h-i686-mingw32/bin/../lib/gcc/nios2-elf/4.1.2/../../../../nios2-elf/lib\libm.a(lib_a-s_rint.o)
                0x02003b08                rint
 .text          0x02003d18      0x1e0 c:/altera/11.0sp1/nios2eds/bin/gnu/h-i686-mingw32/bin/../lib/gcc/nios2-elf/4.1.2/../../../../nios2-elf/lib\libm.a(lib_a-s_scalbn.o)
                0x02003d18                scalbn
 .text          0x02003ef8       0x24 c:/altera/11.0sp1/nios2eds/bin/gnu/h-i686-mingw32/bin/../lib/gcc/nios2-elf/4.1.2/../../../../nios2-elf/lib\libm.a(lib_a-s_copysign.o)
                0x02003ef8                copysign
 .text          0x02003f1c      0x504 c:/altera/11.0sp1/nios2eds/bin/gnu/h-i686-mingw32/bin/../lib/gcc/nios2-elf/4.1.2\libgcc.a(_addsub_df.o)
                0x0200432c                __subdf3
                0x020043ac                __adddf3
 .text          0x02004420      0x3c4 c:/altera/11.0sp1/nios2eds/bin/gnu/h-i686-mingw32/bin/../lib/gcc/nios2-elf/4.1.2\libgcc.a(_mul_df.o)
                0x02004420                __muldf3
 .text          0x020047e4      0x258 c:/altera/11.0sp1/nios2eds/bin/gnu/h-i686-mingw32/bin/../lib/gcc/nios2-elf/4.1.2\libgcc.a(_div_df.o)
                0x020047e4                __divdf3
 .text          0x02004a3c       0x88 c:/altera/11.0sp1/nios2eds/bin/gnu/h-i686-mingw32/bin/../lib/gcc/nios2-elf/4.1.2\libgcc.a(_eq_df.o)
                0x02004a3c                __eqdf2
 .text          0x02004ac4       0x88 c:/altera/11.0sp1/nios2eds/bin/gnu/h-i686-mingw32/bin/../lib/gcc/nios2-elf/4.1.2\libgcc.a(_ne_df.o)
                0x02004ac4                __nedf2
 .text          0x02004b4c       0x88 c:/altera/11.0sp1/nios2eds/bin/gnu/h-i686-mingw32/bin/../lib/gcc/nios2-elf/4.1.2\libgcc.a(_gt_df.o)
                0x02004b4c                __gtdf2
 .text          0x02004bd4       0x88 c:/altera/11.0sp1/nios2eds/bin/gnu/h-i686-mingw32/bin/../lib/gcc/nios2-elf/4.1.2\libgcc.a(_lt_df.o)
                0x02004bd4                __ltdf2
 .text          0x02004c5c       0x88 c:/altera/11.0sp1/nios2eds/bin/gnu/h-i686-mingw32/bin/../lib/gcc/nios2-elf/4.1.2\libgcc.a(_le_df.o)
                0x02004c5c                __ledf2
 .text          0x02004ce4       0xf8 c:/altera/11.0sp1/nios2eds/bin/gnu/h-i686-mingw32/bin/../lib/gcc/nios2-elf/4.1.2\libgcc.a(_si_to_df.o)
                0x02004ce4                __floatsidf
 .text          0x02004ddc       0xd8 c:/altera/11.0sp1/nios2eds/bin/gnu/h-i686-mingw32/bin/../lib/gcc/nios2-elf/4.1.2\libgcc.a(_df_to_si.o)
                0x02004ddc                __fixdfsi
 .text          0x02004eb4        0x0 c:/altera/11.0sp1/nios2eds/bin/gnu/h-i686-mingw32/bin/../lib/gcc/nios2-elf/4.1.2\libgcc.a(_thenan_df.o)
 .text          0x02004eb4      0x194 c:/altera/11.0sp1/nios2eds/bin/gnu/h-i686-mingw32/bin/../lib/gcc/nios2-elf/4.1.2\libgcc.a(_usi_to_df.o)
                0x02004eb4                __floatunsidf
 .text          0x02005048      0x14c c:/altera/11.0sp1/nios2eds/bin/gnu/h-i686-mingw32/bin/../lib/gcc/nios2-elf/4.1.2\libgcc.a(lib2-divmod.o)
                0x020050c4                __divsi3
                0x02005124                __modsi3
                0x02005184                __udivsi3
                0x0200518c                __umodsi3
 .text          0x02005194       0x98 c:/altera/11.0sp1/nios2eds/bin/gnu/h-i686-mingw32/bin/../lib/gcc/nios2-elf/4.1.2\libgcc.a(_muldi3.o)
                0x02005194                __muldi3
 .text          0x0200522c       0x80 c:/altera/11.0sp1/nios2eds/bin/gnu/h-i686-mingw32/bin/../lib/gcc/nios2-elf/4.1.2\libgcc.a(_clzsi2.o)
                0x0200522c                __clzsi2
 .text          0x020052ac      0x314 c:/altera/11.0sp1/nios2eds/bin/gnu/h-i686-mingw32/bin/../lib/gcc/nios2-elf/4.1.2\libgcc.a(_pack_df.o)
                0x020052ac                __pack_d
 .text          0x020055c0      0x138 c:/altera/11.0sp1/nios2eds/bin/gnu/h-i686-mingw32/bin/../lib/gcc/nios2-elf/4.1.2\libgcc.a(_unpack_df.o)
                0x020055c0                __unpack_d
 .text          0x020056f8       0xc8 c:/altera/11.0sp1/nios2eds/bin/gnu/h-i686-mingw32/bin/../lib/gcc/nios2-elf/4.1.2\libgcc.a(_fpcmp_parts_df.o)
                0x020056f8                __fpcmp_parts_d
 .text          0x020057c0        0x0 c:/altera/11.0sp1/nios2eds/bin/gnu/h-i686-mingw32/bin/../lib/gcc/nios2-elf/4.1.2\libgcc.a(_clz.o)
 .text          0x020057c0       0x10 c:/altera/11.0sp1/nios2eds/bin/gnu/h-i686-mingw32/bin/../lib/gcc/nios2-elf/4.1.2/../../../../nios2-elf/lib\libc.a(lib_a-errno.o)
                0x020057c0                __errno
 .text          0x020057d0        0x0 c:/altera/11.0sp1/nios2eds/bin/gnu/h-i686-mingw32/bin/../lib/gcc/nios2-elf/4.1.2/../../../../nios2-elf/lib\libc.a(lib_a-impure.o)
 .text          0x020057d0       0x6c ../J1_bsp/\libhal_bsp.a(alt_main.o)
                0x020057d0                alt_main
 .text          0x0200583c      0x100 ../J1_bsp/\libhal_bsp.a(alt_sys_init.o)
                0x0200583c                alt_irq_init
                0x0200587c                alt_sys_init
 .text          0x0200593c      0x934 ../J1_bsp/\libhal_bsp.a(altera_avalon_epcs_flash_controller.o)
                0x0200593c                alt_epcs_flash_init
                0x02005cbc                alt_epcs_flash_write
                0x02005f3c                alt_epcs_flash_get_info
                0x02005fcc                alt_epcs_flash_erase_block
                0x020060d4                alt_epcs_flash_write_block
                0x020061e4                alt_epcs_flash_read
 .text          0x02006270      0x148 ../J1_bsp/\libhal_bsp.a(altera_avalon_jtag_uart_fd.o)
                0x02006270                altera_avalon_jtag_uart_read_fd
                0x020062c8                altera_avalon_jtag_uart_write_fd
                0x02006320                altera_avalon_jtag_uart_close_fd
                0x02006368                altera_avalon_jtag_uart_ioctl_fd
 .text          0x020063b8      0x40c ../J1_bsp/\libhal_bsp.a(altera_avalon_jtag_uart_init.o)
                0x020063b8                altera_avalon_jtag_uart_init
                0x02006750                altera_avalon_jtag_uart_close
 .text          0x020067c4       0xf4 ../J1_bsp/\libhal_bsp.a(altera_avalon_jtag_uart_ioctl.o)
                0x020067c4                altera_avalon_jtag_uart_ioctl
 .text          0x020068b8      0x250 ../J1_bsp/\libhal_bsp.a(altera_avalon_jtag_uart_read.o)
                0x020068b8                altera_avalon_jtag_uart_read
 .text          0x02006b08      0x26c ../J1_bsp/\libhal_bsp.a(altera_avalon_jtag_uart_write.o)
                0x02006b08                altera_avalon_jtag_uart_write
 .text          0x02006d74      0x12c ../J1_bsp/\libhal_bsp.a(altera_avalon_timer_sc.o)
                0x02006e10                alt_avalon_timer_sc_init
 .text          0x02006ea0       0xf8 ../J1_bsp/\libhal_bsp.a(altera_avalon_uart_fd.o)
                0x02006ea0                altera_avalon_uart_read_fd
                0x02006ef8                altera_avalon_uart_write_fd
                0x02006f50                altera_avalon_uart_close_fd
 .text          0x02006f98      0x400 ../J1_bsp/\libhal_bsp.a(altera_avalon_uart_init.o)
                0x02006f98                altera_avalon_uart_init
                0x02007338                altera_avalon_uart_close
 .text          0x02007398      0x2e8 ../J1_bsp/\libhal_bsp.a(altera_avalon_uart_read.o)
                0x02007398                altera_avalon_uart_read
 .text          0x02007680      0x280 ../J1_bsp/\libhal_bsp.a(altera_avalon_uart_write.o)
                0x02007680                altera_avalon_uart_write
 .text          0x02007900       0x80 ../J1_bsp/\libhal_bsp.a(altera_vic_0_vector_tbl.o)
                0x02007900                VIC_0_VECTOR_TABLE
 .text          0x02007980       0x18 ../J1_bsp/\libhal_bsp.a(altera_vic_funnel_non_preemptive.o)
                0x02007980                alt_shadow_non_preemptive_interrupt
 .text          0x02007998      0x15c ../J1_bsp/\libhal_bsp.a(altera_vic_irq_init.o)
                0x02007998                alt_vic_irq_init
 .text          0x02007af4      0x174 ../J1_bsp/\libhal_bsp.a(altera_vic_isr_register.o)
                0x02007af4                alt_ic_isr_register
 .text          0x02007c68      0x460 ../J1_bsp/\libhal_bsp.a(epcs_commands.o)
                0x02007c68                epcs_read_status_register
                0x02007cc8                epcs_sector_erase
                0x02007db4                epcs_read_buffer
                0x02007e68                epcs_write_enable
                0x02007eb8                epcs_write_status_register
                0x02007f1c                epcs_write_buffer
                0x02007ff4                epcs_read_electronic_signature
                0x02008060                epcs_read_device_id
 .text          0x020080c8      0x180 ../J1_bsp/\libhal_bsp.a(alt_alarm_start.o)
                0x020080c8                alt_alarm_start
 .text          0x02008248      0x15c ../J1_bsp/\libhal_bsp.a(alt_close.o)
                0x02008248                close
 .text          0x020083a4       0x2c ../J1_bsp/\libhal_bsp.a(alt_dev.o)
 .text          0x020083d0      0x114 ../J1_bsp/\libhal_bsp.a(alt_dev_llist_insert.o)
                0x020083d0                alt_dev_llist_insert
 .text          0x020084e4       0x64 ../J1_bsp/\libhal_bsp.a(alt_do_ctors.o)
                0x020084e4                _do_ctors
 .text          0x02008548       0x64 ../J1_bsp/\libhal_bsp.a(alt_do_dtors.o)
                0x02008548                _do_dtors
 .text          0x020085ac        0x0 ../J1_bsp/\libhal_bsp.a(alt_errno.o)
 .text          0x020085ac       0xd0 ../J1_bsp/\libhal_bsp.a(alt_flash_dev.o)
                0x020085ac                alt_flash_open_dev
                0x02008628                alt_flash_close_dev
 .text          0x0200867c      0x13c ../J1_bsp/\libhal_bsp.a(alt_io_redirect.o)
                0x02008740                alt_io_redirect
 .text          0x020087b8      0x2c4 ../J1_bsp/\libhal_bsp.a(alt_open.o)
                0x02008894                open
 .text          0x02008a7c       0x60 ../J1_bsp/\libhal_bsp.a(alt_release_fd.o)
                0x02008a7c                alt_release_fd
 .text          0x02008adc      0x1d0 ../J1_bsp/\libhal_bsp.a(alt_tick.o)
                0x02008adc                alt_alarm_stop
                0x02008ba0                alt_tick
 .text          0x02008cac      0x238 ../J1_bsp/\libhal_bsp.a(altera_avalon_spi.o)
                0x02008cac                alt_avalon_spi_command
 .text          0x02008ee4       0x94 ../J1_bsp/\libhal_bsp.a(alt_find_dev.o)
                0x02008ee4                alt_find_dev
 .text          0x02008f78      0x120 ../J1_bsp/\libhal_bsp.a(alt_find_file.o)
                0x02008f78                alt_find_file
 .text          0x02009098       0xb8 ../J1_bsp/\libhal_bsp.a(alt_get_fd.o)
                0x02009098                alt_get_fd
 .text          0x02009150       0x14 c:/altera/11.0sp1/nios2eds/bin/gnu/h-i686-mingw32/bin/../lib/gcc/nios2-elf/4.1.2/../../../../nios2-elf/lib\libc.a(lib_a-atexit.o)
                0x02009150                atexit
 .text          0x02009164       0x38 c:/altera/11.0sp1/nios2eds/bin/gnu/h-i686-mingw32/bin/../lib/gcc/nios2-elf/4.1.2/../../../../nios2-elf/lib\libc.a(lib_a-exit.o)
                0x02009164                exit
 .text          0x0200919c        0x0 c:/altera/11.0sp1/nios2eds/bin/gnu/h-i686-mingw32/bin/../lib/gcc/nios2-elf/4.1.2/../../../../nios2-elf/lib\libc.a(lib_a-int_errno.o)
 .text          0x0200919c       0x74 c:/altera/11.0sp1/nios2eds/bin/gnu/h-i686-mingw32/bin/../lib/gcc/nios2-elf/4.1.2/../../../../nios2-elf/lib\libc.a(lib_a-memcmp.o)
                0x0200919c                memcmp
 .text          0x02009210       0xa0 c:/altera/11.0sp1/nios2eds/bin/gnu/h-i686-mingw32/bin/../lib/gcc/nios2-elf/4.1.2/../../../../nios2-elf/lib\libc.a(lib_a-memcpy.o)
                0x02009210                memcpy
 .text          0x020092b0       0x74 c:/altera/11.0sp1/nios2eds/bin/gnu/h-i686-mingw32/bin/../lib/gcc/nios2-elf/4.1.2/../../../../nios2-elf/lib\libc.a(lib_a-strlen.o)
                0x020092b0                strlen
 .text          0x02009324      0x134 c:/altera/11.0sp1/nios2eds/bin/gnu/h-i686-mingw32/bin/../lib/gcc/nios2-elf/4.1.2/../../../../nios2-elf/lib\libc.a(lib_a-__atexit.o)
                0x02009324                __register_exitproc
 .text          0x02009458      0x1b4 c:/altera/11.0sp1/nios2eds/bin/gnu/h-i686-mingw32/bin/../lib/gcc/nios2-elf/4.1.2/../../../../nios2-elf/lib\libc.a(lib_a-__call_atexit.o)
                0x0200945c                __call_exitprocs
 .text          0x0200960c       0x60 ../J1_bsp/\libhal_bsp.a(alt_exit.o)
                0x0200964c                _exit
 *(.gnu.warning.*)
 *(.fini)
                0x0200966c                PROVIDE (__etext, ABSOLUTE (.))
                0x0200966c                PROVIDE (_etext, ABSOLUTE (.))
                0x0200966c                PROVIDE (etext, ABSOLUTE (.))
 *(.eh_frame_hdr)
                0x0200966c                . = ALIGN (0x4)
                0x0200966c                PROVIDE (__preinit_array_start, ABSOLUTE (.))
 *(.preinit_array)
                0x0200966c                PROVIDE (__preinit_array_end, ABSOLUTE (.))
                0x0200966c                PROVIDE (__init_array_start, ABSOLUTE (.))
 *(.init_array)
                0x0200966c                PROVIDE (__init_array_end, ABSOLUTE (.))
                0x0200966c                PROVIDE (__fini_array_start, ABSOLUTE (.))
 *(.fini_array)
                0x0200966c                PROVIDE (__fini_array_end, ABSOLUTE (.))
 *(.eh_frame)
 *(.gcc_except_table)
 *(.dynamic)
                0x0200966c                PROVIDE (__CTOR_LIST__, ABSOLUTE (.))
 *(.ctors)
 *(SORT(.ctors.*))
 .ctors.65535   0x0200966c        0x4 c:/altera/11.0sp1/nios2eds/bin/gnu/h-i686-mingw32/bin/../lib/gcc/nios2-elf/4.1.2/../../../../nios2-elf/lib\libc.a(lib_a-__call_atexit.o)
                0x02009670                PROVIDE (__CTOR_END__, ABSOLUTE (.))
                0x02009670                PROVIDE (__DTOR_LIST__, ABSOLUTE (.))
 *(.dtors)
 *(SORT(.dtors.*))
                0x02009670                PROVIDE (__DTOR_END__, ABSOLUTE (.))
 *(.jcr)
                0x02009670                . = ALIGN (0x4)

.rodata         0x02009670      0x72c
                0x02009670                PROVIDE (__ram_rodata_start, ABSOLUTE (.))
                0x02009670                . = ALIGN (0x4)
 *(.rodata .rodata.* .gnu.linkonce.r.*)
 .rodata        0x02009670       0x50 obj/print_functions.o
 .rodata        0x020096c0      0x474 obj/print_screens.o
 .rodata        0x02009b34       0x94 obj/process_entry.o
 .rodata.str1.4
                0x02009bc8        0x4 c:/altera/11.0sp1/nios2eds/bin/gnu/h-i686-mingw32/bin/../lib/gcc/nios2-elf/4.1.2/../../../../nios2-elf/lib\libm.a(lib_a-w_pow.o)
 .rodata.str1.4
                0x02009bcc        0x1 c:/altera/11.0sp1/nios2eds/bin/gnu/h-i686-mingw32/bin/../lib/gcc/nios2-elf/4.1.2/../../../../nios2-elf/lib\libm.a(lib_a-e_pow.o)
                                  0x4 (size before relaxing)
 *fill*         0x02009bcd        0x3 00
 .rodata        0x02009bd0       0x30 c:/altera/11.0sp1/nios2eds/bin/gnu/h-i686-mingw32/bin/../lib/gcc/nios2-elf/4.1.2/../../../../nios2-elf/lib\libm.a(lib_a-e_pow.o)
 .rodata        0x02009c00       0x10 c:/altera/11.0sp1/nios2eds/bin/gnu/h-i686-mingw32/bin/../lib/gcc/nios2-elf/4.1.2/../../../../nios2-elf/lib\libm.a(lib_a-s_rint.o)
 .rodata        0x02009c10       0x14 c:/altera/11.0sp1/nios2eds/bin/gnu/h-i686-mingw32/bin/../lib/gcc/nios2-elf/4.1.2\libgcc.a(_thenan_df.o)
                0x02009c10                __thenan_df
 .rodata        0x02009c24      0x100 c:/altera/11.0sp1/nios2eds/bin/gnu/h-i686-mingw32/bin/../lib/gcc/nios2-elf/4.1.2\libgcc.a(_clz.o)
                0x02009c24                __clz_tab
 .rodata.str1.4
                0x02009d24        0x4 c:/altera/11.0sp1/nios2eds/bin/gnu/h-i686-mingw32/bin/../lib/gcc/nios2-elf/4.1.2/../../../../nios2-elf/lib\libc.a(lib_a-impure.o)
 .rodata        0x02009d28       0x10 ../J1_bsp/\libhal_bsp.a(alt_main.o)
 .rodata        0x02009d38       0x38 ../J1_bsp/\libhal_bsp.a(alt_sys_init.o)
 .rodata        0x02009d70       0x20 ../J1_bsp/\libhal_bsp.a(altera_vic_irq_init.o)
 .rodata        0x02009d90        0xc ../J1_bsp/\libhal_bsp.a(alt_dev.o)
 *(.rodata1)
                0x02009d9c                . = ALIGN (0x4)
                0x02009d9c                PROVIDE (__ram_rodata_end, ABSOLUTE (.))
                0x02009670                PROVIDE (__flash_rodata_start, LOADADDR (.rodata))

.rwdata         0x02009d9c     0x1860
                0x02009d9c                PROVIDE (__ram_rwdata_start, ABSOLUTE (.))
                0x02009d9c                . = ALIGN (0x4)
 *(.got.plt)
 *(.got)
 *(.data1)
 *(.data .data.* .gnu.linkonce.d.*)
 .data          0x02009d9c        0x0 ../J1_bsp//obj/HAL/src/crt0.o
 .data          0x02009d9c        0x0 obj/data.o
 .data          0x02009d9c        0x0 obj/main.o
 .data          0x02009d9c        0x0 obj/print_functions.o
 .data          0x02009d9c        0x0 obj/print_screens.o
 .data          0x02009d9c        0x0 obj/process_entry.o
 .data          0x02009d9c        0x0 c:/altera/11.0sp1/nios2eds/bin/gnu/h-i686-mingw32/bin/../lib/gcc/nios2-elf/4.1.2/../../../../nios2-elf/lib\libm.a(lib_a-w_pow.o)
 .data          0x02009d9c        0x0 c:/altera/11.0sp1/nios2eds/bin/gnu/h-i686-mingw32/bin/../lib/gcc/nios2-elf/4.1.2/../../../../nios2-elf/lib\libm.a(lib_a-e_pow.o)
 .data          0x02009d9c        0x0 c:/altera/11.0sp1/nios2eds/bin/gnu/h-i686-mingw32/bin/../lib/gcc/nios2-elf/4.1.2/../../../../nios2-elf/lib\libm.a(lib_a-e_sqrt.o)
 .data          0x02009d9c        0x0 c:/altera/11.0sp1/nios2eds/bin/gnu/h-i686-mingw32/bin/../lib/gcc/nios2-elf/4.1.2/../../../../nios2-elf/lib\libm.a(lib_a-s_fabs.o)
 .data          0x02009d9c        0x0 c:/altera/11.0sp1/nios2eds/bin/gnu/h-i686-mingw32/bin/../lib/gcc/nios2-elf/4.1.2/../../../../nios2-elf/lib\libm.a(lib_a-s_finite.o)
 .data          0x02009d9c        0x0 c:/altera/11.0sp1/nios2eds/bin/gnu/h-i686-mingw32/bin/../lib/gcc/nios2-elf/4.1.2/../../../../nios2-elf/lib\libm.a(lib_a-s_isnand.o)
 .data          0x02009d9c        0x0 c:/altera/11.0sp1/nios2eds/bin/gnu/h-i686-mingw32/bin/../lib/gcc/nios2-elf/4.1.2/../../../../nios2-elf/lib\libm.a(lib_a-s_lib_ver.o)
 .data          0x02009d9c        0x0 c:/altera/11.0sp1/nios2eds/bin/gnu/h-i686-mingw32/bin/../lib/gcc/nios2-elf/4.1.2/../../../../nios2-elf/lib\libm.a(lib_a-s_matherr.o)
 .data          0x02009d9c        0x0 c:/altera/11.0sp1/nios2eds/bin/gnu/h-i686-mingw32/bin/../lib/gcc/nios2-elf/4.1.2/../../../../nios2-elf/lib\libm.a(lib_a-s_nan.o)
 .data          0x02009d9c        0x0 c:/altera/11.0sp1/nios2eds/bin/gnu/h-i686-mingw32/bin/../lib/gcc/nios2-elf/4.1.2/../../../../nios2-elf/lib\libm.a(lib_a-s_rint.o)
 .data          0x02009d9c        0x0 c:/altera/11.0sp1/nios2eds/bin/gnu/h-i686-mingw32/bin/../lib/gcc/nios2-elf/4.1.2/../../../../nios2-elf/lib\libm.a(lib_a-s_scalbn.o)
 .data          0x02009d9c        0x0 c:/altera/11.0sp1/nios2eds/bin/gnu/h-i686-mingw32/bin/../lib/gcc/nios2-elf/4.1.2/../../../../nios2-elf/lib\libm.a(lib_a-s_copysign.o)
 .data          0x02009d9c        0x0 c:/altera/11.0sp1/nios2eds/bin/gnu/h-i686-mingw32/bin/../lib/gcc/nios2-elf/4.1.2\libgcc.a(_addsub_df.o)
 .data          0x02009d9c        0x0 c:/altera/11.0sp1/nios2eds/bin/gnu/h-i686-mingw32/bin/../lib/gcc/nios2-elf/4.1.2\libgcc.a(_mul_df.o)
 .data          0x02009d9c        0x0 c:/altera/11.0sp1/nios2eds/bin/gnu/h-i686-mingw32/bin/../lib/gcc/nios2-elf/4.1.2\libgcc.a(_div_df.o)
 .data          0x02009d9c        0x0 c:/altera/11.0sp1/nios2eds/bin/gnu/h-i686-mingw32/bin/../lib/gcc/nios2-elf/4.1.2\libgcc.a(_eq_df.o)
 .data          0x02009d9c        0x0 c:/altera/11.0sp1/nios2eds/bin/gnu/h-i686-mingw32/bin/../lib/gcc/nios2-elf/4.1.2\libgcc.a(_ne_df.o)
 .data          0x02009d9c        0x0 c:/altera/11.0sp1/nios2eds/bin/gnu/h-i686-mingw32/bin/../lib/gcc/nios2-elf/4.1.2\libgcc.a(_gt_df.o)
 .data          0x02009d9c        0x0 c:/altera/11.0sp1/nios2eds/bin/gnu/h-i686-mingw32/bin/../lib/gcc/nios2-elf/4.1.2\libgcc.a(_lt_df.o)
 .data          0x02009d9c        0x0 c:/altera/11.0sp1/nios2eds/bin/gnu/h-i686-mingw32/bin/../lib/gcc/nios2-elf/4.1.2\libgcc.a(_le_df.o)
 .data          0x02009d9c        0x0 c:/altera/11.0sp1/nios2eds/bin/gnu/h-i686-mingw32/bin/../lib/gcc/nios2-elf/4.1.2\libgcc.a(_si_to_df.o)
 .data          0x02009d9c        0x0 c:/altera/11.0sp1/nios2eds/bin/gnu/h-i686-mingw32/bin/../lib/gcc/nios2-elf/4.1.2\libgcc.a(_df_to_si.o)
 .data          0x02009d9c        0x0 c:/altera/11.0sp1/nios2eds/bin/gnu/h-i686-mingw32/bin/../lib/gcc/nios2-elf/4.1.2\libgcc.a(_thenan_df.o)
 .data          0x02009d9c        0x0 c:/altera/11.0sp1/nios2eds/bin/gnu/h-i686-mingw32/bin/../lib/gcc/nios2-elf/4.1.2\libgcc.a(_usi_to_df.o)
 .data          0x02009d9c        0x0 c:/altera/11.0sp1/nios2eds/bin/gnu/h-i686-mingw32/bin/../lib/gcc/nios2-elf/4.1.2\libgcc.a(lib2-divmod.o)
 .data          0x02009d9c        0x0 c:/altera/11.0sp1/nios2eds/bin/gnu/h-i686-mingw32/bin/../lib/gcc/nios2-elf/4.1.2\libgcc.a(_muldi3.o)
 .data          0x02009d9c        0x0 c:/altera/11.0sp1/nios2eds/bin/gnu/h-i686-mingw32/bin/../lib/gcc/nios2-elf/4.1.2\libgcc.a(_clzsi2.o)
 .data          0x02009d9c        0x0 c:/altera/11.0sp1/nios2eds/bin/gnu/h-i686-mingw32/bin/../lib/gcc/nios2-elf/4.1.2\libgcc.a(_pack_df.o)
 .data          0x02009d9c        0x0 c:/altera/11.0sp1/nios2eds/bin/gnu/h-i686-mingw32/bin/../lib/gcc/nios2-elf/4.1.2\libgcc.a(_unpack_df.o)
 .data          0x02009d9c        0x0 c:/altera/11.0sp1/nios2eds/bin/gnu/h-i686-mingw32/bin/../lib/gcc/nios2-elf/4.1.2\libgcc.a(_fpcmp_parts_df.o)
 .data          0x02009d9c        0x0 c:/altera/11.0sp1/nios2eds/bin/gnu/h-i686-mingw32/bin/../lib/gcc/nios2-elf/4.1.2\libgcc.a(_clz.o)
 .data          0x02009d9c        0x0 c:/altera/11.0sp1/nios2eds/bin/gnu/h-i686-mingw32/bin/../lib/gcc/nios2-elf/4.1.2/../../../../nios2-elf/lib\libc.a(lib_a-errno.o)
 .data          0x02009d9c      0x400 c:/altera/11.0sp1/nios2eds/bin/gnu/h-i686-mingw32/bin/../lib/gcc/nios2-elf/4.1.2/../../../../nios2-elf/lib\libc.a(lib_a-impure.o)
 .data          0x0200a19c        0x0 ../J1_bsp/\libhal_bsp.a(alt_main.o)
 .data          0x0200a19c     0x1284 ../J1_bsp/\libhal_bsp.a(alt_sys_init.o)
 .data          0x0200b420        0x0 ../J1_bsp/\libhal_bsp.a(altera_avalon_epcs_flash_controller.o)
 .data          0x0200b420        0x0 ../J1_bsp/\libhal_bsp.a(altera_avalon_jtag_uart_fd.o)
 .data          0x0200b420        0x0 ../J1_bsp/\libhal_bsp.a(altera_avalon_jtag_uart_init.o)
 .data          0x0200b420        0x0 ../J1_bsp/\libhal_bsp.a(altera_avalon_jtag_uart_ioctl.o)
 .data          0x0200b420        0x0 ../J1_bsp/\libhal_bsp.a(altera_avalon_jtag_uart_read.o)
 .data          0x0200b420        0x0 ../J1_bsp/\libhal_bsp.a(altera_avalon_jtag_uart_write.o)
 .data          0x0200b420        0x0 ../J1_bsp/\libhal_bsp.a(altera_avalon_timer_sc.o)
 .data          0x0200b420        0x0 ../J1_bsp/\libhal_bsp.a(altera_avalon_uart_fd.o)
 .data          0x0200b420        0x0 ../J1_bsp/\libhal_bsp.a(altera_avalon_uart_init.o)
 .data          0x0200b420        0x0 ../J1_bsp/\libhal_bsp.a(altera_avalon_uart_read.o)
 .data          0x0200b420        0x0 ../J1_bsp/\libhal_bsp.a(altera_avalon_uart_write.o)
 .data          0x0200b420        0x0 ../J1_bsp/\libhal_bsp.a(altera_vic_0_vector_tbl.o)
 .data          0x0200b420        0x0 ../J1_bsp/\libhal_bsp.a(altera_vic_funnel_non_preemptive.o)
 .data          0x0200b420        0x0 ../J1_bsp/\libhal_bsp.a(altera_vic_irq_init.o)
 .data          0x0200b420        0x0 ../J1_bsp/\libhal_bsp.a(altera_vic_isr_register.o)
 .data          0x0200b420        0x0 ../J1_bsp/\libhal_bsp.a(epcs_commands.o)
 .data          0x0200b420        0x0 ../J1_bsp/\libhal_bsp.a(alt_alarm_start.o)
 .data          0x0200b420        0x0 ../J1_bsp/\libhal_bsp.a(alt_close.o)
 .data          0x0200b420      0x1a8 ../J1_bsp/\libhal_bsp.a(alt_dev.o)
                0x0200b420                alt_dev_null
                0x0200b448                alt_fd_list
 .data          0x0200b5c8        0x0 ../J1_bsp/\libhal_bsp.a(alt_dev_llist_insert.o)
 .data          0x0200b5c8        0x0 ../J1_bsp/\libhal_bsp.a(alt_do_ctors.o)
 .data          0x0200b5c8        0x0 ../J1_bsp/\libhal_bsp.a(alt_do_dtors.o)
 .data          0x0200b5c8        0x0 ../J1_bsp/\libhal_bsp.a(alt_errno.o)
 .data          0x0200b5c8        0x0 ../J1_bsp/\libhal_bsp.a(alt_flash_dev.o)
 .data          0x0200b5c8        0x0 ../J1_bsp/\libhal_bsp.a(alt_io_redirect.o)
 .data          0x0200b5c8        0x0 ../J1_bsp/\libhal_bsp.a(alt_open.o)
 .data          0x0200b5c8        0x0 ../J1_bsp/\libhal_bsp.a(alt_release_fd.o)
 .data          0x0200b5c8        0x0 ../J1_bsp/\libhal_bsp.a(alt_tick.o)
 .data          0x0200b5c8        0x0 ../J1_bsp/\libhal_bsp.a(altera_avalon_spi.o)
 .data          0x0200b5c8        0x0 ../J1_bsp/\libhal_bsp.a(alt_find_dev.o)
 .data          0x0200b5c8        0x0 ../J1_bsp/\libhal_bsp.a(alt_find_file.o)
 .data          0x0200b5c8        0x0 ../J1_bsp/\libhal_bsp.a(alt_get_fd.o)
 .data          0x0200b5c8        0x0 c:/altera/11.0sp1/nios2eds/bin/gnu/h-i686-mingw32/bin/../lib/gcc/nios2-elf/4.1.2/../../../../nios2-elf/lib\libc.a(lib_a-atexit.o)
 .data          0x0200b5c8        0x0 c:/altera/11.0sp1/nios2eds/bin/gnu/h-i686-mingw32/bin/../lib/gcc/nios2-elf/4.1.2/../../../../nios2-elf/lib\libc.a(lib_a-exit.o)
 .data          0x0200b5c8        0x0 c:/altera/11.0sp1/nios2eds/bin/gnu/h-i686-mingw32/bin/../lib/gcc/nios2-elf/4.1.2/../../../../nios2-elf/lib\libc.a(lib_a-int_errno.o)
 .data          0x0200b5c8        0x0 c:/altera/11.0sp1/nios2eds/bin/gnu/h-i686-mingw32/bin/../lib/gcc/nios2-elf/4.1.2/../../../../nios2-elf/lib\libc.a(lib_a-memcmp.o)
 .data          0x0200b5c8        0x0 c:/altera/11.0sp1/nios2eds/bin/gnu/h-i686-mingw32/bin/../lib/gcc/nios2-elf/4.1.2/../../../../nios2-elf/lib\libc.a(lib_a-memcpy.o)
 .data          0x0200b5c8        0x0 c:/altera/11.0sp1/nios2eds/bin/gnu/h-i686-mingw32/bin/../lib/gcc/nios2-elf/4.1.2/../../../../nios2-elf/lib\libc.a(lib_a-strlen.o)
 .data          0x0200b5c8        0x0 c:/altera/11.0sp1/nios2eds/bin/gnu/h-i686-mingw32/bin/../lib/gcc/nios2-elf/4.1.2/../../../../nios2-elf/lib\libc.a(lib_a-__atexit.o)
 .data          0x0200b5c8        0x0 c:/altera/11.0sp1/nios2eds/bin/gnu/h-i686-mingw32/bin/../lib/gcc/nios2-elf/4.1.2/../../../../nios2-elf/lib\libc.a(lib_a-__call_atexit.o)
 .data          0x0200b5c8        0x0 ../J1_bsp/\libhal_bsp.a(alt_exit.o)
                0x020135c8                _gp = ABSOLUTE ((. + 0x8000))
                0x020135c8                PROVIDE (gp, _gp)
 *(.rwdata .rwdata.*)
 *(.sdata .sdata.* .gnu.linkonce.s.*)
 .sdata         0x0200b5c8        0x4 c:/altera/11.0sp1/nios2eds/bin/gnu/h-i686-mingw32/bin/../lib/gcc/nios2-elf/4.1.2/../../../../nios2-elf/lib\libm.a(lib_a-s_lib_ver.o)
                0x0200b5c8                __fdlib_version
 .sdata         0x0200b5cc        0x8 c:/altera/11.0sp1/nios2eds/bin/gnu/h-i686-mingw32/bin/../lib/gcc/nios2-elf/4.1.2/../../../../nios2-elf/lib\libc.a(lib_a-impure.o)
                0x0200b5cc                _impure_ptr
                0x0200b5d0                _global_impure_ptr
 .sdata         0x0200b5d4       0x14 ../J1_bsp/\libhal_bsp.a(alt_dev.o)
                0x0200b5d4                alt_fs_list
                0x0200b5dc                alt_dev_list
                0x0200b5e4                alt_max_fd
 .sdata         0x0200b5e8        0x4 ../J1_bsp/\libhal_bsp.a(alt_errno.o)
                0x0200b5e8                alt_errno
 .sdata         0x0200b5ec        0x8 ../J1_bsp/\libhal_bsp.a(alt_flash_dev.o)
                0x0200b5ec                alt_flash_dev_list
 .sdata         0x0200b5f4        0x8 ../J1_bsp/\libhal_bsp.a(alt_tick.o)
                0x0200b5f4                alt_alarm_list
 *(.sdata2 .sdata2.* .gnu.linkonce.s2.*)
                0x0200b5fc                . = ALIGN (0x4)
                0x0200b5fc                _edata = ABSOLUTE (.)
                0x0200b5fc                PROVIDE (edata, ABSOLUTE (.))
                0x0200b5fc                PROVIDE (__ram_rwdata_end, ABSOLUTE (.))
                0x02009d9c                PROVIDE (__flash_rwdata_start, LOADADDR (.rwdata))

.bss            0x0200b5fc      0x244
                0x0200b5fc                __bss_start = ABSOLUTE (.)
                0x0200b5fc                PROVIDE (__sbss_start, ABSOLUTE (.))
                0x0200b5fc                PROVIDE (___sbss_start, ABSOLUTE (.))
 *(.dynsbss)
 *(.sbss .sbss.* .gnu.linkonce.sb.*)
 .sbss          0x0200b5fc        0x8 obj/data.o
                0x0200b5fc                sSUI
 .sbss          0x0200b604        0x4 obj/main.o
                0x0200b604                pUART
 .sbss          0x0200b608        0xc ../J1_bsp/\libhal_bsp.a(alt_main.o)
                0x0200b608                alt_argc
                0x0200b60c                alt_argv
                0x0200b610                alt_envp
 .sbss          0x0200b614        0x4 ../J1_bsp/\libhal_bsp.a(altera_vic_irq_init.o)
                0x0200b614                alt_vic_dev_list
 .sbss          0x0200b618        0x8 ../J1_bsp/\libhal_bsp.a(alt_tick.o)
                0x0200b618                _alt_tick_rate
                0x0200b61c                _alt_nticks
 .sbss          0x0200b620        0x4 c:/altera/11.0sp1/nios2eds/bin/gnu/h-i686-mingw32/bin/../lib/gcc/nios2-elf/4.1.2/../../../../nios2-elf/lib\libc.a(lib_a-int_errno.o)
                0x0200b620                errno
 *(.sbss2 .sbss2.* .gnu.linkonce.sb2.*)
 *(.scommon)
                0x0200b624                PROVIDE (__sbss_end, ABSOLUTE (.))
                0x0200b624                PROVIDE (___sbss_end, ABSOLUTE (.))
 *(.dynbss)
 *(.bss .bss.* .gnu.linkonce.b.*)
 .bss           0x0200b624        0x0 ../J1_bsp//obj/HAL/src/crt0.o
 .bss           0x0200b624        0x0 obj/data.o
 .bss           0x0200b624        0x0 obj/main.o
 .bss           0x0200b624        0x0 obj/print_functions.o
 .bss           0x0200b624        0x0 obj/print_screens.o
 .bss           0x0200b624        0x0 obj/process_entry.o
 .bss           0x0200b624        0x0 c:/altera/11.0sp1/nios2eds/bin/gnu/h-i686-mingw32/bin/../lib/gcc/nios2-elf/4.1.2/../../../../nios2-elf/lib\libm.a(lib_a-w_pow.o)
 .bss           0x0200b624        0x0 c:/altera/11.0sp1/nios2eds/bin/gnu/h-i686-mingw32/bin/../lib/gcc/nios2-elf/4.1.2/../../../../nios2-elf/lib\libm.a(lib_a-e_pow.o)
 .bss           0x0200b624        0x0 c:/altera/11.0sp1/nios2eds/bin/gnu/h-i686-mingw32/bin/../lib/gcc/nios2-elf/4.1.2/../../../../nios2-elf/lib\libm.a(lib_a-e_sqrt.o)
 .bss           0x0200b624        0x0 c:/altera/11.0sp1/nios2eds/bin/gnu/h-i686-mingw32/bin/../lib/gcc/nios2-elf/4.1.2/../../../../nios2-elf/lib\libm.a(lib_a-s_fabs.o)
 .bss           0x0200b624        0x0 c:/altera/11.0sp1/nios2eds/bin/gnu/h-i686-mingw32/bin/../lib/gcc/nios2-elf/4.1.2/../../../../nios2-elf/lib\libm.a(lib_a-s_finite.o)
 .bss           0x0200b624        0x0 c:/altera/11.0sp1/nios2eds/bin/gnu/h-i686-mingw32/bin/../lib/gcc/nios2-elf/4.1.2/../../../../nios2-elf/lib\libm.a(lib_a-s_isnand.o)
 .bss           0x0200b624        0x0 c:/altera/11.0sp1/nios2eds/bin/gnu/h-i686-mingw32/bin/../lib/gcc/nios2-elf/4.1.2/../../../../nios2-elf/lib\libm.a(lib_a-s_lib_ver.o)
 .bss           0x0200b624        0x0 c:/altera/11.0sp1/nios2eds/bin/gnu/h-i686-mingw32/bin/../lib/gcc/nios2-elf/4.1.2/../../../../nios2-elf/lib\libm.a(lib_a-s_matherr.o)
 .bss           0x0200b624        0x0 c:/altera/11.0sp1/nios2eds/bin/gnu/h-i686-mingw32/bin/../lib/gcc/nios2-elf/4.1.2/../../../../nios2-elf/lib\libm.a(lib_a-s_nan.o)
 .bss           0x0200b624        0x0 c:/altera/11.0sp1/nios2eds/bin/gnu/h-i686-mingw32/bin/../lib/gcc/nios2-elf/4.1.2/../../../../nios2-elf/lib\libm.a(lib_a-s_rint.o)
 .bss           0x0200b624        0x0 c:/altera/11.0sp1/nios2eds/bin/gnu/h-i686-mingw32/bin/../lib/gcc/nios2-elf/4.1.2/../../../../nios2-elf/lib\libm.a(lib_a-s_scalbn.o)
 .bss           0x0200b624        0x0 c:/altera/11.0sp1/nios2eds/bin/gnu/h-i686-mingw32/bin/../lib/gcc/nios2-elf/4.1.2/../../../../nios2-elf/lib\libm.a(lib_a-s_copysign.o)
 .bss           0x0200b624        0x0 c:/altera/11.0sp1/nios2eds/bin/gnu/h-i686-mingw32/bin/../lib/gcc/nios2-elf/4.1.2\libgcc.a(_addsub_df.o)
 .bss           0x0200b624        0x0 c:/altera/11.0sp1/nios2eds/bin/gnu/h-i686-mingw32/bin/../lib/gcc/nios2-elf/4.1.2\libgcc.a(_mul_df.o)
 .bss           0x0200b624        0x0 c:/altera/11.0sp1/nios2eds/bin/gnu/h-i686-mingw32/bin/../lib/gcc/nios2-elf/4.1.2\libgcc.a(_div_df.o)
 .bss           0x0200b624        0x0 c:/altera/11.0sp1/nios2eds/bin/gnu/h-i686-mingw32/bin/../lib/gcc/nios2-elf/4.1.2\libgcc.a(_eq_df.o)
 .bss           0x0200b624        0x0 c:/altera/11.0sp1/nios2eds/bin/gnu/h-i686-mingw32/bin/../lib/gcc/nios2-elf/4.1.2\libgcc.a(_ne_df.o)
 .bss           0x0200b624        0x0 c:/altera/11.0sp1/nios2eds/bin/gnu/h-i686-mingw32/bin/../lib/gcc/nios2-elf/4.1.2\libgcc.a(_gt_df.o)
 .bss           0x0200b624        0x0 c:/altera/11.0sp1/nios2eds/bin/gnu/h-i686-mingw32/bin/../lib/gcc/nios2-elf/4.1.2\libgcc.a(_lt_df.o)
 .bss           0x0200b624        0x0 c:/altera/11.0sp1/nios2eds/bin/gnu/h-i686-mingw32/bin/../lib/gcc/nios2-elf/4.1.2\libgcc.a(_le_df.o)
 .bss           0x0200b624        0x0 c:/altera/11.0sp1/nios2eds/bin/gnu/h-i686-mingw32/bin/../lib/gcc/nios2-elf/4.1.2\libgcc.a(_si_to_df.o)
 .bss           0x0200b624        0x0 c:/altera/11.0sp1/nios2eds/bin/gnu/h-i686-mingw32/bin/../lib/gcc/nios2-elf/4.1.2\libgcc.a(_df_to_si.o)
 .bss           0x0200b624        0x0 c:/altera/11.0sp1/nios2eds/bin/gnu/h-i686-mingw32/bin/../lib/gcc/nios2-elf/4.1.2\libgcc.a(_thenan_df.o)
 .bss           0x0200b624        0x0 c:/altera/11.0sp1/nios2eds/bin/gnu/h-i686-mingw32/bin/../lib/gcc/nios2-elf/4.1.2\libgcc.a(_usi_to_df.o)
 .bss           0x0200b624        0x0 c:/altera/11.0sp1/nios2eds/bin/gnu/h-i686-mingw32/bin/../lib/gcc/nios2-elf/4.1.2\libgcc.a(lib2-divmod.o)
 .bss           0x0200b624        0x0 c:/altera/11.0sp1/nios2eds/bin/gnu/h-i686-mingw32/bin/../lib/gcc/nios2-elf/4.1.2\libgcc.a(_muldi3.o)
 .bss           0x0200b624        0x0 c:/altera/11.0sp1/nios2eds/bin/gnu/h-i686-mingw32/bin/../lib/gcc/nios2-elf/4.1.2\libgcc.a(_clzsi2.o)
 .bss           0x0200b624        0x0 c:/altera/11.0sp1/nios2eds/bin/gnu/h-i686-mingw32/bin/../lib/gcc/nios2-elf/4.1.2\libgcc.a(_pack_df.o)
 .bss           0x0200b624        0x0 c:/altera/11.0sp1/nios2eds/bin/gnu/h-i686-mingw32/bin/../lib/gcc/nios2-elf/4.1.2\libgcc.a(_unpack_df.o)
 .bss           0x0200b624        0x0 c:/altera/11.0sp1/nios2eds/bin/gnu/h-i686-mingw32/bin/../lib/gcc/nios2-elf/4.1.2\libgcc.a(_fpcmp_parts_df.o)
 .bss           0x0200b624        0x0 c:/altera/11.0sp1/nios2eds/bin/gnu/h-i686-mingw32/bin/../lib/gcc/nios2-elf/4.1.2\libgcc.a(_clz.o)
 .bss           0x0200b624        0x0 c:/altera/11.0sp1/nios2eds/bin/gnu/h-i686-mingw32/bin/../lib/gcc/nios2-elf/4.1.2/../../../../nios2-elf/lib\libc.a(lib_a-errno.o)
 .bss           0x0200b624        0x0 c:/altera/11.0sp1/nios2eds/bin/gnu/h-i686-mingw32/bin/../lib/gcc/nios2-elf/4.1.2/../../../../nios2-elf/lib\libc.a(lib_a-impure.o)
 .bss           0x0200b624        0x0 ../J1_bsp/\libhal_bsp.a(alt_main.o)
 .bss           0x0200b624        0x0 ../J1_bsp/\libhal_bsp.a(alt_sys_init.o)
 .bss           0x0200b624        0x0 ../J1_bsp/\libhal_bsp.a(altera_avalon_epcs_flash_controller.o)
 .bss           0x0200b624        0x0 ../J1_bsp/\libhal_bsp.a(altera_avalon_jtag_uart_fd.o)
 .bss           0x0200b624        0x0 ../J1_bsp/\libhal_bsp.a(altera_avalon_jtag_uart_init.o)
 .bss           0x0200b624        0x0 ../J1_bsp/\libhal_bsp.a(altera_avalon_jtag_uart_ioctl.o)
 .bss           0x0200b624        0x0 ../J1_bsp/\libhal_bsp.a(altera_avalon_jtag_uart_read.o)
 .bss           0x0200b624        0x0 ../J1_bsp/\libhal_bsp.a(altera_avalon_jtag_uart_write.o)
 .bss           0x0200b624        0x0 ../J1_bsp/\libhal_bsp.a(altera_avalon_timer_sc.o)
 .bss           0x0200b624        0x0 ../J1_bsp/\libhal_bsp.a(altera_avalon_uart_fd.o)
 .bss           0x0200b624        0x0 ../J1_bsp/\libhal_bsp.a(altera_avalon_uart_init.o)
 .bss           0x0200b624        0x0 ../J1_bsp/\libhal_bsp.a(altera_avalon_uart_read.o)
 .bss           0x0200b624        0x0 ../J1_bsp/\libhal_bsp.a(altera_avalon_uart_write.o)
 .bss           0x0200b624        0x0 ../J1_bsp/\libhal_bsp.a(altera_vic_0_vector_tbl.o)
 .bss           0x0200b624        0x0 ../J1_bsp/\libhal_bsp.a(altera_vic_funnel_non_preemptive.o)
 .bss           0x0200b624        0x0 ../J1_bsp/\libhal_bsp.a(altera_vic_irq_init.o)
 .bss           0x0200b624        0x0 ../J1_bsp/\libhal_bsp.a(altera_vic_isr_register.o)
 .bss           0x0200b624        0x0 ../J1_bsp/\libhal_bsp.a(epcs_commands.o)
 .bss           0x0200b624        0x0 ../J1_bsp/\libhal_bsp.a(alt_alarm_start.o)
 .bss           0x0200b624        0x0 ../J1_bsp/\libhal_bsp.a(alt_close.o)
 .bss           0x0200b624        0x0 ../J1_bsp/\libhal_bsp.a(alt_dev.o)
 .bss           0x0200b624        0x0 ../J1_bsp/\libhal_bsp.a(alt_dev_llist_insert.o)
 .bss           0x0200b624        0x0 ../J1_bsp/\libhal_bsp.a(alt_do_ctors.o)
 .bss           0x0200b624        0x0 ../J1_bsp/\libhal_bsp.a(alt_do_dtors.o)
 .bss           0x0200b624        0x0 ../J1_bsp/\libhal_bsp.a(alt_errno.o)
 .bss           0x0200b624        0x0 ../J1_bsp/\libhal_bsp.a(alt_flash_dev.o)
 .bss           0x0200b624        0x0 ../J1_bsp/\libhal_bsp.a(alt_io_redirect.o)
 .bss           0x0200b624        0x0 ../J1_bsp/\libhal_bsp.a(alt_open.o)
 .bss           0x0200b624        0x0 ../J1_bsp/\libhal_bsp.a(alt_release_fd.o)
 .bss           0x0200b624        0x0 ../J1_bsp/\libhal_bsp.a(alt_tick.o)
 .bss           0x0200b624        0x0 ../J1_bsp/\libhal_bsp.a(altera_avalon_spi.o)
 .bss           0x0200b624        0x0 ../J1_bsp/\libhal_bsp.a(alt_find_dev.o)
 .bss           0x0200b624        0x0 ../J1_bsp/\libhal_bsp.a(alt_find_file.o)
 .bss           0x0200b624        0x0 ../J1_bsp/\libhal_bsp.a(alt_get_fd.o)
 .bss           0x0200b624        0x0 c:/altera/11.0sp1/nios2eds/bin/gnu/h-i686-mingw32/bin/../lib/gcc/nios2-elf/4.1.2/../../../../nios2-elf/lib\libc.a(lib_a-atexit.o)
 .bss           0x0200b624        0x0 c:/altera/11.0sp1/nios2eds/bin/gnu/h-i686-mingw32/bin/../lib/gcc/nios2-elf/4.1.2/../../../../nios2-elf/lib\libc.a(lib_a-exit.o)
 .bss           0x0200b624        0x0 c:/altera/11.0sp1/nios2eds/bin/gnu/h-i686-mingw32/bin/../lib/gcc/nios2-elf/4.1.2/../../../../nios2-elf/lib\libc.a(lib_a-int_errno.o)
 .bss           0x0200b624        0x0 c:/altera/11.0sp1/nios2eds/bin/gnu/h-i686-mingw32/bin/../lib/gcc/nios2-elf/4.1.2/../../../../nios2-elf/lib\libc.a(lib_a-memcmp.o)
 .bss           0x0200b624        0x0 c:/altera/11.0sp1/nios2eds/bin/gnu/h-i686-mingw32/bin/../lib/gcc/nios2-elf/4.1.2/../../../../nios2-elf/lib\libc.a(lib_a-memcpy.o)
 .bss           0x0200b624        0x0 c:/altera/11.0sp1/nios2eds/bin/gnu/h-i686-mingw32/bin/../lib/gcc/nios2-elf/4.1.2/../../../../nios2-elf/lib\libc.a(lib_a-strlen.o)
 .bss           0x0200b624        0x0 c:/altera/11.0sp1/nios2eds/bin/gnu/h-i686-mingw32/bin/../lib/gcc/nios2-elf/4.1.2/../../../../nios2-elf/lib\libc.a(lib_a-__atexit.o)
 .bss           0x0200b624        0x0 c:/altera/11.0sp1/nios2eds/bin/gnu/h-i686-mingw32/bin/../lib/gcc/nios2-elf/4.1.2/../../../../nios2-elf/lib\libc.a(lib_a-__call_atexit.o)
 .bss           0x0200b624        0x0 ../J1_bsp/\libhal_bsp.a(alt_exit.o)
 *(COMMON)
 COMMON         0x0200b624       0x8c obj/data.o
                0x0200b624                sDATA
                0x0200b658                sADC
                0x0200b678                sADC_F
                0x0200b698                sRCVR
 COMMON         0x0200b6b0      0x190 c:/altera/11.0sp1/nios2eds/bin/gnu/h-i686-mingw32/bin/../lib/gcc/nios2-elf/4.1.2/../../../../nios2-elf/lib\libc.a(lib_a-atexit.o)
                0x0200b6b0                _atexit0
                0x0200b840                . = ALIGN (0x4)
                0x0200b840                __bss_end = ABSOLUTE (.)

.sdram_0        0x0200b840        0x0
                0x0200b840                PROVIDE (_alt_partition_sdram_0_start, ABSOLUTE (.))
 *(.sdram_0. sdram_0.*)
                0x0200b840                . = ALIGN (0x4)
                0x0200b840                PROVIDE (_alt_partition_sdram_0_end, ABSOLUTE (.))
                0x0200b840                _end = ABSOLUTE (.)
                0x0200b840                end = ABSOLUTE (.)
                0x0200b840                __alt_stack_base = ABSOLUTE (.)
                0x0200b840                PROVIDE (_alt_partition_sdram_0_load_addr, LOADADDR (.sdram_0))

.onchip_memory2
                0x04010020        0x0
                0x04010020                PROVIDE (_alt_partition_onchip_memory2_start, ABSOLUTE (.))
 *(.onchip_memory2. onchip_memory2.*)
                0x04010020                . = ALIGN (0x4)
                0x04010020                PROVIDE (_alt_partition_onchip_memory2_end, ABSOLUTE (.))
                0x04010020                PROVIDE (_alt_partition_onchip_memory2_load_addr, LOADADDR (.onchip_memory2))

.epcs_flash_controller
                0x04022820        0x0
                0x04022820                PROVIDE (_alt_partition_epcs_flash_controller_start, ABSOLUTE (.))
 *(.epcs_flash_controller. epcs_flash_controller.*)
                0x04022820                . = ALIGN (0x4)
                0x04022820                PROVIDE (_alt_partition_epcs_flash_controller_end, ABSOLUTE (.))
                0x04022820                PROVIDE (_alt_partition_epcs_flash_controller_load_addr, LOADADDR (.epcs_flash_controller))

.stab
 *(.stab)

.stabstr
 *(.stabstr)

.stab.excl
 *(.stab.excl)

.stab.exclstr
 *(.stab.exclstr)

.stab.index
 *(.stab.index)

.stab.indexstr
 *(.stab.indexstr)

.comment        0x00000000       0x26
 *(.comment)
 .comment       0x00000000       0x26 obj/data.o
                                 0x27 (size before relaxing)
 .comment       0x00000000       0x27 obj/main.o
 .comment       0x00000000       0x27 obj/print_functions.o
 .comment       0x00000000       0x27 obj/print_screens.o
 .comment       0x00000000       0x27 obj/process_entry.o
 .comment       0x00000000       0x27 c:/altera/11.0sp1/nios2eds/bin/gnu/h-i686-mingw32/bin/../lib/gcc/nios2-elf/4.1.2/../../../../nios2-elf/lib\libm.a(lib_a-w_pow.o)
 .comment       0x00000000       0x27 c:/altera/11.0sp1/nios2eds/bin/gnu/h-i686-mingw32/bin/../lib/gcc/nios2-elf/4.1.2/../../../../nios2-elf/lib\libm.a(lib_a-e_pow.o)
 .comment       0x00000000       0x27 c:/altera/11.0sp1/nios2eds/bin/gnu/h-i686-mingw32/bin/../lib/gcc/nios2-elf/4.1.2/../../../../nios2-elf/lib\libm.a(lib_a-e_sqrt.o)
 .comment       0x00000000       0x27 c:/altera/11.0sp1/nios2eds/bin/gnu/h-i686-mingw32/bin/../lib/gcc/nios2-elf/4.1.2/../../../../nios2-elf/lib\libm.a(lib_a-s_fabs.o)
 .comment       0x00000000       0x27 c:/altera/11.0sp1/nios2eds/bin/gnu/h-i686-mingw32/bin/../lib/gcc/nios2-elf/4.1.2/../../../../nios2-elf/lib\libm.a(lib_a-s_finite.o)
 .comment       0x00000000       0x27 c:/altera/11.0sp1/nios2eds/bin/gnu/h-i686-mingw32/bin/../lib/gcc/nios2-elf/4.1.2/../../../../nios2-elf/lib\libm.a(lib_a-s_isnand.o)
 .comment       0x00000000       0x27 c:/altera/11.0sp1/nios2eds/bin/gnu/h-i686-mingw32/bin/../lib/gcc/nios2-elf/4.1.2/../../../../nios2-elf/lib\libm.a(lib_a-s_lib_ver.o)
 .comment       0x00000000       0x27 c:/altera/11.0sp1/nios2eds/bin/gnu/h-i686-mingw32/bin/../lib/gcc/nios2-elf/4.1.2/../../../../nios2-elf/lib\libm.a(lib_a-s_matherr.o)
 .comment       0x00000000       0x27 c:/altera/11.0sp1/nios2eds/bin/gnu/h-i686-mingw32/bin/../lib/gcc/nios2-elf/4.1.2/../../../../nios2-elf/lib\libm.a(lib_a-s_nan.o)
 .comment       0x00000000       0x27 c:/altera/11.0sp1/nios2eds/bin/gnu/h-i686-mingw32/bin/../lib/gcc/nios2-elf/4.1.2/../../../../nios2-elf/lib\libm.a(lib_a-s_rint.o)
 .comment       0x00000000       0x27 c:/altera/11.0sp1/nios2eds/bin/gnu/h-i686-mingw32/bin/../lib/gcc/nios2-elf/4.1.2/../../../../nios2-elf/lib\libm.a(lib_a-s_scalbn.o)
 .comment       0x00000000       0x27 c:/altera/11.0sp1/nios2eds/bin/gnu/h-i686-mingw32/bin/../lib/gcc/nios2-elf/4.1.2/../../../../nios2-elf/lib\libm.a(lib_a-s_copysign.o)
 .comment       0x00000000       0x27 c:/altera/11.0sp1/nios2eds/bin/gnu/h-i686-mingw32/bin/../lib/gcc/nios2-elf/4.1.2\libgcc.a(_addsub_df.o)
 .comment       0x00000000       0x27 c:/altera/11.0sp1/nios2eds/bin/gnu/h-i686-mingw32/bin/../lib/gcc/nios2-elf/4.1.2\libgcc.a(_mul_df.o)
 .comment       0x00000000       0x27 c:/altera/11.0sp1/nios2eds/bin/gnu/h-i686-mingw32/bin/../lib/gcc/nios2-elf/4.1.2\libgcc.a(_div_df.o)
 .comment       0x00000000       0x27 c:/altera/11.0sp1/nios2eds/bin/gnu/h-i686-mingw32/bin/../lib/gcc/nios2-elf/4.1.2\libgcc.a(_eq_df.o)
 .comment       0x00000000       0x27 c:/altera/11.0sp1/nios2eds/bin/gnu/h-i686-mingw32/bin/../lib/gcc/nios2-elf/4.1.2\libgcc.a(_ne_df.o)
 .comment       0x00000000       0x27 c:/altera/11.0sp1/nios2eds/bin/gnu/h-i686-mingw32/bin/../lib/gcc/nios2-elf/4.1.2\libgcc.a(_gt_df.o)
 .comment       0x00000000       0x27 c:/altera/11.0sp1/nios2eds/bin/gnu/h-i686-mingw32/bin/../lib/gcc/nios2-elf/4.1.2\libgcc.a(_lt_df.o)
 .comment       0x00000000       0x27 c:/altera/11.0sp1/nios2eds/bin/gnu/h-i686-mingw32/bin/../lib/gcc/nios2-elf/4.1.2\libgcc.a(_le_df.o)
 .comment       0x00000000       0x27 c:/altera/11.0sp1/nios2eds/bin/gnu/h-i686-mingw32/bin/../lib/gcc/nios2-elf/4.1.2\libgcc.a(_si_to_df.o)
 .comment       0x00000000       0x27 c:/altera/11.0sp1/nios2eds/bin/gnu/h-i686-mingw32/bin/../lib/gcc/nios2-elf/4.1.2\libgcc.a(_df_to_si.o)
 .comment       0x00000000       0x27 c:/altera/11.0sp1/nios2eds/bin/gnu/h-i686-mingw32/bin/../lib/gcc/nios2-elf/4.1.2\libgcc.a(_thenan_df.o)
 .comment       0x00000000       0x27 c:/altera/11.0sp1/nios2eds/bin/gnu/h-i686-mingw32/bin/../lib/gcc/nios2-elf/4.1.2\libgcc.a(_usi_to_df.o)
 .comment       0x00000000       0x27 c:/altera/11.0sp1/nios2eds/bin/gnu/h-i686-mingw32/bin/../lib/gcc/nios2-elf/4.1.2\libgcc.a(lib2-divmod.o)
 .comment       0x00000000       0x27 c:/altera/11.0sp1/nios2eds/bin/gnu/h-i686-mingw32/bin/../lib/gcc/nios2-elf/4.1.2\libgcc.a(_muldi3.o)
 .comment       0x00000000       0x27 c:/altera/11.0sp1/nios2eds/bin/gnu/h-i686-mingw32/bin/../lib/gcc/nios2-elf/4.1.2\libgcc.a(_clzsi2.o)
 .comment       0x00000000       0x27 c:/altera/11.0sp1/nios2eds/bin/gnu/h-i686-mingw32/bin/../lib/gcc/nios2-elf/4.1.2\libgcc.a(_pack_df.o)
 .comment       0x00000000       0x27 c:/altera/11.0sp1/nios2eds/bin/gnu/h-i686-mingw32/bin/../lib/gcc/nios2-elf/4.1.2\libgcc.a(_unpack_df.o)
 .comment       0x00000000       0x27 c:/altera/11.0sp1/nios2eds/bin/gnu/h-i686-mingw32/bin/../lib/gcc/nios2-elf/4.1.2\libgcc.a(_fpcmp_parts_df.o)
 .comment       0x00000000       0x27 c:/altera/11.0sp1/nios2eds/bin/gnu/h-i686-mingw32/bin/../lib/gcc/nios2-elf/4.1.2\libgcc.a(_clz.o)
 .comment       0x00000000       0x27 c:/altera/11.0sp1/nios2eds/bin/gnu/h-i686-mingw32/bin/../lib/gcc/nios2-elf/4.1.2/../../../../nios2-elf/lib\libc.a(lib_a-errno.o)
 .comment       0x00000000       0x27 c:/altera/11.0sp1/nios2eds/bin/gnu/h-i686-mingw32/bin/../lib/gcc/nios2-elf/4.1.2/../../../../nios2-elf/lib\libc.a(lib_a-impure.o)
 .comment       0x00000000       0x27 ../J1_bsp/\libhal_bsp.a(alt_main.o)
 .comment       0x00000000       0x27 ../J1_bsp/\libhal_bsp.a(alt_sys_init.o)
 .comment       0x00000000       0x27 ../J1_bsp/\libhal_bsp.a(altera_avalon_epcs_flash_controller.o)
 .comment       0x00000000       0x27 ../J1_bsp/\libhal_bsp.a(altera_avalon_jtag_uart_fd.o)
 .comment       0x00000000       0x27 ../J1_bsp/\libhal_bsp.a(altera_avalon_jtag_uart_init.o)
 .comment       0x00000000       0x27 ../J1_bsp/\libhal_bsp.a(altera_avalon_jtag_uart_ioctl.o)
 .comment       0x00000000       0x27 ../J1_bsp/\libhal_bsp.a(altera_avalon_jtag_uart_read.o)
 .comment       0x00000000       0x27 ../J1_bsp/\libhal_bsp.a(altera_avalon_jtag_uart_write.o)
 .comment       0x00000000       0x27 ../J1_bsp/\libhal_bsp.a(altera_avalon_timer_sc.o)
 .comment       0x00000000       0x27 ../J1_bsp/\libhal_bsp.a(altera_avalon_uart_fd.o)
 .comment       0x00000000       0x27 ../J1_bsp/\libhal_bsp.a(altera_avalon_uart_init.o)
 .comment       0x00000000       0x27 ../J1_bsp/\libhal_bsp.a(altera_avalon_uart_read.o)
 .comment       0x00000000       0x27 ../J1_bsp/\libhal_bsp.a(altera_avalon_uart_write.o)
 .comment       0x00000000       0x27 ../J1_bsp/\libhal_bsp.a(altera_vic_irq_init.o)
 .comment       0x00000000       0x27 ../J1_bsp/\libhal_bsp.a(altera_vic_isr_register.o)
 .comment       0x00000000       0x27 ../J1_bsp/\libhal_bsp.a(epcs_commands.o)
 .comment       0x00000000       0x27 ../J1_bsp/\libhal_bsp.a(alt_alarm_start.o)
 .comment       0x00000000       0x27 ../J1_bsp/\libhal_bsp.a(alt_close.o)
 .comment       0x00000000       0x27 ../J1_bsp/\libhal_bsp.a(alt_dev.o)
 .comment       0x00000000       0x27 ../J1_bsp/\libhal_bsp.a(alt_dev_llist_insert.o)
 .comment       0x00000000       0x27 ../J1_bsp/\libhal_bsp.a(alt_do_ctors.o)
 .comment       0x00000000       0x27 ../J1_bsp/\libhal_bsp.a(alt_do_dtors.o)
 .comment       0x00000000       0x27 ../J1_bsp/\libhal_bsp.a(alt_errno.o)
 .comment       0x00000000       0x27 ../J1_bsp/\libhal_bsp.a(alt_flash_dev.o)
 .comment       0x00000000       0x27 ../J1_bsp/\libhal_bsp.a(alt_io_redirect.o)
 .comment       0x00000000       0x27 ../J1_bsp/\libhal_bsp.a(alt_open.o)
 .comment       0x00000000       0x27 ../J1_bsp/\libhal_bsp.a(alt_release_fd.o)
 .comment       0x00000000       0x27 ../J1_bsp/\libhal_bsp.a(alt_tick.o)
 .comment       0x00000000       0x27 ../J1_bsp/\libhal_bsp.a(altera_avalon_spi.o)
 .comment       0x00000000       0x27 ../J1_bsp/\libhal_bsp.a(alt_find_dev.o)
 .comment       0x00000000       0x27 ../J1_bsp/\libhal_bsp.a(alt_find_file.o)
 .comment       0x00000000       0x27 ../J1_bsp/\libhal_bsp.a(alt_get_fd.o)
 .comment       0x00000000       0x27 c:/altera/11.0sp1/nios2eds/bin/gnu/h-i686-mingw32/bin/../lib/gcc/nios2-elf/4.1.2/../../../../nios2-elf/lib\libc.a(lib_a-atexit.o)
 .comment       0x00000000       0x27 c:/altera/11.0sp1/nios2eds/bin/gnu/h-i686-mingw32/bin/../lib/gcc/nios2-elf/4.1.2/../../../../nios2-elf/lib\libc.a(lib_a-exit.o)
 .comment       0x00000000       0x27 c:/altera/11.0sp1/nios2eds/bin/gnu/h-i686-mingw32/bin/../lib/gcc/nios2-elf/4.1.2/../../../../nios2-elf/lib\libc.a(lib_a-int_errno.o)
 .comment       0x00000000       0x27 c:/altera/11.0sp1/nios2eds/bin/gnu/h-i686-mingw32/bin/../lib/gcc/nios2-elf/4.1.2/../../../../nios2-elf/lib\libc.a(lib_a-memcmp.o)
 .comment       0x00000000       0x27 c:/altera/11.0sp1/nios2eds/bin/gnu/h-i686-mingw32/bin/../lib/gcc/nios2-elf/4.1.2/../../../../nios2-elf/lib\libc.a(lib_a-memcpy.o)
 .comment       0x00000000       0x27 c:/altera/11.0sp1/nios2eds/bin/gnu/h-i686-mingw32/bin/../lib/gcc/nios2-elf/4.1.2/../../../../nios2-elf/lib\libc.a(lib_a-strlen.o)
 .comment       0x00000000       0x27 c:/altera/11.0sp1/nios2eds/bin/gnu/h-i686-mingw32/bin/../lib/gcc/nios2-elf/4.1.2/../../../../nios2-elf/lib\libc.a(lib_a-__atexit.o)
 .comment       0x00000000       0x27 c:/altera/11.0sp1/nios2eds/bin/gnu/h-i686-mingw32/bin/../lib/gcc/nios2-elf/4.1.2/../../../../nios2-elf/lib\libc.a(lib_a-__call_atexit.o)
 .comment       0x00000000       0x27 ../J1_bsp/\libhal_bsp.a(alt_exit.o)

.debug
 *(.debug)

.line
 *(.line)

.debug_srcinfo
 *(.debug_srcinfo)

.debug_sfnames
 *(.debug_sfnames)

.debug_aranges  0x00000000      0x960
 *(.debug_aranges)
 .debug_aranges
                0x00000000       0x20 ../J1_bsp//obj/HAL/src/crt0.o
 .debug_aranges
                0x00000020       0x20 obj/main.o
 .debug_aranges
                0x00000040       0x20 obj/print_functions.o
 .debug_aranges
                0x00000060       0x20 obj/print_screens.o
 .debug_aranges
                0x00000080       0x20 obj/process_entry.o
 .debug_aranges
                0x000000a0       0x20 c:/altera/11.0sp1/nios2eds/bin/gnu/h-i686-mingw32/bin/../lib/gcc/nios2-elf/4.1.2/../../../../nios2-elf/lib\libm.a(lib_a-w_pow.o)
 .debug_aranges
                0x000000c0       0x20 c:/altera/11.0sp1/nios2eds/bin/gnu/h-i686-mingw32/bin/../lib/gcc/nios2-elf/4.1.2/../../../../nios2-elf/lib\libm.a(lib_a-e_pow.o)
 .debug_aranges
                0x000000e0       0x20 c:/altera/11.0sp1/nios2eds/bin/gnu/h-i686-mingw32/bin/../lib/gcc/nios2-elf/4.1.2/../../../../nios2-elf/lib\libm.a(lib_a-e_sqrt.o)
 .debug_aranges
                0x00000100       0x20 c:/altera/11.0sp1/nios2eds/bin/gnu/h-i686-mingw32/bin/../lib/gcc/nios2-elf/4.1.2/../../../../nios2-elf/lib\libm.a(lib_a-s_fabs.o)
 .debug_aranges
                0x00000120       0x20 c:/altera/11.0sp1/nios2eds/bin/gnu/h-i686-mingw32/bin/../lib/gcc/nios2-elf/4.1.2/../../../../nios2-elf/lib\libm.a(lib_a-s_finite.o)
 .debug_aranges
                0x00000140       0x20 c:/altera/11.0sp1/nios2eds/bin/gnu/h-i686-mingw32/bin/../lib/gcc/nios2-elf/4.1.2/../../../../nios2-elf/lib\libm.a(lib_a-s_isnand.o)
 .debug_aranges
                0x00000160       0x20 c:/altera/11.0sp1/nios2eds/bin/gnu/h-i686-mingw32/bin/../lib/gcc/nios2-elf/4.1.2/../../../../nios2-elf/lib\libm.a(lib_a-s_matherr.o)
 .debug_aranges
                0x00000180       0x20 c:/altera/11.0sp1/nios2eds/bin/gnu/h-i686-mingw32/bin/../lib/gcc/nios2-elf/4.1.2/../../../../nios2-elf/lib\libm.a(lib_a-s_nan.o)
 .debug_aranges
                0x000001a0       0x20 c:/altera/11.0sp1/nios2eds/bin/gnu/h-i686-mingw32/bin/../lib/gcc/nios2-elf/4.1.2/../../../../nios2-elf/lib\libm.a(lib_a-s_rint.o)
 .debug_aranges
                0x000001c0       0x20 c:/altera/11.0sp1/nios2eds/bin/gnu/h-i686-mingw32/bin/../lib/gcc/nios2-elf/4.1.2/../../../../nios2-elf/lib\libm.a(lib_a-s_scalbn.o)
 .debug_aranges
                0x000001e0       0x20 c:/altera/11.0sp1/nios2eds/bin/gnu/h-i686-mingw32/bin/../lib/gcc/nios2-elf/4.1.2/../../../../nios2-elf/lib\libm.a(lib_a-s_copysign.o)
 .debug_aranges
                0x00000200       0x20 c:/altera/11.0sp1/nios2eds/bin/gnu/h-i686-mingw32/bin/../lib/gcc/nios2-elf/4.1.2\libgcc.a(_addsub_df.o)
 .debug_aranges
                0x00000220       0x20 c:/altera/11.0sp1/nios2eds/bin/gnu/h-i686-mingw32/bin/../lib/gcc/nios2-elf/4.1.2\libgcc.a(_mul_df.o)
 .debug_aranges
                0x00000240       0x20 c:/altera/11.0sp1/nios2eds/bin/gnu/h-i686-mingw32/bin/../lib/gcc/nios2-elf/4.1.2\libgcc.a(_div_df.o)
 .debug_aranges
                0x00000260       0x20 c:/altera/11.0sp1/nios2eds/bin/gnu/h-i686-mingw32/bin/../lib/gcc/nios2-elf/4.1.2\libgcc.a(_eq_df.o)
 .debug_aranges
                0x00000280       0x20 c:/altera/11.0sp1/nios2eds/bin/gnu/h-i686-mingw32/bin/../lib/gcc/nios2-elf/4.1.2\libgcc.a(_ne_df.o)
 .debug_aranges
                0x000002a0       0x20 c:/altera/11.0sp1/nios2eds/bin/gnu/h-i686-mingw32/bin/../lib/gcc/nios2-elf/4.1.2\libgcc.a(_gt_df.o)
 .debug_aranges
                0x000002c0       0x20 c:/altera/11.0sp1/nios2eds/bin/gnu/h-i686-mingw32/bin/../lib/gcc/nios2-elf/4.1.2\libgcc.a(_lt_df.o)
 .debug_aranges
                0x000002e0       0x20 c:/altera/11.0sp1/nios2eds/bin/gnu/h-i686-mingw32/bin/../lib/gcc/nios2-elf/4.1.2\libgcc.a(_le_df.o)
 .debug_aranges
                0x00000300       0x20 c:/altera/11.0sp1/nios2eds/bin/gnu/h-i686-mingw32/bin/../lib/gcc/nios2-elf/4.1.2\libgcc.a(_si_to_df.o)
 .debug_aranges
                0x00000320       0x20 c:/altera/11.0sp1/nios2eds/bin/gnu/h-i686-mingw32/bin/../lib/gcc/nios2-elf/4.1.2\libgcc.a(_df_to_si.o)
 .debug_aranges
                0x00000340       0x20 c:/altera/11.0sp1/nios2eds/bin/gnu/h-i686-mingw32/bin/../lib/gcc/nios2-elf/4.1.2\libgcc.a(_usi_to_df.o)
 .debug_aranges
                0x00000360       0x20 c:/altera/11.0sp1/nios2eds/bin/gnu/h-i686-mingw32/bin/../lib/gcc/nios2-elf/4.1.2\libgcc.a(lib2-divmod.o)
 .debug_aranges
                0x00000380       0x20 c:/altera/11.0sp1/nios2eds/bin/gnu/h-i686-mingw32/bin/../lib/gcc/nios2-elf/4.1.2\libgcc.a(_muldi3.o)
 .debug_aranges
                0x000003a0       0x20 c:/altera/11.0sp1/nios2eds/bin/gnu/h-i686-mingw32/bin/../lib/gcc/nios2-elf/4.1.2\libgcc.a(_clzsi2.o)
 .debug_aranges
                0x000003c0       0x20 c:/altera/11.0sp1/nios2eds/bin/gnu/h-i686-mingw32/bin/../lib/gcc/nios2-elf/4.1.2\libgcc.a(_pack_df.o)
 .debug_aranges
                0x000003e0       0x20 c:/altera/11.0sp1/nios2eds/bin/gnu/h-i686-mingw32/bin/../lib/gcc/nios2-elf/4.1.2\libgcc.a(_unpack_df.o)
 .debug_aranges
                0x00000400       0x20 c:/altera/11.0sp1/nios2eds/bin/gnu/h-i686-mingw32/bin/../lib/gcc/nios2-elf/4.1.2\libgcc.a(_fpcmp_parts_df.o)
 .debug_aranges
                0x00000420       0x20 c:/altera/11.0sp1/nios2eds/bin/gnu/h-i686-mingw32/bin/../lib/gcc/nios2-elf/4.1.2/../../../../nios2-elf/lib\libc.a(lib_a-errno.o)
 .debug_aranges
                0x00000440       0x20 ../J1_bsp/\libhal_bsp.a(alt_main.o)
 .debug_aranges
                0x00000460       0x20 ../J1_bsp/\libhal_bsp.a(alt_sys_init.o)
 .debug_aranges
                0x00000480       0x20 ../J1_bsp/\libhal_bsp.a(altera_avalon_epcs_flash_controller.o)
 .debug_aranges
                0x000004a0       0x20 ../J1_bsp/\libhal_bsp.a(altera_avalon_jtag_uart_fd.o)
 .debug_aranges
                0x000004c0       0x20 ../J1_bsp/\libhal_bsp.a(altera_avalon_jtag_uart_init.o)
 .debug_aranges
                0x000004e0       0x20 ../J1_bsp/\libhal_bsp.a(altera_avalon_jtag_uart_ioctl.o)
 .debug_aranges
                0x00000500       0x20 ../J1_bsp/\libhal_bsp.a(altera_avalon_jtag_uart_read.o)
 .debug_aranges
                0x00000520       0x20 ../J1_bsp/\libhal_bsp.a(altera_avalon_jtag_uart_write.o)
 .debug_aranges
                0x00000540       0x20 ../J1_bsp/\libhal_bsp.a(altera_avalon_timer_sc.o)
 .debug_aranges
                0x00000560       0x20 ../J1_bsp/\libhal_bsp.a(altera_avalon_uart_fd.o)
 .debug_aranges
                0x00000580       0x20 ../J1_bsp/\libhal_bsp.a(altera_avalon_uart_init.o)
 .debug_aranges
                0x000005a0       0x20 ../J1_bsp/\libhal_bsp.a(altera_avalon_uart_read.o)
 .debug_aranges
                0x000005c0       0x20 ../J1_bsp/\libhal_bsp.a(altera_avalon_uart_write.o)
 .debug_aranges
                0x000005e0       0x20 ../J1_bsp/\libhal_bsp.a(altera_vic_0_vector_tbl.o)
 .debug_aranges
                0x00000600       0x20 ../J1_bsp/\libhal_bsp.a(altera_vic_funnel_non_preemptive.o)
 .debug_aranges
                0x00000620       0x20 ../J1_bsp/\libhal_bsp.a(altera_vic_irq_init.o)
 .debug_aranges
                0x00000640       0x20 ../J1_bsp/\libhal_bsp.a(altera_vic_isr_register.o)
 .debug_aranges
                0x00000660       0x20 ../J1_bsp/\libhal_bsp.a(epcs_commands.o)
 .debug_aranges
                0x00000680       0x20 ../J1_bsp/\libhal_bsp.a(alt_alarm_start.o)
 .debug_aranges
                0x000006a0       0x20 ../J1_bsp/\libhal_bsp.a(alt_close.o)
 .debug_aranges
                0x000006c0       0x20 ../J1_bsp/\libhal_bsp.a(alt_dev.o)
 .debug_aranges
                0x000006e0       0x20 ../J1_bsp/\libhal_bsp.a(alt_dev_llist_insert.o)
 .debug_aranges
                0x00000700       0x20 ../J1_bsp/\libhal_bsp.a(alt_do_ctors.o)
 .debug_aranges
                0x00000720       0x20 ../J1_bsp/\libhal_bsp.a(alt_do_dtors.o)
 .debug_aranges
                0x00000740       0x20 ../J1_bsp/\libhal_bsp.a(alt_flash_dev.o)
 .debug_aranges
                0x00000760       0x20 ../J1_bsp/\libhal_bsp.a(alt_io_redirect.o)
 .debug_aranges
                0x00000780       0x20 ../J1_bsp/\libhal_bsp.a(alt_open.o)
 .debug_aranges
                0x000007a0       0x20 ../J1_bsp/\libhal_bsp.a(alt_release_fd.o)
 .debug_aranges
                0x000007c0       0x20 ../J1_bsp/\libhal_bsp.a(alt_tick.o)
 .debug_aranges
                0x000007e0       0x20 ../J1_bsp/\libhal_bsp.a(altera_avalon_spi.o)
 .debug_aranges
                0x00000800       0x20 ../J1_bsp/\libhal_bsp.a(alt_find_dev.o)
 .debug_aranges
                0x00000820       0x20 ../J1_bsp/\libhal_bsp.a(alt_find_file.o)
 .debug_aranges
                0x00000840       0x20 ../J1_bsp/\libhal_bsp.a(alt_get_fd.o)
 .debug_aranges
                0x00000860       0x20 c:/altera/11.0sp1/nios2eds/bin/gnu/h-i686-mingw32/bin/../lib/gcc/nios2-elf/4.1.2/../../../../nios2-elf/lib\libc.a(lib_a-atexit.o)
 .debug_aranges
                0x00000880       0x20 c:/altera/11.0sp1/nios2eds/bin/gnu/h-i686-mingw32/bin/../lib/gcc/nios2-elf/4.1.2/../../../../nios2-elf/lib\libc.a(lib_a-exit.o)
 .debug_aranges
                0x000008a0       0x20 c:/altera/11.0sp1/nios2eds/bin/gnu/h-i686-mingw32/bin/../lib/gcc/nios2-elf/4.1.2/../../../../nios2-elf/lib\libc.a(lib_a-memcmp.o)
 .debug_aranges
                0x000008c0       0x20 c:/altera/11.0sp1/nios2eds/bin/gnu/h-i686-mingw32/bin/../lib/gcc/nios2-elf/4.1.2/../../../../nios2-elf/lib\libc.a(lib_a-memcpy.o)
 .debug_aranges
                0x000008e0       0x20 c:/altera/11.0sp1/nios2eds/bin/gnu/h-i686-mingw32/bin/../lib/gcc/nios2-elf/4.1.2/../../../../nios2-elf/lib\libc.a(lib_a-strlen.o)
 .debug_aranges
                0x00000900       0x20 c:/altera/11.0sp1/nios2eds/bin/gnu/h-i686-mingw32/bin/../lib/gcc/nios2-elf/4.1.2/../../../../nios2-elf/lib\libc.a(lib_a-__atexit.o)
 .debug_aranges
                0x00000920       0x20 c:/altera/11.0sp1/nios2eds/bin/gnu/h-i686-mingw32/bin/../lib/gcc/nios2-elf/4.1.2/../../../../nios2-elf/lib\libc.a(lib_a-__call_atexit.o)
 .debug_aranges
                0x00000940       0x20 ../J1_bsp/\libhal_bsp.a(alt_exit.o)

.debug_pubnames
                0x00000000      0xf8e
 *(.debug_pubnames)
 .debug_pubnames
                0x00000000       0x43 obj/data.o
 .debug_pubnames
                0x00000043       0x25 obj/main.o
 .debug_pubnames
                0x00000068       0x63 obj/print_functions.o
 .debug_pubnames
                0x000000cb       0x43 obj/print_screens.o
 .debug_pubnames
                0x0000010e       0xc3 obj/process_entry.o
 .debug_pubnames
                0x000001d1       0x1a c:/altera/11.0sp1/nios2eds/bin/gnu/h-i686-mingw32/bin/../lib/gcc/nios2-elf/4.1.2/../../../../nios2-elf/lib\libm.a(lib_a-w_pow.o)
 .debug_pubnames
                0x000001eb       0x24 c:/altera/11.0sp1/nios2eds/bin/gnu/h-i686-mingw32/bin/../lib/gcc/nios2-elf/4.1.2/../../../../nios2-elf/lib\libm.a(lib_a-e_pow.o)
 .debug_pubnames
                0x0000020f       0x25 c:/altera/11.0sp1/nios2eds/bin/gnu/h-i686-mingw32/bin/../lib/gcc/nios2-elf/4.1.2/../../../../nios2-elf/lib\libm.a(lib_a-e_sqrt.o)
 .debug_pubnames
                0x00000234       0x1b c:/altera/11.0sp1/nios2eds/bin/gnu/h-i686-mingw32/bin/../lib/gcc/nios2-elf/4.1.2/../../../../nios2-elf/lib\libm.a(lib_a-s_fabs.o)
 .debug_pubnames
                0x0000024f       0x1d c:/altera/11.0sp1/nios2eds/bin/gnu/h-i686-mingw32/bin/../lib/gcc/nios2-elf/4.1.2/../../../../nios2-elf/lib\libm.a(lib_a-s_finite.o)
 .debug_pubnames
                0x0000026c       0x1f c:/altera/11.0sp1/nios2eds/bin/gnu/h-i686-mingw32/bin/../lib/gcc/nios2-elf/4.1.2/../../../../nios2-elf/lib\libm.a(lib_a-s_isnand.o)
 .debug_pubnames
                0x0000028b       0x26 c:/altera/11.0sp1/nios2eds/bin/gnu/h-i686-mingw32/bin/../lib/gcc/nios2-elf/4.1.2/../../../../nios2-elf/lib\libm.a(lib_a-s_lib_ver.o)
 .debug_pubnames
                0x000002b1       0x1e c:/altera/11.0sp1/nios2eds/bin/gnu/h-i686-mingw32/bin/../lib/gcc/nios2-elf/4.1.2/../../../../nios2-elf/lib\libm.a(lib_a-s_matherr.o)
 .debug_pubnames
                0x000002cf       0x1a c:/altera/11.0sp1/nios2eds/bin/gnu/h-i686-mingw32/bin/../lib/gcc/nios2-elf/4.1.2/../../../../nios2-elf/lib\libm.a(lib_a-s_nan.o)
 .debug_pubnames
                0x000002e9       0x1b c:/altera/11.0sp1/nios2eds/bin/gnu/h-i686-mingw32/bin/../lib/gcc/nios2-elf/4.1.2/../../../../nios2-elf/lib\libm.a(lib_a-s_rint.o)
 .debug_pubnames
                0x00000304       0x1d c:/altera/11.0sp1/nios2eds/bin/gnu/h-i686-mingw32/bin/../lib/gcc/nios2-elf/4.1.2/../../../../nios2-elf/lib\libm.a(lib_a-s_scalbn.o)
 .debug_pubnames
                0x00000321       0x1f c:/altera/11.0sp1/nios2eds/bin/gnu/h-i686-mingw32/bin/../lib/gcc/nios2-elf/4.1.2/../../../../nios2-elf/lib\libm.a(lib_a-s_copysign.o)
 .debug_pubnames
                0x00000340       0x2c c:/altera/11.0sp1/nios2eds/bin/gnu/h-i686-mingw32/bin/../lib/gcc/nios2-elf/4.1.2\libgcc.a(_addsub_df.o)
 .debug_pubnames
                0x0000036c       0x1f c:/altera/11.0sp1/nios2eds/bin/gnu/h-i686-mingw32/bin/../lib/gcc/nios2-elf/4.1.2\libgcc.a(_mul_df.o)
 .debug_pubnames
                0x0000038b       0x1f c:/altera/11.0sp1/nios2eds/bin/gnu/h-i686-mingw32/bin/../lib/gcc/nios2-elf/4.1.2\libgcc.a(_div_df.o)
 .debug_pubnames
                0x000003aa       0x1e c:/altera/11.0sp1/nios2eds/bin/gnu/h-i686-mingw32/bin/../lib/gcc/nios2-elf/4.1.2\libgcc.a(_eq_df.o)
 .debug_pubnames
                0x000003c8       0x1e c:/altera/11.0sp1/nios2eds/bin/gnu/h-i686-mingw32/bin/../lib/gcc/nios2-elf/4.1.2\libgcc.a(_ne_df.o)
 .debug_pubnames
                0x000003e6       0x1e c:/altera/11.0sp1/nios2eds/bin/gnu/h-i686-mingw32/bin/../lib/gcc/nios2-elf/4.1.2\libgcc.a(_gt_df.o)
 .debug_pubnames
                0x00000404       0x1e c:/altera/11.0sp1/nios2eds/bin/gnu/h-i686-mingw32/bin/../lib/gcc/nios2-elf/4.1.2\libgcc.a(_lt_df.o)
 .debug_pubnames
                0x00000422       0x1e c:/altera/11.0sp1/nios2eds/bin/gnu/h-i686-mingw32/bin/../lib/gcc/nios2-elf/4.1.2\libgcc.a(_le_df.o)
 .debug_pubnames
                0x00000440       0x22 c:/altera/11.0sp1/nios2eds/bin/gnu/h-i686-mingw32/bin/../lib/gcc/nios2-elf/4.1.2\libgcc.a(_si_to_df.o)
 .debug_pubnames
                0x00000462       0x20 c:/altera/11.0sp1/nios2eds/bin/gnu/h-i686-mingw32/bin/../lib/gcc/nios2-elf/4.1.2\libgcc.a(_df_to_si.o)
 .debug_pubnames
                0x00000482       0x22 c:/altera/11.0sp1/nios2eds/bin/gnu/h-i686-mingw32/bin/../lib/gcc/nios2-elf/4.1.2\libgcc.a(_thenan_df.o)
 .debug_pubnames
                0x000004a4       0x24 c:/altera/11.0sp1/nios2eds/bin/gnu/h-i686-mingw32/bin/../lib/gcc/nios2-elf/4.1.2\libgcc.a(_usi_to_df.o)
 .debug_pubnames
                0x000004c8       0x48 c:/altera/11.0sp1/nios2eds/bin/gnu/h-i686-mingw32/bin/../lib/gcc/nios2-elf/4.1.2\libgcc.a(lib2-divmod.o)
 .debug_pubnames
                0x00000510       0x1f c:/altera/11.0sp1/nios2eds/bin/gnu/h-i686-mingw32/bin/../lib/gcc/nios2-elf/4.1.2\libgcc.a(_muldi3.o)
 .debug_pubnames
                0x0000052f       0x1f c:/altera/11.0sp1/nios2eds/bin/gnu/h-i686-mingw32/bin/../lib/gcc/nios2-elf/4.1.2\libgcc.a(_clzsi2.o)
 .debug_pubnames
                0x0000054e       0x1f c:/altera/11.0sp1/nios2eds/bin/gnu/h-i686-mingw32/bin/../lib/gcc/nios2-elf/4.1.2\libgcc.a(_pack_df.o)
 .debug_pubnames
                0x0000056d       0x21 c:/altera/11.0sp1/nios2eds/bin/gnu/h-i686-mingw32/bin/../lib/gcc/nios2-elf/4.1.2\libgcc.a(_unpack_df.o)
 .debug_pubnames
                0x0000058e       0x26 c:/altera/11.0sp1/nios2eds/bin/gnu/h-i686-mingw32/bin/../lib/gcc/nios2-elf/4.1.2\libgcc.a(_fpcmp_parts_df.o)
 .debug_pubnames
                0x000005b4       0x20 c:/altera/11.0sp1/nios2eds/bin/gnu/h-i686-mingw32/bin/../lib/gcc/nios2-elf/4.1.2\libgcc.a(_clz.o)
 .debug_pubnames
                0x000005d4       0x1e c:/altera/11.0sp1/nios2eds/bin/gnu/h-i686-mingw32/bin/../lib/gcc/nios2-elf/4.1.2/../../../../nios2-elf/lib\libc.a(lib_a-errno.o)
 .debug_pubnames
                0x000005f2       0x39 c:/altera/11.0sp1/nios2eds/bin/gnu/h-i686-mingw32/bin/../lib/gcc/nios2-elf/4.1.2/../../../../nios2-elf/lib\libc.a(lib_a-impure.o)
 .debug_pubnames
                0x0000062b       0x46 ../J1_bsp/\libhal_bsp.a(alt_main.o)
 .debug_pubnames
                0x00000671       0x34 ../J1_bsp/\libhal_bsp.a(alt_sys_init.o)
 .debug_pubnames
                0x000006a5       0xb5 ../J1_bsp/\libhal_bsp.a(altera_avalon_epcs_flash_controller.o)
 .debug_pubnames
                0x0000075a       0xa5 ../J1_bsp/\libhal_bsp.a(altera_avalon_jtag_uart_fd.o)
 .debug_pubnames
                0x000007ff       0x55 ../J1_bsp/\libhal_bsp.a(altera_avalon_jtag_uart_init.o)
 .debug_pubnames
                0x00000854       0x34 ../J1_bsp/\libhal_bsp.a(altera_avalon_jtag_uart_ioctl.o)
 .debug_pubnames
                0x00000888       0x33 ../J1_bsp/\libhal_bsp.a(altera_avalon_jtag_uart_read.o)
 .debug_pubnames
                0x000008bb       0x34 ../J1_bsp/\libhal_bsp.a(altera_avalon_jtag_uart_write.o)
 .debug_pubnames
                0x000008ef       0x2f ../J1_bsp/\libhal_bsp.a(altera_avalon_timer_sc.o)
 .debug_pubnames
                0x0000091e       0x71 ../J1_bsp/\libhal_bsp.a(altera_avalon_uart_fd.o)
 .debug_pubnames
                0x0000098f       0x4b ../J1_bsp/\libhal_bsp.a(altera_avalon_uart_init.o)
 .debug_pubnames
                0x000009da       0x2e ../J1_bsp/\libhal_bsp.a(altera_avalon_uart_read.o)
 .debug_pubnames
                0x00000a08       0x2f ../J1_bsp/\libhal_bsp.a(altera_avalon_uart_write.o)
 .debug_pubnames
                0x00000a37       0x3c ../J1_bsp/\libhal_bsp.a(altera_vic_irq_init.o)
 .debug_pubnames
                0x00000a73       0x2a ../J1_bsp/\libhal_bsp.a(altera_vic_isr_register.o)
 .debug_pubnames
                0x00000a9d       0xe1 ../J1_bsp/\libhal_bsp.a(epcs_commands.o)
 .debug_pubnames
                0x00000b7e       0x26 ../J1_bsp/\libhal_bsp.a(alt_alarm_start.o)
 .debug_pubnames
                0x00000ba4       0x1c ../J1_bsp/\libhal_bsp.a(alt_close.o)
 .debug_pubnames
                0x00000bc0       0x63 ../J1_bsp/\libhal_bsp.a(alt_dev.o)
 .debug_pubnames
                0x00000c23       0x2b ../J1_bsp/\libhal_bsp.a(alt_dev_llist_insert.o)
 .debug_pubnames
                0x00000c4e       0x20 ../J1_bsp/\libhal_bsp.a(alt_do_ctors.o)
 .debug_pubnames
                0x00000c6e       0x20 ../J1_bsp/\libhal_bsp.a(alt_do_dtors.o)
 .debug_pubnames
                0x00000c8e       0x20 ../J1_bsp/\libhal_bsp.a(alt_errno.o)
 .debug_pubnames
                0x00000cae       0x58 ../J1_bsp/\libhal_bsp.a(alt_flash_dev.o)
 .debug_pubnames
                0x00000d06       0x26 ../J1_bsp/\libhal_bsp.a(alt_io_redirect.o)
 .debug_pubnames
                0x00000d2c       0x1b ../J1_bsp/\libhal_bsp.a(alt_open.o)
 .debug_pubnames
                0x00000d47       0x25 ../J1_bsp/\libhal_bsp.a(alt_release_fd.o)
 .debug_pubnames
                0x00000d6c       0x68 ../J1_bsp/\libhal_bsp.a(alt_tick.o)
 .debug_pubnames
                0x00000dd4       0x2d ../J1_bsp/\libhal_bsp.a(altera_avalon_spi.o)
 .debug_pubnames
                0x00000e01       0x23 ../J1_bsp/\libhal_bsp.a(alt_find_dev.o)
 .debug_pubnames
                0x00000e24       0x24 ../J1_bsp/\libhal_bsp.a(alt_find_file.o)
 .debug_pubnames
                0x00000e48       0x21 ../J1_bsp/\libhal_bsp.a(alt_get_fd.o)
 .debug_pubnames
                0x00000e69       0x2a c:/altera/11.0sp1/nios2eds/bin/gnu/h-i686-mingw32/bin/../lib/gcc/nios2-elf/4.1.2/../../../../nios2-elf/lib\libc.a(lib_a-atexit.o)
 .debug_pubnames
                0x00000e93       0x1b c:/altera/11.0sp1/nios2eds/bin/gnu/h-i686-mingw32/bin/../lib/gcc/nios2-elf/4.1.2/../../../../nios2-elf/lib\libc.a(lib_a-exit.o)
 .debug_pubnames
                0x00000eae       0x1c c:/altera/11.0sp1/nios2eds/bin/gnu/h-i686-mingw32/bin/../lib/gcc/nios2-elf/4.1.2/../../../../nios2-elf/lib\libc.a(lib_a-int_errno.o)
 .debug_pubnames
                0x00000eca       0x1d c:/altera/11.0sp1/nios2eds/bin/gnu/h-i686-mingw32/bin/../lib/gcc/nios2-elf/4.1.2/../../../../nios2-elf/lib\libc.a(lib_a-memcmp.o)
 .debug_pubnames
                0x00000ee7       0x1d c:/altera/11.0sp1/nios2eds/bin/gnu/h-i686-mingw32/bin/../lib/gcc/nios2-elf/4.1.2/../../../../nios2-elf/lib\libc.a(lib_a-memcpy.o)
 .debug_pubnames
                0x00000f04       0x1d c:/altera/11.0sp1/nios2eds/bin/gnu/h-i686-mingw32/bin/../lib/gcc/nios2-elf/4.1.2/../../../../nios2-elf/lib\libc.a(lib_a-strlen.o)
 .debug_pubnames
                0x00000f21       0x2a c:/altera/11.0sp1/nios2eds/bin/gnu/h-i686-mingw32/bin/../lib/gcc/nios2-elf/4.1.2/../../../../nios2-elf/lib\libc.a(lib_a-__atexit.o)
 .debug_pubnames
                0x00000f4b       0x27 c:/altera/11.0sp1/nios2eds/bin/gnu/h-i686-mingw32/bin/../lib/gcc/nios2-elf/4.1.2/../../../../nios2-elf/lib\libc.a(lib_a-__call_atexit.o)
 .debug_pubnames
                0x00000f72       0x1c ../J1_bsp/\libhal_bsp.a(alt_exit.o)

.debug_info     0x00000000    0x138a7
 *(.debug_info .gnu.linkonce.wi.*)
 .debug_info    0x00000000       0x7f ../J1_bsp//obj/HAL/src/crt0.o
 .debug_info    0x0000007f      0x4cf obj/data.o
 .debug_info    0x0000054e      0x891 obj/main.o
 .debug_info    0x00000ddf      0x6f9 obj/print_functions.o
 .debug_info    0x000014d8      0x4ca obj/print_screens.o
 .debug_info    0x000019a2      0x604 obj/process_entry.o
 .debug_info    0x00001fa6      0x1cc c:/altera/11.0sp1/nios2eds/bin/gnu/h-i686-mingw32/bin/../lib/gcc/nios2-elf/4.1.2/../../../../nios2-elf/lib\libm.a(lib_a-w_pow.o)
 .debug_info    0x00002172      0x726 c:/altera/11.0sp1/nios2eds/bin/gnu/h-i686-mingw32/bin/../lib/gcc/nios2-elf/4.1.2/../../../../nios2-elf/lib\libm.a(lib_a-e_pow.o)
 .debug_info    0x00002898      0x23a c:/altera/11.0sp1/nios2eds/bin/gnu/h-i686-mingw32/bin/../lib/gcc/nios2-elf/4.1.2/../../../../nios2-elf/lib\libm.a(lib_a-e_sqrt.o)
 .debug_info    0x00002ad2      0x13b c:/altera/11.0sp1/nios2eds/bin/gnu/h-i686-mingw32/bin/../lib/gcc/nios2-elf/4.1.2/../../../../nios2-elf/lib\libm.a(lib_a-s_fabs.o)
 .debug_info    0x00002c0d      0x149 c:/altera/11.0sp1/nios2eds/bin/gnu/h-i686-mingw32/bin/../lib/gcc/nios2-elf/4.1.2/../../../../nios2-elf/lib\libm.a(lib_a-s_finite.o)
 .debug_info    0x00002d56       0xd5 c:/altera/11.0sp1/nios2eds/bin/gnu/h-i686-mingw32/bin/../lib/gcc/nios2-elf/4.1.2/../../../../nios2-elf/lib\libm.a(lib_a-s_isnand.o)
 .debug_info    0x00002e2b       0xc7 c:/altera/11.0sp1/nios2eds/bin/gnu/h-i686-mingw32/bin/../lib/gcc/nios2-elf/4.1.2/../../../../nios2-elf/lib\libm.a(lib_a-s_lib_ver.o)
 .debug_info    0x00002ef2      0x133 c:/altera/11.0sp1/nios2eds/bin/gnu/h-i686-mingw32/bin/../lib/gcc/nios2-elf/4.1.2/../../../../nios2-elf/lib\libm.a(lib_a-s_matherr.o)
 .debug_info    0x00003025      0x145 c:/altera/11.0sp1/nios2eds/bin/gnu/h-i686-mingw32/bin/../lib/gcc/nios2-elf/4.1.2/../../../../nios2-elf/lib\libm.a(lib_a-s_nan.o)
 .debug_info    0x0000316a      0x208 c:/altera/11.0sp1/nios2eds/bin/gnu/h-i686-mingw32/bin/../lib/gcc/nios2-elf/4.1.2/../../../../nios2-elf/lib\libm.a(lib_a-s_rint.o)
 .debug_info    0x00003372      0x225 c:/altera/11.0sp1/nios2eds/bin/gnu/h-i686-mingw32/bin/../lib/gcc/nios2-elf/4.1.2/../../../../nios2-elf/lib\libm.a(lib_a-s_scalbn.o)
 .debug_info    0x00003597      0x154 c:/altera/11.0sp1/nios2eds/bin/gnu/h-i686-mingw32/bin/../lib/gcc/nios2-elf/4.1.2/../../../../nios2-elf/lib\libm.a(lib_a-s_copysign.o)
 .debug_info    0x000036eb      0x493 c:/altera/11.0sp1/nios2eds/bin/gnu/h-i686-mingw32/bin/../lib/gcc/nios2-elf/4.1.2\libgcc.a(_addsub_df.o)
 .debug_info    0x00003b7e      0x488 c:/altera/11.0sp1/nios2eds/bin/gnu/h-i686-mingw32/bin/../lib/gcc/nios2-elf/4.1.2\libgcc.a(_mul_df.o)
 .debug_info    0x00004006      0x39b c:/altera/11.0sp1/nios2eds/bin/gnu/h-i686-mingw32/bin/../lib/gcc/nios2-elf/4.1.2\libgcc.a(_div_df.o)
 .debug_info    0x000043a1      0x29d c:/altera/11.0sp1/nios2eds/bin/gnu/h-i686-mingw32/bin/../lib/gcc/nios2-elf/4.1.2\libgcc.a(_eq_df.o)
 .debug_info    0x0000463e      0x29d c:/altera/11.0sp1/nios2eds/bin/gnu/h-i686-mingw32/bin/../lib/gcc/nios2-elf/4.1.2\libgcc.a(_ne_df.o)
 .debug_info    0x000048db      0x29d c:/altera/11.0sp1/nios2eds/bin/gnu/h-i686-mingw32/bin/../lib/gcc/nios2-elf/4.1.2\libgcc.a(_gt_df.o)
 .debug_info    0x00004b78      0x29d c:/altera/11.0sp1/nios2eds/bin/gnu/h-i686-mingw32/bin/../lib/gcc/nios2-elf/4.1.2\libgcc.a(_lt_df.o)
 .debug_info    0x00004e15      0x29d c:/altera/11.0sp1/nios2eds/bin/gnu/h-i686-mingw32/bin/../lib/gcc/nios2-elf/4.1.2\libgcc.a(_le_df.o)
 .debug_info    0x000050b2      0x218 c:/altera/11.0sp1/nios2eds/bin/gnu/h-i686-mingw32/bin/../lib/gcc/nios2-elf/4.1.2\libgcc.a(_si_to_df.o)
 .debug_info    0x000052ca      0x2cd c:/altera/11.0sp1/nios2eds/bin/gnu/h-i686-mingw32/bin/../lib/gcc/nios2-elf/4.1.2\libgcc.a(_df_to_si.o)
 .debug_info    0x00005597      0x164 c:/altera/11.0sp1/nios2eds/bin/gnu/h-i686-mingw32/bin/../lib/gcc/nios2-elf/4.1.2\libgcc.a(_thenan_df.o)
 .debug_info    0x000056fb      0x213 c:/altera/11.0sp1/nios2eds/bin/gnu/h-i686-mingw32/bin/../lib/gcc/nios2-elf/4.1.2\libgcc.a(_usi_to_df.o)
 .debug_info    0x0000590e      0x21c c:/altera/11.0sp1/nios2eds/bin/gnu/h-i686-mingw32/bin/../lib/gcc/nios2-elf/4.1.2\libgcc.a(lib2-divmod.o)
 .debug_info    0x00005b2a      0x215 c:/altera/11.0sp1/nios2eds/bin/gnu/h-i686-mingw32/bin/../lib/gcc/nios2-elf/4.1.2\libgcc.a(_muldi3.o)
 .debug_info    0x00005d3f      0x130 c:/altera/11.0sp1/nios2eds/bin/gnu/h-i686-mingw32/bin/../lib/gcc/nios2-elf/4.1.2\libgcc.a(_clzsi2.o)
 .debug_info    0x00005e6f      0x2fc c:/altera/11.0sp1/nios2eds/bin/gnu/h-i686-mingw32/bin/../lib/gcc/nios2-elf/4.1.2\libgcc.a(_pack_df.o)
 .debug_info    0x0000616b      0x268 c:/altera/11.0sp1/nios2eds/bin/gnu/h-i686-mingw32/bin/../lib/gcc/nios2-elf/4.1.2\libgcc.a(_unpack_df.o)
 .debug_info    0x000063d3      0x21b c:/altera/11.0sp1/nios2eds/bin/gnu/h-i686-mingw32/bin/../lib/gcc/nios2-elf/4.1.2\libgcc.a(_fpcmp_parts_df.o)
 .debug_info    0x000065ee       0xc9 c:/altera/11.0sp1/nios2eds/bin/gnu/h-i686-mingw32/bin/../lib/gcc/nios2-elf/4.1.2\libgcc.a(_clz.o)
 .debug_info    0x000066b7      0x92e c:/altera/11.0sp1/nios2eds/bin/gnu/h-i686-mingw32/bin/../lib/gcc/nios2-elf/4.1.2/../../../../nios2-elf/lib\libc.a(lib_a-errno.o)
 .debug_info    0x00006fe5      0x93d c:/altera/11.0sp1/nios2eds/bin/gnu/h-i686-mingw32/bin/../lib/gcc/nios2-elf/4.1.2/../../../../nios2-elf/lib\libc.a(lib_a-impure.o)
 .debug_info    0x00007922      0x225 ../J1_bsp/\libhal_bsp.a(alt_main.o)
 .debug_info    0x00007b47      0xd68 ../J1_bsp/\libhal_bsp.a(alt_sys_init.o)
 .debug_info    0x000088af      0xb84 ../J1_bsp/\libhal_bsp.a(altera_avalon_epcs_flash_controller.o)
 .debug_info    0x00009433      0x7d9 ../J1_bsp/\libhal_bsp.a(altera_avalon_jtag_uart_fd.o)
 .debug_info    0x00009c0c      0x601 ../J1_bsp/\libhal_bsp.a(altera_avalon_jtag_uart_init.o)
 .debug_info    0x0000a20d      0x443 ../J1_bsp/\libhal_bsp.a(altera_avalon_jtag_uart_ioctl.o)
 .debug_info    0x0000a650      0x567 ../J1_bsp/\libhal_bsp.a(altera_avalon_jtag_uart_read.o)
 .debug_info    0x0000abb7      0x55f ../J1_bsp/\libhal_bsp.a(altera_avalon_jtag_uart_write.o)
 .debug_info    0x0000b116      0x3ac ../J1_bsp/\libhal_bsp.a(altera_avalon_timer_sc.o)
 .debug_info    0x0000b4c2      0x63c ../J1_bsp/\libhal_bsp.a(altera_avalon_uart_fd.o)
 .debug_info    0x0000bafe      0x50e ../J1_bsp/\libhal_bsp.a(altera_avalon_uart_init.o)
 .debug_info    0x0000c00c      0x4fb ../J1_bsp/\libhal_bsp.a(altera_avalon_uart_read.o)
 .debug_info    0x0000c507      0x4f8 ../J1_bsp/\libhal_bsp.a(altera_avalon_uart_write.o)
 .debug_info    0x0000c9ff       0x96 ../J1_bsp/\libhal_bsp.a(altera_vic_0_vector_tbl.o)
 .debug_info    0x0000ca95       0x9f ../J1_bsp/\libhal_bsp.a(altera_vic_funnel_non_preemptive.o)
 .debug_info    0x0000cb34      0x2d3 ../J1_bsp/\libhal_bsp.a(altera_vic_irq_init.o)
 .debug_info    0x0000ce07      0x406 ../J1_bsp/\libhal_bsp.a(altera_vic_isr_register.o)
 .debug_info    0x0000d20d      0x528 ../J1_bsp/\libhal_bsp.a(epcs_commands.o)
 .debug_info    0x0000d735      0x463 ../J1_bsp/\libhal_bsp.a(alt_alarm_start.o)
 .debug_info    0x0000db98      0x467 ../J1_bsp/\libhal_bsp.a(alt_close.o)
 .debug_info    0x0000dfff      0x67f ../J1_bsp/\libhal_bsp.a(alt_dev.o)
 .debug_info    0x0000e67e      0x2b7 ../J1_bsp/\libhal_bsp.a(alt_dev_llist_insert.o)
 .debug_info    0x0000e935      0x10f ../J1_bsp/\libhal_bsp.a(alt_do_ctors.o)
 .debug_info    0x0000ea44      0x10e ../J1_bsp/\libhal_bsp.a(alt_do_dtors.o)
 .debug_info    0x0000eb52      0x164 ../J1_bsp/\libhal_bsp.a(alt_errno.o)
 .debug_info    0x0000ecb6      0x599 ../J1_bsp/\libhal_bsp.a(alt_flash_dev.o)
 .debug_info    0x0000f24f      0x695 ../J1_bsp/\libhal_bsp.a(alt_io_redirect.o)
 .debug_info    0x0000f8e4      0x525 ../J1_bsp/\libhal_bsp.a(alt_open.o)
 .debug_info    0x0000fe09      0x3f2 ../J1_bsp/\libhal_bsp.a(alt_release_fd.o)
 .debug_info    0x000101fb      0x41f ../J1_bsp/\libhal_bsp.a(alt_tick.o)
 .debug_info    0x0001061a      0x2a9 ../J1_bsp/\libhal_bsp.a(altera_avalon_spi.o)
 .debug_info    0x000108c3      0x418 ../J1_bsp/\libhal_bsp.a(alt_find_dev.o)
 .debug_info    0x00010cdb      0x41f ../J1_bsp/\libhal_bsp.a(alt_find_file.o)
 .debug_info    0x000110fa      0x460 ../J1_bsp/\libhal_bsp.a(alt_get_fd.o)
 .debug_info    0x0001155a      0x181 c:/altera/11.0sp1/nios2eds/bin/gnu/h-i686-mingw32/bin/../lib/gcc/nios2-elf/4.1.2/../../../../nios2-elf/lib\libc.a(lib_a-atexit.o)
 .debug_info    0x000116db      0x93f c:/altera/11.0sp1/nios2eds/bin/gnu/h-i686-mingw32/bin/../lib/gcc/nios2-elf/4.1.2/../../../../nios2-elf/lib\libc.a(lib_a-exit.o)
 .debug_info    0x0001201a       0x8c c:/altera/11.0sp1/nios2eds/bin/gnu/h-i686-mingw32/bin/../lib/gcc/nios2-elf/4.1.2/../../../../nios2-elf/lib\libc.a(lib_a-int_errno.o)
 .debug_info    0x000120a6      0x115 c:/altera/11.0sp1/nios2eds/bin/gnu/h-i686-mingw32/bin/../lib/gcc/nios2-elf/4.1.2/../../../../nios2-elf/lib\libc.a(lib_a-memcmp.o)
 .debug_info    0x000121bb      0x106 c:/altera/11.0sp1/nios2eds/bin/gnu/h-i686-mingw32/bin/../lib/gcc/nios2-elf/4.1.2/../../../../nios2-elf/lib\libc.a(lib_a-memcpy.o)
 .debug_info    0x000122c1       0xdb c:/altera/11.0sp1/nios2eds/bin/gnu/h-i686-mingw32/bin/../lib/gcc/nios2-elf/4.1.2/../../../../nios2-elf/lib\libc.a(lib_a-strlen.o)
 .debug_info    0x0001239c      0x99c c:/altera/11.0sp1/nios2eds/bin/gnu/h-i686-mingw32/bin/../lib/gcc/nios2-elf/4.1.2/../../../../nios2-elf/lib\libc.a(lib_a-__atexit.o)
 .debug_info    0x00012d38      0x9e2 c:/altera/11.0sp1/nios2eds/bin/gnu/h-i686-mingw32/bin/../lib/gcc/nios2-elf/4.1.2/../../../../nios2-elf/lib\libc.a(lib_a-__call_atexit.o)
 .debug_info    0x0001371a      0x18d ../J1_bsp/\libhal_bsp.a(alt_exit.o)

.debug_abbrev   0x00000000     0x53c3
 *(.debug_abbrev)
 .debug_abbrev  0x00000000       0x14 ../J1_bsp//obj/HAL/src/crt0.o
 .debug_abbrev  0x00000014       0xa0 obj/data.o
 .debug_abbrev  0x000000b4       0xf5 obj/main.o
 .debug_abbrev  0x000001a9       0xf9 obj/print_functions.o
 .debug_abbrev  0x000002a2       0xc0 obj/print_screens.o
 .debug_abbrev  0x00000362      0x14d obj/process_entry.o
 .debug_abbrev  0x000004af       0xf0 c:/altera/11.0sp1/nios2eds/bin/gnu/h-i686-mingw32/bin/../lib/gcc/nios2-elf/4.1.2/../../../../nios2-elf/lib\libm.a(lib_a-w_pow.o)
 .debug_abbrev  0x0000059f      0x14c c:/altera/11.0sp1/nios2eds/bin/gnu/h-i686-mingw32/bin/../lib/gcc/nios2-elf/4.1.2/../../../../nios2-elf/lib\libm.a(lib_a-e_pow.o)
 .debug_abbrev  0x000006eb      0x122 c:/altera/11.0sp1/nios2eds/bin/gnu/h-i686-mingw32/bin/../lib/gcc/nios2-elf/4.1.2/../../../../nios2-elf/lib\libm.a(lib_a-e_sqrt.o)
 .debug_abbrev  0x0000080d       0xc3 c:/altera/11.0sp1/nios2eds/bin/gnu/h-i686-mingw32/bin/../lib/gcc/nios2-elf/4.1.2/../../../../nios2-elf/lib\libm.a(lib_a-s_fabs.o)
 .debug_abbrev  0x000008d0       0xc5 c:/altera/11.0sp1/nios2eds/bin/gnu/h-i686-mingw32/bin/../lib/gcc/nios2-elf/4.1.2/../../../../nios2-elf/lib\libm.a(lib_a-s_finite.o)
 .debug_abbrev  0x00000995       0x79 c:/altera/11.0sp1/nios2eds/bin/gnu/h-i686-mingw32/bin/../lib/gcc/nios2-elf/4.1.2/../../../../nios2-elf/lib\libm.a(lib_a-s_isnand.o)
 .debug_abbrev  0x00000a0e       0x53 c:/altera/11.0sp1/nios2eds/bin/gnu/h-i686-mingw32/bin/../lib/gcc/nios2-elf/4.1.2/../../../../nios2-elf/lib\libm.a(lib_a-s_lib_ver.o)
 .debug_abbrev  0x00000a61       0x95 c:/altera/11.0sp1/nios2eds/bin/gnu/h-i686-mingw32/bin/../lib/gcc/nios2-elf/4.1.2/../../../../nios2-elf/lib\libm.a(lib_a-s_matherr.o)
 .debug_abbrev  0x00000af6       0xd5 c:/altera/11.0sp1/nios2eds/bin/gnu/h-i686-mingw32/bin/../lib/gcc/nios2-elf/4.1.2/../../../../nios2-elf/lib\libm.a(lib_a-s_nan.o)
 .debug_abbrev  0x00000bcb      0x11b c:/altera/11.0sp1/nios2eds/bin/gnu/h-i686-mingw32/bin/../lib/gcc/nios2-elf/4.1.2/../../../../nios2-elf/lib\libm.a(lib_a-s_rint.o)
 .debug_abbrev  0x00000ce6       0xf5 c:/altera/11.0sp1/nios2eds/bin/gnu/h-i686-mingw32/bin/../lib/gcc/nios2-elf/4.1.2/../../../../nios2-elf/lib\libm.a(lib_a-s_scalbn.o)
 .debug_abbrev  0x00000ddb       0xc3 c:/altera/11.0sp1/nios2eds/bin/gnu/h-i686-mingw32/bin/../lib/gcc/nios2-elf/4.1.2/../../../../nios2-elf/lib\libm.a(lib_a-s_copysign.o)
 .debug_abbrev  0x00000e9e      0x1d2 c:/altera/11.0sp1/nios2eds/bin/gnu/h-i686-mingw32/bin/../lib/gcc/nios2-elf/4.1.2\libgcc.a(_addsub_df.o)
 .debug_abbrev  0x00001070      0x204 c:/altera/11.0sp1/nios2eds/bin/gnu/h-i686-mingw32/bin/../lib/gcc/nios2-elf/4.1.2\libgcc.a(_mul_df.o)
 .debug_abbrev  0x00001274      0x1e3 c:/altera/11.0sp1/nios2eds/bin/gnu/h-i686-mingw32/bin/../lib/gcc/nios2-elf/4.1.2\libgcc.a(_div_df.o)
 .debug_abbrev  0x00001457      0x151 c:/altera/11.0sp1/nios2eds/bin/gnu/h-i686-mingw32/bin/../lib/gcc/nios2-elf/4.1.2\libgcc.a(_eq_df.o)
 .debug_abbrev  0x000015a8      0x151 c:/altera/11.0sp1/nios2eds/bin/gnu/h-i686-mingw32/bin/../lib/gcc/nios2-elf/4.1.2\libgcc.a(_ne_df.o)
 .debug_abbrev  0x000016f9      0x151 c:/altera/11.0sp1/nios2eds/bin/gnu/h-i686-mingw32/bin/../lib/gcc/nios2-elf/4.1.2\libgcc.a(_gt_df.o)
 .debug_abbrev  0x0000184a      0x151 c:/altera/11.0sp1/nios2eds/bin/gnu/h-i686-mingw32/bin/../lib/gcc/nios2-elf/4.1.2\libgcc.a(_lt_df.o)
 .debug_abbrev  0x0000199b      0x151 c:/altera/11.0sp1/nios2eds/bin/gnu/h-i686-mingw32/bin/../lib/gcc/nios2-elf/4.1.2\libgcc.a(_le_df.o)
 .debug_abbrev  0x00001aec      0x13f c:/altera/11.0sp1/nios2eds/bin/gnu/h-i686-mingw32/bin/../lib/gcc/nios2-elf/4.1.2\libgcc.a(_si_to_df.o)
 .debug_abbrev  0x00001c2b      0x176 c:/altera/11.0sp1/nios2eds/bin/gnu/h-i686-mingw32/bin/../lib/gcc/nios2-elf/4.1.2\libgcc.a(_df_to_si.o)
 .debug_abbrev  0x00001da1       0xba c:/altera/11.0sp1/nios2eds/bin/gnu/h-i686-mingw32/bin/../lib/gcc/nios2-elf/4.1.2\libgcc.a(_thenan_df.o)
 .debug_abbrev  0x00001e5b      0x155 c:/altera/11.0sp1/nios2eds/bin/gnu/h-i686-mingw32/bin/../lib/gcc/nios2-elf/4.1.2\libgcc.a(_usi_to_df.o)